Component: ARM Compiler 5.06 update 7 (build 960) Tool: armlink [4d3601]

==============================================================================

Section Cross References

    main.o(i.C1X2G_Chenck_Fun) refers to bsp_c1x2g.o(i.C1X2G_CHENCK) for C1X2G_CHENCK
    main.o(i.C1X2G_Chenck_Fun) refers to bsp_mxn.o(.data) for Switch
    main.o(i.C1X2G_StateSwitch) refers to bsp_c1x2g.o(i.Latch_C1X2_StateA) for Latch_C1X2_StateA
    main.o(i.C1X2G_StateSwitch) refers to bsp_c1x2g.o(i.Latch_C1X2_StateB) for Latch_C1X2_StateB
    main.o(i.C1X2G_StateSwitch) refers to printf3.o(i.__0printf$3) for __2printf
    main.o(i.bsp_Init) refers to ad517x_lib.o(i.ad5175_Init) for ad5175_Init
    main.o(i.bsp_Init) refers to bsp_nxp9698.o(i.nxp_Init) for nxp_Init
    main.o(i.bsp_Init) refers to adc.o(i.Adc_Init) for Adc_Init
    main.o(i.bsp_Init) refers to bsp_mxn.o(i.M1X1_GPIO_Init) for M1X1_GPIO_Init
    main.o(i.bsp_Init) refers to bsp_c1x2g.o(i.C1X2G_GPIO_Init) for C1X2G_GPIO_Init
    main.o(i.bsp_Init) refers to bsp_d2x2b.o(i.D2X2B_GPIO_Init) for D2X2B_GPIO_Init
    main.o(i.bsp_Init) refers to bsp_m1x4.o(i.M1X4_GPIO_Init) for M1X4_GPIO_Init
    main.o(i.bsp_Init) refers to bsp_s1x4.o(i.S1X4_GPIO_Init) for S1X4_GPIO_Init
    main.o(i.bsp_Init) refers to i2c_device.o(i.Bsp_I2c_Init) for Bsp_I2c_Init
    main.o(i.main) refers to stm32f4xx_hal.o(i.HAL_Init) for HAL_Init
    main.o(i.main) refers to sys.o(i.Stm32_Clock_Init) for Stm32_Clock_Init
    main.o(i.main) refers to delay.o(i.delay_init) for delay_init
    main.o(i.main) refers to usart.o(i.uart_init) for uart_init
    main.o(i.main) refers to main.o(i.bsp_Init) for bsp_Init
    main.o(i.main) refers to memcpya.o(.text) for __aeabi_memcpy4
    main.o(i.main) refers to uart_cmd.o(i.Logic_CmdFun) for Logic_CmdFun
    main.o(i.main) refers to stm32f4xx_hal_i2c.o(i.HAL_I2C_IsDeviceReady) for HAL_I2C_IsDeviceReady
    main.o(i.main) refers to printf3.o(i.__0printf$3) for __2printf
    main.o(i.main) refers to bsp_nxp9698.o(i.WireMoreByteToReg) for WireMoreByteToReg
    main.o(i.main) refers to uart_cmd.o(i.CmdTable_Traversal) for CmdTable_Traversal
    main.o(i.main) refers to main.o(.constdata) for .constdata
    main.o(i.main) refers to i2c_device.o(.bss) for hi2c
    main.o(i.main) refers to usart.o(.data) for Cmd_flag
    main.o(i.main) refers to usart.o(.bss) for CmdBuffer
    main.o(.constdata) refers to main.o(i.C1X2G_Chenck_Fun) for C1X2G_Chenck_Fun
    main.o(.constdata) refers to main.o(i.C1X2G_StateSwitch) for C1X2G_StateSwitch
    stm32f4xx_it.o(i.SysTick_Handler) refers to stm32f4xx_hal.o(i.HAL_IncTick) for HAL_IncTick
    system_stm32f4xx.o(i.SystemCoreClockUpdate) refers to system_stm32f4xx.o(.data) for SystemCoreClock
    system_stm32f4xx.o(i.SystemCoreClockUpdate) refers to system_stm32f4xx.o(.constdata) for AHBPrescTable
    stm32f4xx_ll_sdmmc.o(i.SDMMC_CmdAppCommand) refers to stm32f4xx_ll_sdmmc.o(i.SDIO_SendCommand) for SDIO_SendCommand
    stm32f4xx_ll_sdmmc.o(i.SDMMC_CmdAppCommand) refers to stm32f4xx_ll_sdmmc.o(i.SDMMC_GetCmdResp1) for SDMMC_GetCmdResp1
    stm32f4xx_ll_sdmmc.o(i.SDMMC_CmdAppOperCommand) refers to stm32f4xx_ll_sdmmc.o(i.SDIO_SendCommand) for SDIO_SendCommand
    stm32f4xx_ll_sdmmc.o(i.SDMMC_CmdAppOperCommand) refers to stm32f4xx_ll_sdmmc.o(i.SDMMC_GetCmdResp3) for SDMMC_GetCmdResp3
    stm32f4xx_ll_sdmmc.o(i.SDMMC_CmdBlockLength) refers to stm32f4xx_ll_sdmmc.o(i.SDIO_SendCommand) for SDIO_SendCommand
    stm32f4xx_ll_sdmmc.o(i.SDMMC_CmdBlockLength) refers to stm32f4xx_ll_sdmmc.o(i.SDMMC_GetCmdResp1) for SDMMC_GetCmdResp1
    stm32f4xx_ll_sdmmc.o(i.SDMMC_CmdBusWidth) refers to stm32f4xx_ll_sdmmc.o(i.SDIO_SendCommand) for SDIO_SendCommand
    stm32f4xx_ll_sdmmc.o(i.SDMMC_CmdBusWidth) refers to stm32f4xx_ll_sdmmc.o(i.SDMMC_GetCmdResp1) for SDMMC_GetCmdResp1
    stm32f4xx_ll_sdmmc.o(i.SDMMC_CmdErase) refers to stm32f4xx_ll_sdmmc.o(i.SDIO_SendCommand) for SDIO_SendCommand
    stm32f4xx_ll_sdmmc.o(i.SDMMC_CmdErase) refers to stm32f4xx_ll_sdmmc.o(i.SDMMC_GetCmdResp1) for SDMMC_GetCmdResp1
    stm32f4xx_ll_sdmmc.o(i.SDMMC_CmdEraseEndAdd) refers to stm32f4xx_ll_sdmmc.o(i.SDIO_SendCommand) for SDIO_SendCommand
    stm32f4xx_ll_sdmmc.o(i.SDMMC_CmdEraseEndAdd) refers to stm32f4xx_ll_sdmmc.o(i.SDMMC_GetCmdResp1) for SDMMC_GetCmdResp1
    stm32f4xx_ll_sdmmc.o(i.SDMMC_CmdEraseStartAdd) refers to stm32f4xx_ll_sdmmc.o(i.SDIO_SendCommand) for SDIO_SendCommand
    stm32f4xx_ll_sdmmc.o(i.SDMMC_CmdEraseStartAdd) refers to stm32f4xx_ll_sdmmc.o(i.SDMMC_GetCmdResp1) for SDMMC_GetCmdResp1
    stm32f4xx_ll_sdmmc.o(i.SDMMC_CmdGoIdleState) refers to stm32f4xx_ll_sdmmc.o(i.SDIO_SendCommand) for SDIO_SendCommand
    stm32f4xx_ll_sdmmc.o(i.SDMMC_CmdGoIdleState) refers to stm32f4xx_ll_sdmmc.o(i.SDMMC_GetCmdError) for SDMMC_GetCmdError
    stm32f4xx_ll_sdmmc.o(i.SDMMC_CmdOpCondition) refers to stm32f4xx_ll_sdmmc.o(i.SDIO_SendCommand) for SDIO_SendCommand
[...]
    Removing bsp_i2c.o(i.i2c_read_byte), (84 bytes).
    Removing bsp_i2c.o(i.i2c_rest), (76 bytes).
    Removing bsp_i2c.o(i.i2c_start), (76 bytes).
    Removing bsp_i2c.o(i.i2c_stop), (56 bytes).
    Removing bsp_i2c.o(i.i2c_wait_ask), (84 bytes).
    Removing bsp_i2c.o(i.i2c_write_byte), (124 bytes).
    Removing ad517x_lib.o(.rev16_text), (4 bytes).
    Removing ad517x_lib.o(.revsh_text), (4 bytes).
    Removing ad517x_lib.o(.rrx_text), (6 bytes).
    Removing ad517x_lib.o(i.AD517x_Receive), (84 bytes).
    Removing ad517x_lib.o(i.AD517x_Ttansmit), (120 bytes).
    Removing ad517x_lib.o(i.AD517x_delay), (12 bytes).
    Removing ad517x_lib.o(i.AD527xInitialization), (112 bytes).
    Removing ad517x_lib.o(i.AD527xReadRegister), (58 bytes).
    Removing ad517x_lib.o(i.AD527xSoftwareReset), (24 bytes).
    Removing ad517x_lib.o(i.AD527xWriteRegister), (36 bytes).
    Removing ad517x_lib.o(i.ReadControlRegister), (18 bytes).
    Removing ad517x_lib.o(i.ReadGivenAddressValue), (20 bytes).
    Removing ad517x_lib.o(i.ReadLast50TPAddress), (18 bytes).
    Removing ad517x_lib.o(i.ReadRDACFromAd527x), (32 bytes).
    Removing ad517x_lib.o(i.SetControlRegister), (30 bytes).
    Removing ad517x_lib.o(i.SetRDACForAd527x), (98 bytes).
    Removing ad517x_lib.o(i.SetSoftShutMode), (18 bytes).
    Removing ad517x_lib.o(i.StoreRDACTo50TP), (42 bytes).
    Removing ad517x_lib.o(i.ad5175_Crtl_Init), (60 bytes).
    Removing bsp_nxp9698.o(.rev16_text), (4 bytes).
    Removing bsp_nxp9698.o(.revsh_text), (4 bytes).
    Removing bsp_nxp9698.o(.rrx_text), (6 bytes).
    Removing bsp_nxp9698.o(i.PCA_AllBANK_Ctrl), (28 bytes).
    Removing bsp_nxp9698.o(i.PCA_GPIO_DirConfig), (76 bytes).
    Removing bsp_nxp9698.o(i.PCA_GPIO_PinModeCtrl), (42 bytes).
    Removing bsp_nxp9698.o(i.PCA_GPIO_Pin_Mask), (76 bytes).
    Removing bsp_nxp9698.o(i.PCA_GPIO_Pin_Toggle), (54 bytes).
    Removing bsp_nxp9698.o(i.PCA_GPIO_ReadPin), (34 bytes).
    Removing bsp_nxp9698.o(i.PCA_GPIO_WritePin), (76 bytes).
    Removing bsp_nxp9698.o(i.PCA_MODE_Config), (22 bytes).
    Removing bsp_nxp9698.o(i.ReadDeviceID), (156 bytes).
    Removing bsp_nxp9698.o(i.ReadMoreByteForReg), (44 bytes).
    Removing bsp_nxp9698.o(i.WireByteToReg), (40 bytes).
    Removing i2c_device.o(.rev16_text), (4 bytes).
    Removing i2c_device.o(.revsh_text), (4 bytes).
    Removing i2c_device.o(.rrx_text), (6 bytes).
    Removing uart_cmd.o(.rev16_text), (4 bytes).
    Removing uart_cmd.o(.revsh_text), (4 bytes).
    Removing uart_cmd.o(.rrx_text), (6 bytes).
    Removing uart_cmd.o(i.strToInt), (54 bytes).
    Removing bsp_mxn.o(.rev16_text), (4 bytes).
    Removing bsp_mxn.o(.revsh_text), (4 bytes).
    Removing bsp_mxn.o(.rrx_text), (6 bytes).
    Removing bsp_mxn.o(i.M1X1_CHENCK), (236 bytes).
    Removing bsp_mxn.o(i.M1X1_StateA), (96 bytes).
    Removing bsp_mxn.o(i.M1X1_StateB), (96 bytes).
    Removing bsp_c1x2g.o(.rev16_text), (4 bytes).
    Removing bsp_c1x2g.o(.revsh_text), (4 bytes).
    Removing bsp_c1x2g.o(.rrx_text), (6 bytes).
    Removing bsp_c1x2g.o(i.NonLatch_C1X2_StateA), (112 bytes).
    Removing bsp_c1x2g.o(i.NonLatch_C1X2_StateB), (116 bytes).
    Removing bsp_d2x2b.o(.rev16_text), (4 bytes).
    Removing bsp_d2x2b.o(.revsh_text), (4 bytes).
    Removing bsp_d2x2b.o(.rrx_text), (6 bytes).
    Removing bsp_d2x2b.o(i.D2X2B_CHENCK), (264 bytes).
    Removing bsp_d2x2b.o(i.D2X2B_State_Bar), (44 bytes).
    Removing bsp_d2x2b.o(i.D2X2B_State_Cross), (44 bytes).
    Removing bsp_m1x4.o(.rev16_text), (4 bytes).
    Removing bsp_m1x4.o(.revsh_text), (4 bytes).
    Removing bsp_m1x4.o(.rrx_text), (6 bytes).
    Removing bsp_m1x4.o(i.M1X4_CHENCK), (612 bytes).
    Removing bsp_m1x4.o(i.M1X4_State_A), (156 bytes).
    Removing bsp_m1x4.o(i.M1X4_State_B), (156 bytes).
    Removing bsp_m1x4.o(i.M1X4_State_C), (156 bytes).
    Removing bsp_m1x4.o(i.M1X4_State_D), (156 bytes).
    Removing bsp_m1x4.o(i.NonLatching_M1X4State_A), (160 bytes).
    Removing bsp_m1x4.o(i.NonLatching_M1X4State_B), (160 bytes).
    Removing bsp_m1x4.o(i.NonLatching_M1X4State_C), (160 bytes).
    Removing bsp_m1x4.o(i.NonLatching_M1X4State_D), (156 bytes).
    Removing bsp_s1x4.o(.rev16_text), (4 bytes).
    Removing bsp_s1x4.o(.revsh_text), (4 bytes).
    Removing bsp_s1x4.o(.rrx_text), (6 bytes).
    Removing bsp_s1x4.o(i.Latch_S1X4_CHENCK), (776 bytes).
    Removing bsp_s1x4.o(i.Latch_S1X4_COMP1), (184 bytes).
    Removing bsp_s1x4.o(i.Latch_S1X4_COMP2), (184 bytes).
    Removing bsp_s1x4.o(i.Latch_S1X4_COMP3), (188 bytes).
    Removing bsp_s1x4.o(i.Latch_S1X4_COMP4), (188 bytes).
    Removing bsp_s1x4.o(i.NonLatch_S1X4_CHENCK), (772 bytes).
    Removing bsp_s1x4.o(i.NonLatch_S1X4_COMP1), (212 bytes).
    Removing bsp_s1x4.o(i.NonLatch_S1X4_COMP2), (212 bytes).
    Removing bsp_s1x4.o(i.NonLatch_S1X4_COMP3), (212 bytes).
    Removing bsp_s1x4.o(i.NonLatch_S1X4_COMP4), (212 bytes).
    Removing bsp_s1x8.o(.rev16_text), (4 bytes).
    Removing bsp_s1x8.o(.revsh_text), (4 bytes).
    Removing bsp_s1x8.o(.rrx_text), (6 bytes).
    Removing bsp_s1x8.o(i.Latch_S1X8_CHENCH), (116 bytes).
    Removing bsp_s1x8.o(i.Latch_S1X8_COM_P1), (280 bytes).
    Removing bsp_s1x8.o(i.Latch_S1X8_COM_P2), (280 bytes).
    Removing bsp_s1x8.o(i.Latch_S1X8_COM_P3), (280 bytes).
    Removing bsp_s1x8.o(i.Latch_S1X8_COM_P4), (284 bytes).
    Removing bsp_s1x8.o(i.Latch_S1X8_COM_P5), (280 bytes).
    Removing bsp_s1x8.o(i.Latch_S1X8_COM_P6), (280 bytes).
    Removing bsp_s1x8.o(i.Latch_S1X8_COM_P7), (280 bytes).
    Removing bsp_s1x8.o(i.Latch_S1X8_COM_P8), (284 bytes).
    Removing bsp_s1x8.o(i.NonLatch_S1X8_COM_P1), (192 bytes).
    Removing bsp_s1x8.o(i.NonLatch_S1X8_COM_P2), (284 bytes).
    Removing bsp_s1x8.o(i.NonLatch_S1X8_COM_P3), (188 bytes).
    Removing bsp_s1x8.o(i.NonLatch_S1X8_COM_P4), (188 bytes).
    Removing bsp_s1x8.o(i.NonLatch_S1X8_COM_P5), (188 bytes).
    Removing bsp_s1x8.o(i.NonLatch_S1X8_COM_P6), (188 bytes).
    Removing bsp_s1x8.o(i.NonLatch_S1X8_COM_P7), (188 bytes).
    Removing bsp_s1x8.o(i.NonLatch_S1X8_COM_P8), (188 bytes).
    Removing bsp_s1x8.o(i.S1X8_GPIO_Init), (368 bytes).
    Removing dadd.o(.text), (334 bytes).
    Removing dmul.o(.text), (228 bytes).
    Removing ddiv.o(.text), (222 bytes).
    Removing dfixul.o(.text), (48 bytes).
    Removing cdrcmple.o(.text), (48 bytes).
    Removing depilogue.o(.text), (186 bytes).

893 unused section(s) (total 82671 bytes) removed from the image.

==============================================================================

Image Symbol Table

    Local Symbols

    Symbol Name                              Value     Ov Type        Size  Object(Section)

    ../clib/../cmprslib/zerorunl.c           0x00000000   Number         0  __dczerorl.o ABSOLUTE
    ../clib/microlib/ctype/ctype.c           0x00000000   Number         0  isalpha_o.o ABSOLUTE
    ../clib/microlib/ctype/ctype.c           0x00000000   Number         0  isgraph_o.o ABSOLUTE
    ../clib/microlib/ctype/ctype.c           0x00000000   Number         0  isdigit_o.o ABSOLUTE
    ../clib/microlib/ctype/ctype.c           0x00000000   Number         0  iscntrl_o.o ABSOLUTE
    ../clib/microlib/ctype/ctype.c           0x00000000   Number         0  isalnum_o.o ABSOLUTE
    ../clib/microlib/ctype/ctype.c           0x00000000   Number         0  ctype_o.o ABSOLUTE
    ../clib/microlib/ctype/ctype.c           0x00000000   Number         0  isblank_o.o ABSOLUTE
    ../clib/microlib/ctype/ctype.c           0x00000000   Number         0  isxdigit_o.o ABSOLUTE
    ../clib/microlib/ctype/ctype.c           0x00000000   Number         0  isupper_o.o ABSOLUTE
    ../clib/microlib/ctype/ctype.c           0x00000000   Number         0  isspace_o.o ABSOLUTE
    ../clib/microlib/ctype/ctype.c           0x00000000   Number         0  ispunct_o.o ABSOLUTE
    ../clib/microlib/ctype/ctype.c           0x00000000   Number         0  isprint_o.o ABSOLUTE
    ../clib/microlib/ctype/ctype.c           0x00000000   Number         0  islower_o.o ABSOLUTE
    ../clib/microlib/division.c              0x00000000   Number         0  uldiv.o ABSOLUTE
    ../clib/microlib/division.c              0x00000000   Number         0  uidiv.o ABSOLUTE
    ../clib/microlib/errno.c                 0x00000000   Number         0  errno.o ABSOLUTE
    ../clib/microlib/init/entry.s            0x00000000   Number         0  entry10b.o ABSOLUTE
    ../clib/microlib/init/entry.s            0x00000000   Number         0  entry.o ABSOLUTE
    ../clib/microlib/init/entry.s            0x00000000   Number         0  entry10a.o ABSOLUTE
    ../clib/microlib/init/entry.s            0x00000000   Number         0  entry12a.o ABSOLUTE
    ../clib/microlib/init/entry.s            0x00000000   Number         0  entry9b.o ABSOLUTE
    ../clib/microlib/init/entry.s            0x00000000   Number         0  entry9a.o ABSOLUTE
    ../clib/microlib/init/entry.s            0x00000000   Number         0  entry8b.o ABSOLUTE
    ../clib/microlib/init/entry.s            0x00000000   Number         0  entry8a.o ABSOLUTE
    ../clib/microlib/init/entry.s            0x00000000   Number         0  entry7b.o ABSOLUTE
    ../clib/microlib/init/entry.s            0x00000000   Number         0  entry7a.o ABSOLUTE
    ../clib/microlib/init/entry.s            0x00000000   Number         0  entry2.o ABSOLUTE
    ../clib/microlib/init/entry.s            0x00000000   Number         0  entry5.o ABSOLUTE
    ../clib/microlib/init/entry.s            0x00000000   Number         0  entry12b.o ABSOLUTE
    ../clib/microlib/init/entry.s            0x00000000   Number         0  entry11b.o ABSOLUTE
    ../clib/microlib/init/entry.s            0x00000000   Number         0  entry11a.o ABSOLUTE
    ../clib/microlib/longlong.c              0x00000000   Number         0  llsshr.o ABSOLUTE
    ../clib/microlib/longlong.c              0x00000000   Number         0  llushr.o ABSOLUTE
    ../clib/microlib/longlong.c              0x00000000   Number         0  llshl.o ABSOLUTE
    ../clib/microlib/malloc/malloc.c         0x00000000   Number         0  mallocra.o ABSOLUTE
    ../clib/microlib/malloc/malloc.c         0x00000000   Number         0  malloca.o ABSOLUTE
    ../clib/microlib/malloc/malloc.c         0x00000000   Number         0  mallocr.o ABSOLUTE
    ../clib/microlib/malloc/malloc.c         0x00000000   Number         0  malloc.o ABSOLUTE
    ../clib/microlib/malloc/mvars.c          0x00000000   Number         0  mvars.o ABSOLUTE
    ../clib/microlib/printf/printf.c         0x00000000   Number         0  printfa.o ABSOLUTE
    ../clib/microlib/printf/printf.c         0x00000000   Number         0  printf2.o ABSOLUTE
    ../clib/microlib/printf/printf.c         0x00000000   Number         0  printf8.o ABSOLUTE
    ../clib/microlib/printf/printf.c         0x00000000   Number         0  printf0.o ABSOLUTE
    ../clib/microlib/printf/printf.c         0x00000000   Number         0  printf7.o ABSOLUTE
    ../clib/microlib/printf/printf.c         0x00000000   Number         0  printf6.o ABSOLUTE
    ../clib/microlib/printf/printf.c         0x00000000   Number         0  printfb.o ABSOLUTE
    ../clib/microlib/printf/printf.c         0x00000000   Number         0  printf1.o ABSOLUTE
    ../clib/microlib/printf/printf.c         0x00000000   Number         0  printf4.o ABSOLUTE
    ../clib/microlib/printf/printf.c         0x00000000   Number         0  printf3.o ABSOLUTE
    ../clib/microlib/printf/printf.c         0x00000000   Number         0  printf5.o ABSOLUTE
    ../clib/microlib/printf/stubs.s          0x00000000   Number         0  stubs.o ABSOLUTE
    ../clib/microlib/string/memcpy.c         0x00000000   Number         0  memcpya.o ABSOLUTE
    ../clib/microlib/string/memcpy.c         0x00000000   Number         0  memcpyb.o ABSOLUTE
    ../clib/microlib/string/memset.c         0x00000000   Number         0  memseta.o ABSOLUTE
    ../clib/microlib/string/strchr.c         0x00000000   Number         0  strchr.o ABSOLUTE
    ../clib/microlib/string/strcmp.c         0x00000000   Number         0  strcmp.o ABSOLUTE
    ../clib/microlib/string/strcpy.c         0x00000000   Number         0  strcpy.o ABSOLUTE
    ../clib/microlib/string/strlen.c         0x00000000   Number         0  strlen.o ABSOLUTE
    ../clib/microlib/string/strncpy.c        0x00000000   Number         0  strncpy.o ABSOLUTE
    ../clib/microlib/string/strtok.c         0x00000000   Number         0  strtok.o ABSOLUTE
    ../clib/microlib/string/strtok.c         0x00000000   Number         0  strtok_r.o ABSOLUTE
    ../clib/microlib/stubs.s                 0x00000000   Number         0  iusefp.o ABSOLUTE
    ../clib/microlib/stubs.s                 0x00000000   Number         0  useno.o ABSOLUTE
    ../clib/scanf.c                          0x00000000   Number         0  _strtoul.o ABSOLUTE
    ../clib/scanf.c                          0x00000000   Number         0  strtol.o ABSOLUTE
    ../clib/scanf.c                          0x00000000   Number         0  _chval.o ABSOLUTE
    ../clib/scanf.c                          0x00000000   Number         0  atoi.o ABSOLUTE
    ../fplib/microlib/fpadd.c                0x00000000   Number         0  dadd.o ABSOLUTE
    ../fplib/microlib/fpdiv.c                0x00000000   Number         0  ddiv.o ABSOLUTE
    ../fplib/microlib/fpepilogue.c           0x00000000   Number         0  depilogue.o ABSOLUTE
    ../fplib/microlib/fpfix.c                0x00000000   Number         0  dfixul.o ABSOLUTE
    ../fplib/microlib/fpmul.c                0x00000000   Number         0  dmul.o ABSOLUTE
    ..\CORE\startup_stm32f411xe.s            0x00000000   Number         0  startup_stm32f411xe.o ABSOLUTE
    ..\HALLIB\Src\stm32f4xx_hal.c            0x00000000   Number         0  stm32f4xx_hal.o ABSOLUTE
    ..\HALLIB\Src\stm32f4xx_hal_adc.c        0x00000000   Number         0  stm32f4xx_hal_adc.o ABSOLUTE
    ..\HALLIB\Src\stm32f4xx_hal_adc_ex.c     0x00000000   Number         0  stm32f4xx_hal_adc_ex.o ABSOLUTE
    ..\HALLIB\Src\stm32f4xx_hal_cec.c        0x00000000   Number         0  stm32f4xx_hal_cec.o ABSOLUTE
    ..\HALLIB\Src\stm32f4xx_hal_cortex.c     0x00000000   Number         0  stm32f4xx_hal_cortex.o ABSOLUTE
    ..\HALLIB\Src\stm32f4xx_hal_crc.c        0x00000000   Number         0  stm32f4xx_hal_crc.o ABSOLUTE
    ..\HALLIB\Src\stm32f4xx_hal_dma.c        0x00000000   Number         0  stm32f4xx_hal_dma.o ABSOLUTE
    ..\HALLIB\Src\stm32f4xx_hal_dsi.c        0x00000000   Number         0  stm32f4xx_hal_dsi.o ABSOLUTE
    ..\HALLIB\Src\stm32f4xx_hal_eth.c        0x00000000   Number         0  stm32f4xx_hal_eth.o ABSOLUTE
    ..\HALLIB\Src\stm32f4xx_hal_exti.c       0x00000000   Number         0  stm32f4xx_hal_exti.o ABSOLUTE
    ..\HALLIB\Src\stm32f4xx_hal_gpio.c       0x00000000   Number         0  stm32f4xx_hal_gpio.o ABSOLUTE
    ..\HALLIB\Src\stm32f4xx_hal_i2c.c        0x00000000   Number         0  stm32f4xx_hal_i2c.o ABSOLUTE
    ..\HALLIB\Src\stm32f4xx_hal_i2c_ex.c     0x00000000   Number         0  stm32f4xx_hal_i2c_ex.o ABSOLUTE
    ..\HALLIB\Src\stm32f4xx_hal_pwr.c        0x00000000   Number         0  stm32f4xx_hal_pwr.o ABSOLUTE
    ..\HALLIB\Src\stm32f4xx_hal_pwr_ex.c     0x00000000   Number         0  stm32f4xx_hal_pwr_ex.o ABSOLUTE
    ..\HALLIB\Src\stm32f4xx_hal_rcc.c        0x00000000   Number         0  stm32f4xx_hal_rcc.o ABSOLUTE
    ..\HALLIB\Src\stm32f4xx_hal_rcc_ex.c     0x00000000   Number         0  stm32f4xx_hal_rcc_ex.o ABSOLUTE
    ..\HALLIB\Src\stm32f4xx_hal_rng.c        0x00000000   Number         0  stm32f4xx_hal_rng.o ABSOLUTE
    ..\HALLIB\Src\stm32f4xx_hal_rtc.c        0x00000000   Number         0  stm32f4xx_hal_rtc.o ABSOLUTE
    ..\HALLIB\Src\stm32f4xx_hal_rtc_ex.c     0x00000000   Number         0  stm32f4xx_hal_rtc_ex.o ABSOLUTE
    ..\HALLIB\Src\stm32f4xx_hal_sd.c         0x00000000   Number         0  stm32f4xx_hal_sd.o ABSOLUTE
    ..\HALLIB\Src\stm32f4xx_hal_sdram.c      0x00000000   Number         0  stm32f4xx_hal_sdram.o ABSOLUTE
    ..\HALLIB\Src\stm32f4xx_hal_smartcard.c  0x00000000   Number         0  stm32f4xx_hal_smartcard.o ABSOLUTE
    ..\HALLIB\Src\stm32f4xx_hal_sram.c       0x00000000   Number         0  stm32f4xx_hal_sram.o ABSOLUTE
    ..\HALLIB\Src\stm32f4xx_hal_tim.c        0x00000000   Number         0  stm32f4xx_hal_tim.o ABSOLUTE
    ..\HALLIB\Src\stm32f4xx_hal_tim_ex.c     0x00000000   Number         0  stm32f4xx_hal_tim_ex.o ABSOLUTE
    ..\HALLIB\Src\stm32f4xx_hal_uart.c       0x00000000   Number         0  stm32f4xx_hal_uart.o ABSOLUTE
    ..\HALLIB\Src\stm32f4xx_hal_usart.c      0x00000000   Number         0  stm32f4xx_hal_usart.o ABSOLUTE
    ..\HALLIB\Src\stm32f4xx_ll_sdmmc.c       0x00000000   Number         0  stm32f4xx_ll_sdmmc.o ABSOLUTE
    ..\HARDWARE\AD517x\ad517x_lib.c          0x00000000   Number         0  ad517x_lib.o ABSOLUTE
    ..\HARDWARE\ADC\adc.c                    0x00000000   Number         0  adc.o ABSOLUTE
    ..\HARDWARE\IIC\i2c_device.c             0x00000000   Number         0  i2c_device.o ABSOLUTE
    ..\HARDWARE\KEY\key.c                    0x00000000   Number         0  key.o ABSOLUTE
    ..\HARDWARE\MIxN\bsp_C1X2G.c             0x00000000   Number         0  bsp_c1x2g.o ABSOLUTE
    ..\HARDWARE\MIxN\bsp_D2X2B.c             0x00000000   Number         0  bsp_d2x2b.o ABSOLUTE
    ..\HARDWARE\MIxN\bsp_M1X4.c              0x00000000   Number         0  bsp_m1x4.o ABSOLUTE
    ..\HARDWARE\MIxN\bsp_MxN.c               0x00000000   Number         0  bsp_mxn.o ABSOLUTE
    ..\HARDWARE\MIxN\bsp_S1X4.c              0x00000000   Number         0  bsp_s1x4.o ABSOLUTE
    ..\HARDWARE\MIxN\bsp_S1X8.c              0x00000000   Number         0  bsp_s1x8.o ABSOLUTE
    ..\HARDWARE\NXP9868\bsp_nxp9698.c        0x00000000   Number         0  bsp_nxp9698.o ABSOLUTE
    ..\HARDWARE\TIMER\timer.c                0x00000000   Number         0  timer.o ABSOLUTE
    ..\HARDWARE\UART_CMD\uart_cmd.c          0x00000000   Number         0  uart_cmd.o ABSOLUTE
    ..\SYSTEM\delay\delay.c                  0x00000000   Number         0  delay.o ABSOLUTE
    ..\SYSTEM\sys\sys.c                      0x00000000   Number         0  sys.o ABSOLUTE
    ..\SYSTEM\usart\usart.c                  0x00000000   Number         0  usart.o ABSOLUTE
    ..\\HALLIB\\Src\\stm32f4xx_hal.c         0x00000000   Number         0  stm32f4xx_hal.o ABSOLUTE
    ..\\HALLIB\\Src\\stm32f4xx_hal_adc.c     0x00000000   Number         0  stm32f4xx_hal_adc.o ABSOLUTE
    ..\\HALLIB\\Src\\stm32f4xx_hal_adc_ex.c  0x00000000   Number         0  stm32f4xx_hal_adc_ex.o ABSOLUTE
    ..\\HALLIB\\Src\\stm32f4xx_hal_cec.c     0x00000000   Number         0  stm32f4xx_hal_cec.o ABSOLUTE
    ..\\HALLIB\\Src\\stm32f4xx_hal_cortex.c  0x00000000   Number         0  stm32f4xx_hal_cortex.o ABSOLUTE
    ..\\HALLIB\\Src\\stm32f4xx_hal_crc.c     0x00000000   Number         0  stm32f4xx_hal_crc.o ABSOLUTE
    ..\\HALLIB\\Src\\stm32f4xx_hal_dma.c     0x00000000   Number         0  stm32f4xx_hal_dma.o ABSOLUTE
    ..\\HALLIB\\Src\\stm32f4xx_hal_dsi.c     0x00000000   Number         0  stm32f4xx_hal_dsi.o ABSOLUTE
    ..\\HALLIB\\Src\\stm32f4xx_hal_eth.c     0x00000000   Number         0  stm32f4xx_hal_eth.o ABSOLUTE
    ..\\HALLIB\\Src\\stm32f4xx_hal_exti.c    0x00000000   Number         0  stm32f4xx_hal_exti.o ABSOLUTE
    ..\\HALLIB\\Src\\stm32f4xx_hal_gpio.c    0x00000000   Number         0  stm32f4xx_hal_gpio.o ABSOLUTE
    ..\\HALLIB\\Src\\stm32f4xx_hal_i2c.c     0x00000000   Number         0  stm32f4xx_hal_i2c.o ABSOLUTE
    ..\\HALLIB\\Src\\stm32f4xx_hal_i2c_ex.c  0x00000000   Number         0  stm32f4xx_hal_i2c_ex.o ABSOLUTE
    ..\\HALLIB\\Src\\stm32f4xx_hal_pwr.c     0x00000000   Number         0  stm32f4xx_hal_pwr.o ABSOLUTE
    ..\\HALLIB\\Src\\stm32f4xx_hal_pwr_ex.c  0x00000000   Number         0  stm32f4xx_hal_pwr_ex.o ABSOLUTE
    ..\\HALLIB\\Src\\stm32f4xx_hal_rcc.c     0x00000000   Number         0  stm32f4xx_hal_rcc.o ABSOLUTE
    ..\\HALLIB\\Src\\stm32f4xx_hal_rcc_ex.c  0x00000000   Number         0  stm32f4xx_hal_rcc_ex.o ABSOLUTE
    ..\\HALLIB\\Src\\stm32f4xx_hal_rng.c     0x00000000   Number         0  stm32f4xx_hal_rng.o ABSOLUTE
    ..\\HALLIB\\Src\\stm32f4xx_hal_rtc.c     0x00000000   Number         0  stm32f4xx_hal_rtc.o ABSOLUTE
    ..\\HALLIB\\Src\\stm32f4xx_hal_rtc_ex.c  0x00000000   Number         0  stm32f4xx_hal_rtc_ex.o ABSOLUTE
    ..\\HALLIB\\Src\\stm32f4xx_hal_sd.c      0x00000000   Number         0  stm32f4xx_hal_sd.o ABSOLUTE
    ..\\HALLIB\\Src\\stm32f4xx_hal_sdram.c   0x00000000   Number         0  stm32f4xx_hal_sdram.o ABSOLUTE
    ..\\HALLIB\\Src\\stm32f4xx_hal_smartcard.c 0x00000000   Number         0  stm32f4xx_hal_smartcard.o ABSOLUTE
    ..\\HALLIB\\Src\\stm32f4xx_hal_sram.c    0x00000000   Number         0  stm32f4xx_hal_sram.o ABSOLUTE
    ..\\HALLIB\\Src\\stm32f4xx_hal_tim.c     0x00000000   Number         0  stm32f4xx_hal_tim.o ABSOLUTE
    ..\\HALLIB\\Src\\stm32f4xx_hal_tim_ex.c  0x00000000   Number         0  stm32f4xx_hal_tim_ex.o ABSOLUTE
    ..\\HALLIB\\Src\\stm32f4xx_hal_uart.c    0x00000000   Number         0  stm32f4xx_hal_uart.o ABSOLUTE
    ..\\HALLIB\\Src\\stm32f4xx_hal_usart.c   0x00000000   Number         0  stm32f4xx_hal_usart.o ABSOLUTE
    ..\\HALLIB\\Src\\stm32f4xx_ll_sdmmc.c    0x00000000   Number         0  stm32f4xx_ll_sdmmc.o ABSOLUTE
    ..\\HARDWARE\\AD517x\\ad517x_lib.c       0x00000000   Number         0  ad517x_lib.o ABSOLUTE
    ..\\HARDWARE\\ADC\\adc.c                 0x00000000   Number         0  adc.o ABSOLUTE
    ..\\HARDWARE\\IIC\\i2c_device.c          0x00000000   Number         0  i2c_device.o ABSOLUTE
    ..\\HARDWARE\\KEY\\key.c                 0x00000000   Number         0  key.o ABSOLUTE
    ..\\HARDWARE\\MIxN\\bsp_C1X2G.c          0x00000000   Number         0  bsp_c1x2g.o ABSOLUTE
    ..\\HARDWARE\\MIxN\\bsp_D2X2B.c          0x00000000   Number         0  bsp_d2x2b.o ABSOLUTE
    ..\\HARDWARE\\MIxN\\bsp_M1X4.c           0x00000000   Number         0  bsp_m1x4.o ABSOLUTE
    ..\\HARDWARE\\MIxN\\bsp_MxN.c            0x00000000   Number         0  bsp_mxn.o ABSOLUTE
    ..\\HARDWARE\\MIxN\\bsp_S1X4.c           0x00000000   Number         0  bsp_s1x4.o ABSOLUTE
    ..\\HARDWARE\\MIxN\\bsp_S1X8.c           0x00000000   Number         0  bsp_s1x8.o ABSOLUTE
    ..\\HARDWARE\\NXP9868\\bsp_nxp9698.c     0x00000000   Number         0  bsp_nxp9698.o ABSOLUTE
    ..\\HARDWARE\\TIMER\\timer.c             0x00000000   Number         0  timer.o ABSOLUTE
    ..\\HARDWARE\\UART_CMD\\uart_cmd.c       0x00000000   Number         0  uart_cmd.o ABSOLUTE
    ..\\SYSTEM\\delay\\delay.c               0x00000000   Number         0  delay.o ABSOLUTE
    ..\\SYSTEM\\sys\\sys.c                   0x00000000   Number         0  sys.o ABSOLUTE
    ..\\SYSTEM\\usart\\usart.c               0x00000000   Number         0  usart.o ABSOLUTE
    bsp_i2c.c                                0x00000000   Number         0  bsp_i2c.o ABSOLUTE
    bsp_i2c.c                                0x00000000   Number         0  bsp_i2c.o ABSOLUTE
    cdrcmple.s                               0x00000000   Number         0  cdrcmple.o ABSOLUTE
    cmd_logictable.c                         0x00000000   Number         0  cmd_logictable.o ABSOLUTE
    dc.s                                     0x00000000   Number         0  dc.o ABSOLUTE
    handlers.s                               0x00000000   Number         0  handlers.o ABSOLUTE
    init.s                                   0x00000000   Number         0  init.o ABSOLUTE
    main.c                                   0x00000000   Number         0  main.o ABSOLUTE
    main.c                                   0x00000000   Number         0  main.o ABSOLUTE
    stm32f4xx_hal_msp.c                      0x00000000   Number         0  stm32f4xx_hal_msp.o ABSOLUTE
    stm32f4xx_hal_msp.c                      0x00000000   Number         0  stm32f4xx_hal_msp.o ABSOLUTE
    stm32f4xx_it.c                           0x00000000   Number         0  stm32f4xx_it.o ABSOLUTE
    stm32f4xx_it.c                           0x00000000   Number         0  stm32f4xx_it.o ABSOLUTE
    system_stm32f4xx.c                       0x00000000   Number         0  system_stm32f4xx.o ABSOLUTE
    system_stm32f4xx.c                       0x00000000   Number         0  system_stm32f4xx.o ABSOLUTE
    RESET                                    0x08000000   Section      408  startup_stm32f411xe.o(RESET)
    .ARM.Collect$$$$00000000                 0x08000198   Section        0  entry.o(.ARM.Collect$$$$00000000)
    .ARM.Collect$$$$00000001                 0x08000198   Section        4  entry2.o(.ARM.Collect$$$$00000001)
    .ARM.Collect$$$$00000004                 0x0800019c   Section        4  entry5.o(.ARM.Collect$$$$00000004)
    .ARM.Collect$$$$00000008                 0x080001a0   Section        0  entry7b.o(.ARM.Collect$$$$00000008)
    .ARM.Collect$$$$0000000A                 0x080001a0   Section        0  entry8b.o(.ARM.Collect$$$$0000000A)
    .ARM.Collect$$$$0000000B                 0x080001a0   Section        8  entry9a.o(.ARM.Collect$$$$0000000B)
    .ARM.Collect$$$$0000000E                 0x080001a8   Section        4  entry12b.o(.ARM.Collect$$$$0000000E)
    .ARM.Collect$$$$0000000F                 0x080001ac   Section        0  entry10a.o(.ARM.Collect$$$$0000000F)
    .ARM.Collect$$$$00000011                 0x080001ac   Section        0  entry11a.o(.ARM.Collect$$$$00000011)
    .ARM.Collect$$$$00002712                 0x080001ac   Section        4  entry2.o(.ARM.Collect$$$$00002712)
    __lit__00000000                          0x080001ac   Data           4  entry2.o(.ARM.Collect$$$$00002712)
    .text                                    0x080001b0   Section       36  startup_stm32f411xe.o(.text)
    $v0                                      0x080001b0   Number         0  startup_stm32f411xe.o(.text)
    .text                                    0x080001d4   Section        0  uldiv.o(.text)
    .text                                    0x08000236   Section        0  memcpya.o(.text)
    .text                                    0x0800025a   Section        0  memseta.o(.text)
    .text                                    0x0800027e   Section        0  strncpy.o(.text)
    .text                                    0x08000296   Section        0  strchr.o(.text)
    .text                                    0x080002aa   Section        0  strlen.o(.text)
    .text                                    0x080002b8   Section        0  strcmp.o(.text)
    .text                                    0x080002d4   Section        0  strcpy.o(.text)
    .text                                    0x080002e8   Section        0  strtok.o(.text)
    .text                                    0x0800032c   Section        0  atoi.o(.text)
    .text                                    0x08000346   Section        0  uidiv.o(.text)
    .text                                    0x08000372   Section        0  llshl.o(.text)
    .text                                    0x08000390   Section        0  llushr.o(.text)
    .text                                    0x080003b0   Section        0  strtol.o(.text)
    .text                                    0x08000420   Section       36  init.o(.text)
    .text                                    0x08000444   Section        0  ctype_o.o(.text)
    .text                                    0x0800044c   Section        0  _strtoul.o(.text)
    .text                                    0x080004ea   Section        0  _chval.o(.text)
    .text                                    0x08000506   Section        0  __dczerorl.o(.text)
    i.ADC_Init                               0x08000540   Section        0  stm32f4xx_hal_adc.o(i.ADC_Init)
    ADC_Init                                 0x08000541   Thumb Code   344  stm32f4xx_hal_adc.o(i.ADC_Init)
    i.Adc_Init                               0x080006a0   Section        0  adc.o(i.Adc_Init)
    i.Bsp_I2c_Init                           0x080006e8   Section        0  i2c_device.o(i.Bsp_I2c_Init)
    i.BusFault_Handler                       0x08000784   Section        0  stm32f4xx_it.o(i.BusFault_Handler)
    i.C1X2G_CHENCK                           0x08000788   Section        0  bsp_c1x2g.o(i.C1X2G_CHENCK)
    i.C1X2G_Chenck_Fun                       0x080007d8   Section        0  main.o(i.C1X2G_Chenck_Fun)
    i.C1X2G_GPIO_Init                        0x080007f4   Section        0  bsp_c1x2g.o(i.C1X2G_GPIO_Init)
    i.C1X2G_StateSwitch                      0x080008c0   Section        0  main.o(i.C1X2G_StateSwitch)
    i.CmdTable_Traversal                     0x08000900   Section        0  uart_cmd.o(i.CmdTable_Traversal)
    i.Cmd_PreproccessCallBack                0x08000a54   Section        0  uart_cmd.o(i.Cmd_PreproccessCallBack)
    i.D2X2B_GPIO_Init                        0x08000a94   Section        0  bsp_d2x2b.o(i.D2X2B_GPIO_Init)
    i.DebugMon_Handler                       0x08000b20   Section        0  stm32f4xx_it.o(i.DebugMon_Handler)
    i.HAL_ADC_Init                           0x08000b24   Section        0  stm32f4xx_hal_adc.o(i.HAL_ADC_Init)
    i.HAL_ADC_MspInit                        0x08000b8c   Section        0  adc.o(i.HAL_ADC_MspInit)
    i.HAL_GPIO_Init                          0x08000bf8   Section        0  stm32f4xx_hal_gpio.o(i.HAL_GPIO_Init)
    i.HAL_GPIO_ReadPin                       0x08000dcc   Section        0  stm32f4xx_hal_gpio.o(i.HAL_GPIO_ReadPin)
    i.HAL_GPIO_WritePin                      0x08000ddc   Section        0  stm32f4xx_hal_gpio.o(i.HAL_GPIO_WritePin)
    i.HAL_GetTick                            0x08000de8   Section        0  stm32f4xx_hal.o(i.HAL_GetTick)
    i.HAL_I2C_Init                           0x08000df4   Section        0  stm32f4xx_hal_i2c.o(i.HAL_I2C_Init)
    i.HAL_I2C_IsDeviceReady                  0x08000fac   Section        0  stm32f4xx_hal_i2c.o(i.HAL_I2C_IsDeviceReady)
    i.HAL_I2C_Mem_Read                       0x08001150   Section        0  stm32f4xx_hal_i2c.o(i.HAL_I2C_Mem_Read)
    i.HAL_I2C_Mem_Write                      0x08001444   Section        0  stm32f4xx_hal_i2c.o(i.HAL_I2C_Mem_Write)
    i.HAL_I2C_MspInit                        0x080015a8   Section        0  i2c_device.o(i.HAL_I2C_MspInit)
    i.HAL_IncTick                            0x08001658   Section        0  stm32f4xx_hal.o(i.HAL_IncTick)
    i.HAL_Init                               0x08001670   Section        0  stm32f4xx_hal.o(i.HAL_Init)
    i.HAL_InitTick                           0x080016ac   Section        0  stm32f4xx_hal.o(i.HAL_InitTick)
    i.HAL_MspInit                            0x080016f8   Section        0  stm32f4xx_hal_msp.o(i.HAL_MspInit)
    i.HAL_NVIC_EnableIRQ                     0x080016fa   Section        0  stm32f4xx_hal_cortex.o(i.HAL_NVIC_EnableIRQ)
    i.HAL_NVIC_SetPriority                   0x08001714   Section        0  stm32f4xx_hal_cortex.o(i.HAL_NVIC_SetPriority)
    i.HAL_NVIC_SetPriorityGrouping           0x08001790   Section        0  stm32f4xx_hal_cortex.o(i.HAL_NVIC_SetPriorityGrouping)
    i.HAL_RCC_ClockConfig                    0x080017b8   Section        0  stm32f4xx_hal_rcc.o(i.HAL_RCC_ClockConfig)
    i.HAL_RCC_GetHCLKFreq                    0x08001938   Section        0  stm32f4xx_hal_rcc.o(i.HAL_RCC_GetHCLKFreq)
    i.HAL_RCC_GetPCLK1Freq                   0x08001944   Section        0  stm32f4xx_hal_rcc.o(i.HAL_RCC_GetPCLK1Freq)
    i.HAL_RCC_GetPCLK2Freq                   0x08001964   Section        0  stm32f4xx_hal_rcc.o(i.HAL_RCC_GetPCLK2Freq)
    i.HAL_RCC_GetSysClockFreq                0x08001984   Section        0  stm32f4xx_hal_rcc.o(i.HAL_RCC_GetSysClockFreq)
    i.HAL_RCC_OscConfig                      0x08001a34   Section        0  stm32f4xx_hal_rcc.o(i.HAL_RCC_OscConfig)
    i.HAL_SYSTICK_CLKSourceConfig            0x08001e7c   Section        0  stm32f4xx_hal_cortex.o(i.HAL_SYSTICK_CLKSourceConfig)
    i.HAL_SYSTICK_Config                     0x08001ea4   Section        0  stm32f4xx_hal_cortex.o(i.HAL_SYSTICK_Config)
    i.HAL_TIMEx_BreakCallback                0x08001ed8   Section        0  stm32f4xx_hal_tim_ex.o(i.HAL_TIMEx_BreakCallback)
    i.HAL_TIMEx_CommutCallback               0x08001eda   Section        0  stm32f4xx_hal_tim_ex.o(i.HAL_TIMEx_CommutCallback)
    i.HAL_TIM_IC_CaptureCallback             0x08001edc   Section        0  stm32f4xx_hal_tim.o(i.HAL_TIM_IC_CaptureCallback)
    i.HAL_TIM_IRQHandler                     0x08001ede   Section        0  stm32f4xx_hal_tim.o(i.HAL_TIM_IRQHandler)
    i.HAL_TIM_OC_DelayElapsedCallback        0x08002074   Section        0  stm32f4xx_hal_tim.o(i.HAL_TIM_OC_DelayElapsedCallback)
    i.HAL_TIM_PWM_PulseFinishedCallback      0x08002076   Section        0  stm32f4xx_hal_tim.o(i.HAL_TIM_PWM_PulseFinishedCallback)
    i.HAL_TIM_PeriodElapsedCallback          0x08002078   Section        0  timer.o(i.HAL_TIM_PeriodElapsedCallback)
    i.HAL_TIM_TriggerCallback                0x0800216c   Section        0  stm32f4xx_hal_tim.o(i.HAL_TIM_TriggerCallback)
    i.HAL_UART_Init                          0x0800216e   Section        0  stm32f4xx_hal_uart.o(i.HAL_UART_Init)
    i.HAL_UART_MspInit                       0x080021e0   Section        0  usart.o(i.HAL_UART_MspInit)
    i.HAL_UART_Receive_IT                    0x0800227c   Section        0  stm32f4xx_hal_uart.o(i.HAL_UART_Receive_IT)
    i.HardFault_Handler                      0x080022ec   Section        0  stm32f4xx_it.o(i.HardFault_Handler)
    i.I2C_IsAcknowledgeFailed                0x080022f0   Section        0  stm32f4xx_hal_i2c.o(i.I2C_IsAcknowledgeFailed)
    I2C_IsAcknowledgeFailed                  0x080022f1   Thumb Code    62  stm32f4xx_hal_i2c.o(i.I2C_IsAcknowledgeFailed)
    i.I2C_RequestMemoryRead                  0x08002330   Section        0  stm32f4xx_hal_i2c.o(i.I2C_RequestMemoryRead)
    I2C_RequestMemoryRead                    0x08002331   Thumb Code   308  stm32f4xx_hal_i2c.o(i.I2C_RequestMemoryRead)
    i.I2C_RequestMemoryWrite                 0x08002468   Section        0  stm32f4xx_hal_i2c.o(i.I2C_RequestMemoryWrite)
    I2C_RequestMemoryWrite                   0x08002469   Thumb Code   200  stm32f4xx_hal_i2c.o(i.I2C_RequestMemoryWrite)
    i.I2C_WaitOnBTFFlagUntilTimeout          0x08002534   Section        0  stm32f4xx_hal_i2c.o(i.I2C_WaitOnBTFFlagUntilTimeout)
    I2C_WaitOnBTFFlagUntilTimeout            0x08002535   Thumb Code    92  stm32f4xx_hal_i2c.o(i.I2C_WaitOnBTFFlagUntilTimeout)
    i.I2C_WaitOnFlagUntilTimeout             0x08002590   Section        0  stm32f4xx_hal_i2c.o(i.I2C_WaitOnFlagUntilTimeout)
    I2C_WaitOnFlagUntilTimeout               0x08002591   Thumb Code   134  stm32f4xx_hal_i2c.o(i.I2C_WaitOnFlagUntilTimeout)
    i.I2C_WaitOnMasterAddressFlagUntilTimeout 0x08002616   Section        0  stm32f4xx_hal_i2c.o(i.I2C_WaitOnMasterAddressFlagUntilTimeout)
    I2C_WaitOnMasterAddressFlagUntilTimeout  0x08002617   Thumb Code   196  stm32f4xx_hal_i2c.o(i.I2C_WaitOnMasterAddressFlagUntilTimeout)
    i.I2C_WaitOnRXNEFlagUntilTimeout         0x080026da   Section        0  stm32f4xx_hal_i2c.o(i.I2C_WaitOnRXNEFlagUntilTimeout)
    I2C_WaitOnRXNEFlagUntilTimeout           0x080026db   Thumb Code   128  stm32f4xx_hal_i2c.o(i.I2C_WaitOnRXNEFlagUntilTimeout)
    i.I2C_WaitOnTXEFlagUntilTimeout          0x0800275a   Section        0  stm32f4xx_hal_i2c.o(i.I2C_WaitOnTXEFlagUntilTimeout)
    I2C_WaitOnTXEFlagUntilTimeout            0x0800275b   Thumb Code    92  stm32f4xx_hal_i2c.o(i.I2C_WaitOnTXEFlagUntilTimeout)
    i.Latch_C1X2_StateA                      0x080027b8   Section        0  bsp_c1x2g.o(i.Latch_C1X2_StateA)
    i.Latch_C1X2_StateB                      0x08002840   Section        0  bsp_c1x2g.o(i.Latch_C1X2_StateB)
    i.Logic_CmdFun                           0x080028c8   Section        0  uart_cmd.o(i.Logic_CmdFun)
    i.M1X1_GPIO_Init                         0x08002980   Section        0  bsp_mxn.o(i.M1X1_GPIO_Init)
    i.M1X4_GPIO_Init                         0x080029d4   Section        0  bsp_m1x4.o(i.M1X4_GPIO_Init)
    i.MemManage_Handler                      0x08002a88   Section        0  stm32f4xx_it.o(i.MemManage_Handler)
    i.NMI_Handler                            0x08002a8c   Section        0  stm32f4xx_it.o(i.NMI_Handler)
    i.NVIC_GetPriorityGrouping               0x08002a90   Section        0  stm32f4xx_hal_cortex.o(i.NVIC_GetPriorityGrouping)
    NVIC_GetPriorityGrouping                 0x08002a91   Thumb Code    10  stm32f4xx_hal_cortex.o(i.NVIC_GetPriorityGrouping)
    i.NVIC_SetPriority                       0x08002aa0   Section        0  stm32f4xx_hal_cortex.o(i.NVIC_SetPriority)
    NVIC_SetPriority                         0x08002aa1   Thumb Code    32  stm32f4xx_hal_cortex.o(i.NVIC_SetPriority)
    i.PendSV_Handler                         0x08002ac8   Section        0  stm32f4xx_it.o(i.PendSV_Handler)
    i.READ_TwoPin                            0x08002aca   Section        0  bsp_nxp9698.o(i.READ_TwoPin)
    i.ReadByteForReg                         0x08002afc   Section        0  bsp_nxp9698.o(i.ReadByteForReg)
    i.S1X4_GPIO_Init                         0x08002b20   Section        0  bsp_s1x4.o(i.S1X4_GPIO_Init)
    i.SVC_Handler                            0x08002c30   Section        0  stm32f4xx_it.o(i.SVC_Handler)
    i.Stm32_Clock_Init                       0x08002c34   Section        0  sys.o(i.Stm32_Clock_Init)
    i.SysTick_Handler                        0x08002d10   Section        0  stm32f4xx_it.o(i.SysTick_Handler)
    i.SystemInit                             0x08002d18   Section        0  system_stm32f4xx.o(i.SystemInit)
    i.TIM4_IRQHandler                        0x08002d7c   Section        0  timer.o(i.TIM4_IRQHandler)
    i.UART_SetConfig                         0x08002d8c   Section        0  stm32f4xx_hal_uart.o(i.UART_SetConfig)
    UART_SetConfig                           0x08002d8d   Thumb Code   864  stm32f4xx_hal_uart.o(i.UART_SetConfig)
    i.USART1_IRQHandler                      0x080030f4   Section        0  usart.o(i.USART1_IRQHandler)
    i.UsageFault_Handler                     0x080031a0   Section        0  stm32f4xx_it.o(i.UsageFault_Handler)
    i.WireMoreByteToReg                      0x080031a4   Section        0  bsp_nxp9698.o(i.WireMoreByteToReg)
    i.__0printf$3                            0x080031d0   Section        0  printf3.o(i.__0printf$3)
    i.__aeabi_errno_addr                     0x080031f0   Section        0  errno.o(i.__aeabi_errno_addr)
    i.__scatterload_copy                     0x080031f8   Section       14  handlers.o(i.__scatterload_copy)
    i.__scatterload_null                     0x08003206   Section        2  handlers.o(i.__scatterload_null)
    i.__scatterload_zeroinit                 0x08003208   Section       14  handlers.o(i.__scatterload_zeroinit)
    i._printf_core                           0x08003218   Section        0  printf3.o(i._printf_core)
    _printf_core                             0x08003219   Thumb Code   436  printf3.o(i._printf_core)
    i.ad5175_Init                            0x080033d0   Section        0  ad517x_lib.o(i.ad5175_Init)
    i.bsp_Init                               0x08003430   Section        0  main.o(i.bsp_Init)
    i.delay_init                             0x08003458   Section        0  delay.o(i.delay_init)
    i.delay_ms                               0x0800346c   Section        0  delay.o(i.delay_ms)
    i.delay_us                               0x08003484   Section        0  delay.o(i.delay_us)
    i.fputc                                  0x080034cc   Section        0  usart.o(i.fputc)
    i.isNumeric                              0x080034e8   Section        0  uart_cmd.o(i.isNumeric)
    isNumeric                                0x080034e9   Thumb Code    32  uart_cmd.o(i.isNumeric)
    i.main                                   0x08003508   Section        0  main.o(i.main)
    i.nxp_Init                               0x080035cc   Section        0  bsp_nxp9698.o(i.nxp_Init)
    i.uart_init                              0x08003658   Section        0  usart.o(i.uart_init)
    .constdata                               0x08003690   Section       56  main.o(.constdata)
    .constdata                               0x080036c8   Section       24  system_stm32f4xx.o(.constdata)
    .constdata                               0x080036e0   Section      129  ctype_o.o(.constdata)
    .constdata                               0x08003764   Section        4  ctype_o.o(.constdata)
    table                                    0x08003764   Data           4  ctype_o.o(.constdata)
    .data                                    0x20000000   Section        4  system_stm32f4xx.o(.data)
    .data                                    0x20000004   Section        4  delay.o(.data)
    fac_us                                   0x20000004   Data           4  delay.o(.data)
    .data                                    0x20000008   Section       11  usart.o(.data)
    .data                                    0x20000014   Section        9  stm32f4xx_hal.o(.data)
    .data                                    0x2000001e   Section       18  timer.o(.data)
    ms2                                      0x20000024   Data           2  timer.o(.data)
    ms5                                      0x20000026   Data           2  timer.o(.data)
    ms10                                     0x20000028   Data           2  timer.o(.data)
    ms100                                    0x2000002a   Data           2  timer.o(.data)
    ms200                                    0x2000002c   Data           2  timer.o(.data)
    ms400                                    0x2000002e   Data           2  timer.o(.data)
    .data                                    0x20000030   Section     1408  uart_cmd.o(.data)
    .data                                    0x200005b0   Section        1  bsp_mxn.o(.data)
    .data                                    0x200005b4   Section        4  strtok.o(.data)
    state                                    0x200005b4   Data           4  strtok.o(.data)
    .data                                    0x200005b8   Section        4  errno.o(.data)
    _errno                                   0x200005b8   Data           4  errno.o(.data)
    .bss                                     0x200005bc   Section      840  usart.o(.bss)
    .bss                                     0x20000904   Section       72  adc.o(.bss)
    .bss                                     0x2000094c   Section       64  timer.o(.bss)
    .bss                                     0x2000098c   Section       84  i2c_device.o(.bss)
    .bss                                     0x200009e0   Section       48  uart_cmd.o(.bss)
    Cmd_Parame                               0x200009e0   Data          48  uart_cmd.o(.bss)
    STACK                                    0x20000a10   Section     1024  startup_stm32f411xe.o(STACK)

    Global Symbols

    Symbol Name                              Value     Ov Type        Size  Object(Section)

    BuildAttributes$$THM_ISAv4$E$P$D$K$B$S$7EM$VFPi3$EXTD16$VFPS$VFMA$PE$A:L22UL41UL21$X:L11$S22US41US21$IEEE1$IW$USESV6$~STKCKD$USESV7$~SHL$OSPACE$ROPI$EBA8$MICROLIB$REQ8$PRES8$EABIv2 0x00000000   Number         0  anon$$obj.o ABSOLUTE
    __ARM_use_no_argv                        0x00000000   Number         0  main.o ABSOLUTE
    __use_no_errno                           0x00000000   Number         0  useno.o ABSOLUTE
    __use_no_exception_handling              0x00000000   Number         0  useno.o ABSOLUTE
    __use_no_fp                              0x00000000   Number         0  useno.o ABSOLUTE
    __use_no_heap                            0x00000000   Number         0  useno.o ABSOLUTE
    __use_no_heap_region                     0x00000000   Number         0  useno.o ABSOLUTE
    __use_no_semihosting                     0x00000000   Number         0  useno.o ABSOLUTE
    __use_no_semihosting_swi                 0x00000000   Number         0  useno.o ABSOLUTE
    __use_no_signal_handling                 0x00000000   Number         0  useno.o ABSOLUTE
    _printf_a                                0x00000000   Number         0  stubs.o ABSOLUTE
    _printf_c                                0x00000000   Number         0  stubs.o ABSOLUTE
    _printf_charcount                        0x00000000   Number         0  stubs.o ABSOLUTE
    _printf_d                                0x00000000   Number         0  stubs.o ABSOLUTE
    _printf_e                                0x00000000   Number         0  stubs.o ABSOLUTE
    _printf_f                                0x00000000   Number         0  stubs.o ABSOLUTE
    _printf_flags                            0x00000000   Number         0  stubs.o ABSOLUTE
    _printf_fp_dec                           0x00000000   Number         0  stubs.o ABSOLUTE
    _printf_fp_hex                           0x00000000   Number         0  stubs.o ABSOLUTE
    _printf_g                                0x00000000   Number         0  stubs.o ABSOLUTE
    _printf_i                                0x00000000   Number         0  stubs.o ABSOLUTE
    _printf_int_dec                          0x00000000   Number         0  stubs.o ABSOLUTE
    _printf_l                                0x00000000   Number         0  stubs.o ABSOLUTE
    _printf_lc                               0x00000000   Number         0  stubs.o ABSOLUTE
    _printf_ll                               0x00000000   Number         0  stubs.o ABSOLUTE
    _printf_lld                              0x00000000   Number         0  stubs.o ABSOLUTE
    _printf_lli                              0x00000000   Number         0  stubs.o ABSOLUTE
    _printf_llo                              0x00000000   Number         0  stubs.o ABSOLUTE
    _printf_llu                              0x00000000   Number         0  stubs.o ABSOLUTE
    _printf_llx                              0x00000000   Number         0  stubs.o ABSOLUTE
    _printf_longlong_dec                     0x00000000   Number         0  stubs.o ABSOLUTE
    _printf_longlong_hex                     0x00000000   Number         0  stubs.o ABSOLUTE
    _printf_longlong_oct                     0x00000000   Number         0  stubs.o ABSOLUTE
    _printf_ls                               0x00000000   Number         0  stubs.o ABSOLUTE
    _printf_mbtowc                           0x00000000   Number         0  stubs.o ABSOLUTE
    _printf_n                                0x00000000   Number         0  stubs.o ABSOLUTE
    _printf_o                                0x00000000   Number         0  stubs.o ABSOLUTE
    _printf_p                                0x00000000   Number         0  stubs.o ABSOLUTE
    _printf_percent                          0x00000000   Number         0  stubs.o ABSOLUTE
    _printf_pre_padding                      0x00000000   Number         0  stubs.o ABSOLUTE
    _printf_return_value                     0x00000000   Number         0  stubs.o ABSOLUTE
    _printf_s                                0x00000000   Number         0  stubs.o ABSOLUTE
    _printf_sizespec                         0x00000000   Number         0  stubs.o ABSOLUTE
    _printf_str                              0x00000000   Number         0  stubs.o ABSOLUTE
    _printf_truncate_signed                  0x00000000   Number         0  stubs.o ABSOLUTE
    _printf_truncate_unsigned                0x00000000   Number         0  stubs.o ABSOLUTE
    _printf_u                                0x00000000   Number         0  stubs.o ABSOLUTE
    _printf_wc                               0x00000000   Number         0  stubs.o ABSOLUTE
    _printf_wctomb                           0x00000000   Number         0  stubs.o ABSOLUTE
    _printf_widthprec                        0x00000000   Number         0  stubs.o ABSOLUTE
    _printf_x                                0x00000000   Number         0  stubs.o ABSOLUTE
    __arm_fini_                               - Undefined Weak Reference
    __cpp_initialize__aeabi_                  - Undefined Weak Reference
    __cxa_finalize                            - Undefined Weak Reference
    _clock_init                               - Undefined Weak Reference
    _microlib_exit                            - Undefined Weak Reference
    __Vectors_Size                           0x00000198   Number         0  startup_stm32f411xe.o ABSOLUTE
    __Vectors                                0x08000000   Data           4  startup_stm32f411xe.o(RESET)
    __Vectors_End                            0x08000198   Data           0  startup_stm32f411xe.o(RESET)
    __main                                   0x08000199   Thumb Code     0  entry.o(.ARM.Collect$$$$00000000)
    _main_stk                                0x08000199   Thumb Code     0  entry2.o(.ARM.Collect$$$$00000001)
    _main_scatterload                        0x0800019d   Thumb Code     0  entry5.o(.ARM.Collect$$$$00000004)
    __main_after_scatterload                 0x080001a1   Thumb Code     0  entry5.o(.ARM.Collect$$$$00000004)
    _main_clock                              0x080001a1   Thumb Code     0  entry7b.o(.ARM.Collect$$$$00000008)
    _main_cpp_init                           0x080001a1   Thumb Code     0  entry8b.o(.ARM.Collect$$$$0000000A)
    _main_init                               0x080001a1   Thumb Code     0  entry9a.o(.ARM.Collect$$$$0000000B)
    __rt_lib_shutdown_fini                   0x080001a9   Thumb Code     0  entry12b.o(.ARM.Collect$$$$0000000E)
    __rt_final_cpp                           0x080001ad   Thumb Code     0  entry10a.o(.ARM.Collect$$$$0000000F)
    __rt_final_exit                          0x080001ad   Thumb Code     0  entry11a.o(.ARM.Collect$$$$00000011)
    Reset_Handler                            0x080001b1   Thumb Code     8  startup_stm32f411xe.o(.text)
    ADC_IRQHandler                           0x080001cb   Thumb Code     0  startup_stm32f411xe.o(.text)
    DMA1_Stream0_IRQHandler                  0x080001cb   Thumb Code     0  startup_stm32f411xe.o(.text)
    DMA1_Stream1_IRQHandler                  0x080001cb   Thumb Code     0  startup_stm32f411xe.o(.text)
    DMA1_Stream2_IRQHandler                  0x080001cb   Thumb Code     0  startup_stm32f411xe.o(.text)
    DMA1_Stream3_IRQHandler                  0x080001cb   Thumb Code     0  startup_stm32f411xe.o(.text)
    DMA1_Stream4_IRQHandler                  0x080001cb   Thumb Code     0  startup_stm32f411xe.o(.text)
    DMA1_Stream5_IRQHandler                  0x080001cb   Thumb Code     0  startup_stm32f411xe.o(.text)
    DMA1_Stream6_IRQHandler                  0x080001cb   Thumb Code     0  startup_stm32f411xe.o(.text)
    DMA1_Stream7_IRQHandler                  0x080001cb   Thumb Code     0  startup_stm32f411xe.o(.text)
    DMA2_Stream0_IRQHandler                  0x080001cb   Thumb Code     0  startup_stm32f411xe.o(.text)
    DMA2_Stream1_IRQHandler                  0x080001cb   Thumb Code     0  startup_stm32f411xe.o(.text)
    DMA2_Stream2_IRQHandler                  0x080001cb   Thumb Code     0  startup_stm32f411xe.o(.text)
    DMA2_Stream3_IRQHandler                  0x080001cb   Thumb Code     0  startup_stm32f411xe.o(.text)
    DMA2_Stream4_IRQHandler                  0x080001cb   Thumb Code     0  startup_stm32f411xe.o(.text)
    DMA2_Stream5_IRQHandler                  0x080001cb   Thumb Code     0  startup_stm32f411xe.o(.text)
    DMA2_Stream6_IRQHandler                  0x080001cb   Thumb Code     0  startup_stm32f411xe.o(.text)
    DMA2_Stream7_IRQHandler                  0x080001cb   Thumb Code     0  startup_stm32f411xe.o(.text)
    EXTI0_IRQHandler                         0x080001cb   Thumb Code     0  startup_stm32f411xe.o(.text)
    EXTI15_10_IRQHandler                     0x080001cb   Thumb Code     0  startup_stm32f411xe.o(.text)
    EXTI1_IRQHandler                         0x080001cb   Thumb Code     0  startup_stm32f411xe.o(.text)
    EXTI2_IRQHandler                         0x080001cb   Thumb Code     0  startup_stm32f411xe.o(.text)
    EXTI3_IRQHandler                         0x080001cb   Thumb Code     0  startup_stm32f411xe.o(.text)
    EXTI4_IRQHandler                         0x080001cb   Thumb Code     0  startup_stm32f411xe.o(.text)
    EXTI9_5_IRQHandler                       0x080001cb   Thumb Code     0  startup_stm32f411xe.o(.text)
    FLASH_IRQHandler                         0x080001cb   Thumb Code     0  startup_stm32f411xe.o(.text)
    FPU_IRQHandler                           0x080001cb   Thumb Code     0  startup_stm32f411xe.o(.text)
    I2C1_ER_IRQHandler                       0x080001cb   Thumb Code     0  startup_stm32f411xe.o(.text)
    I2C1_EV_IRQHandler                       0x080001cb   Thumb Code     0  startup_stm32f411xe.o(.text)
    I2C2_ER_IRQHandler                       0x080001cb   Thumb Code     0  startup_stm32f411xe.o(.text)
    I2C2_EV_IRQHandler                       0x080001cb   Thumb Code     0  startup_stm32f411xe.o(.text)
    I2C3_ER_IRQHandler                       0x080001cb   Thumb Code     0  startup_stm32f411xe.o(.text)
    I2C3_EV_IRQHandler                       0x080001cb   Thumb Code     0  startup_stm32f411xe.o(.text)
    OTG_FS_IRQHandler                        0x080001cb   Thumb Code     0  startup_stm32f411xe.o(.text)
    OTG_FS_WKUP_IRQHandler                   0x080001cb   Thumb Code     0  startup_stm32f411xe.o(.text)
    PVD_IRQHandler                           0x080001cb   Thumb Code     0  startup_stm32f411xe.o(.text)
    RCC_IRQHandler                           0x080001cb   Thumb Code     0  startup_stm32f411xe.o(.text)
    RTC_Alarm_IRQHandler                     0x080001cb   Thumb Code     0  startup_stm32f411xe.o(.text)
    RTC_WKUP_IRQHandler                      0x080001cb   Thumb Code     0  startup_stm32f411xe.o(.text)
    SDIO_IRQHandler                          0x080001cb   Thumb Code     0  startup_stm32f411xe.o(.text)
    SPI1_IRQHandler                          0x080001cb   Thumb Code     0  startup_stm32f411xe.o(.text)
    SPI2_IRQHandler                          0x080001cb   Thumb Code     0  startup_stm32f411xe.o(.text)
    SPI3_IRQHandler                          0x080001cb   Thumb Code     0  startup_stm32f411xe.o(.text)
    SPI4_IRQHandler                          0x080001cb   Thumb Code     0  startup_stm32f411xe.o(.text)
    SPI5_IRQHandler                          0x080001cb   Thumb Code     0  startup_stm32f411xe.o(.text)
    TAMP_STAMP_IRQHandler                    0x080001cb   Thumb Code     0  startup_stm32f411xe.o(.text)
    TIM1_BRK_TIM9_IRQHandler                 0x080001cb   Thumb Code     0  startup_stm32f411xe.o(.text)
    TIM1_CC_IRQHandler                       0x080001cb   Thumb Code     0  startup_stm32f411xe.o(.text)
    TIM1_TRG_COM_TIM11_IRQHandler            0x080001cb   Thumb Code     0  startup_stm32f411xe.o(.text)
    TIM1_UP_TIM10_IRQHandler                 0x080001cb   Thumb Code     0  startup_stm32f411xe.o(.text)
    TIM2_IRQHandler                          0x080001cb   Thumb Code     0  startup_stm32f411xe.o(.text)
    TIM3_IRQHandler                          0x080001cb   Thumb Code     0  startup_stm32f411xe.o(.text)
    TIM5_IRQHandler                          0x080001cb   Thumb Code     0  startup_stm32f411xe.o(.text)
    USART2_IRQHandler                        0x080001cb   Thumb Code     0  startup_stm32f411xe.o(.text)
    USART6_IRQHandler                        0x080001cb   Thumb Code     0  startup_stm32f411xe.o(.text)
    WWDG_IRQHandler                          0x080001cb   Thumb Code     0  startup_stm32f411xe.o(.text)
    __aeabi_uldivmod                         0x080001d5   Thumb Code    98  uldiv.o(.text)
    __aeabi_memcpy                           0x08000237   Thumb Code    36  memcpya.o(.text)
    __aeabi_memcpy4                          0x08000237   Thumb Code     0  memcpya.o(.text)
    __aeabi_memcpy8                          0x08000237   Thumb Code     0  memcpya.o(.text)
    __aeabi_memset                           0x0800025b   Thumb Code    14  memseta.o(.text)
    __aeabi_memset4                          0x0800025b   Thumb Code     0  memseta.o(.text)
    __aeabi_memset8                          0x0800025b   Thumb Code     0  memseta.o(.text)
    __aeabi_memclr                           0x08000269   Thumb Code     4  memseta.o(.text)
    __aeabi_memclr4                          0x08000269   Thumb Code     0  memseta.o(.text)
    __aeabi_memclr8                          0x08000269   Thumb Code     0  memseta.o(.text)
    _memset$wrapper                          0x0800026d   Thumb Code    18  memseta.o(.text)
    strncpy                                  0x0800027f   Thumb Code    24  strncpy.o(.text)
    strchr                                   0x08000297   Thumb Code    20  strchr.o(.text)
    strlen                                   0x080002ab   Thumb Code    14  strlen.o(.text)
    strcmp                                   0x080002b9   Thumb Code    28  strcmp.o(.text)
    strcpy                                   0x080002d5   Thumb Code    18  strcpy.o(.text)
    strtok                                   0x080002e9   Thumb Code    62  strtok.o(.text)
    atoi                                     0x0800032d   Thumb Code    26  atoi.o(.text)
    __aeabi_uidiv                            0x08000347   Thumb Code     0  uidiv.o(.text)
    __aeabi_uidivmod                         0x08000347   Thumb Code    44  uidiv.o(.text)
    __aeabi_llsl                             0x08000373   Thumb Code    30  llshl.o(.text)
    _ll_shift_l                              0x08000373   Thumb Code     0  llshl.o(.text)
    __aeabi_llsr                             0x08000391   Thumb Code    32  llushr.o(.text)
    _ll_ushift_r                             0x08000391   Thumb Code     0  llushr.o(.text)
    strtol                                   0x080003b1   Thumb Code   112  strtol.o(.text)
    __scatterload                            0x08000421   Thumb Code    28  init.o(.text)
    __scatterload_rt2                        0x08000421   Thumb Code     0  init.o(.text)
    __rt_ctype_table                         0x08000445   Thumb Code     4  ctype_o.o(.text)
    _strtoul                                 0x0800044d   Thumb Code   158  _strtoul.o(.text)
    _chval                                   0x080004eb   Thumb Code    28  _chval.o(.text)
    __decompress                             0x08000507   Thumb Code     0  __dczerorl.o(.text)
    __decompress0                            0x08000507   Thumb Code    58  __dczerorl.o(.text)
    Adc_Init                                 0x080006a1   Thumb Code    58  adc.o(i.Adc_Init)
    Bsp_I2c_Init                             0x080006e9   Thumb Code   122  i2c_device.o(i.Bsp_I2c_Init)
    BusFault_Handler                         0x08000785   Thumb Code     4  stm32f4xx_it.o(i.BusFault_Handler)
    C1X2G_CHENCK                             0x08000789   Thumb Code    54  bsp_c1x2g.o(i.C1X2G_CHENCK)
    C1X2G_Chenck_Fun                         0x080007d9   Thumb Code    22  main.o(i.C1X2G_Chenck_Fun)
    C1X2G_GPIO_Init                          0x080007f5   Thumb Code   196  bsp_c1x2g.o(i.C1X2G_GPIO_Init)
    C1X2G_StateSwitch                        0x080008c1   Thumb Code    44  main.o(i.C1X2G_StateSwitch)
    CmdTable_Traversal                       0x08000901   Thumb Code   328  uart_cmd.o(i.CmdTable_Traversal)
    Cmd_PreproccessCallBack                  0x08000a55   Thumb Code    64  uart_cmd.o(i.Cmd_PreproccessCallBack)
    D2X2B_GPIO_Init                          0x08000a95   Thumb Code   132  bsp_d2x2b.o(i.D2X2B_GPIO_Init)
    DebugMon_Handler                         0x08000b21   Thumb Code     2  stm32f4xx_it.o(i.DebugMon_Handler)
    HAL_ADC_Init                             0x08000b25   Thumb Code   100  stm32f4xx_hal_adc.o(i.HAL_ADC_Init)
    HAL_ADC_MspInit                          0x08000b8d   Thumb Code    98  adc.o(i.HAL_ADC_MspInit)
    HAL_GPIO_Init                            0x08000bf9   Thumb Code   436  stm32f4xx_hal_gpio.o(i.HAL_GPIO_Init)
    HAL_GPIO_ReadPin                         0x08000dcd   Thumb Code    16  stm32f4xx_hal_gpio.o(i.HAL_GPIO_ReadPin)
    HAL_GPIO_WritePin                        0x08000ddd   Thumb Code    12  stm32f4xx_hal_gpio.o(i.HAL_GPIO_WritePin)
    HAL_GetTick                              0x08000de9   Thumb Code     6  stm32f4xx_hal.o(i.HAL_GetTick)
    HAL_I2C_Init                             0x08000df5   Thumb Code   422  stm32f4xx_hal_i2c.o(i.HAL_I2C_Init)
    HAL_I2C_IsDeviceReady                    0x08000fad   Thumb Code   410  stm32f4xx_hal_i2c.o(i.HAL_I2C_IsDeviceReady)
    HAL_I2C_Mem_Read                         0x08001151   Thumb Code   744  stm32f4xx_hal_i2c.o(i.HAL_I2C_Mem_Read)
    HAL_I2C_Mem_Write                        0x08001445   Thumb Code   348  stm32f4xx_hal_i2c.o(i.HAL_I2C_Mem_Write)
    HAL_I2C_MspInit                          0x080015a9   Thumb Code   164  i2c_device.o(i.HAL_I2C_MspInit)
    HAL_IncTick                              0x08001659   Thumb Code    16  stm32f4xx_hal.o(i.HAL_IncTick)
    HAL_Init                                 0x08001671   Thumb Code    54  stm32f4xx_hal.o(i.HAL_Init)
    HAL_InitTick                             0x080016ad   Thumb Code    64  stm32f4xx_hal.o(i.HAL_InitTick)
    HAL_MspInit                              0x080016f9   Thumb Code     2  stm32f4xx_hal_msp.o(i.HAL_MspInit)
    HAL_NVIC_EnableIRQ                       0x080016fb   Thumb Code    26  stm32f4xx_hal_cortex.o(i.HAL_NVIC_EnableIRQ)
    HAL_NVIC_SetPriority                     0x08001715   Thumb Code   124  stm32f4xx_hal_cortex.o(i.HAL_NVIC_SetPriority)
    HAL_NVIC_SetPriorityGrouping             0x08001791   Thumb Code    32  stm32f4xx_hal_cortex.o(i.HAL_NVIC_SetPriorityGrouping)
    HAL_RCC_ClockConfig                      0x080017b9   Thumb Code   366  stm32f4xx_hal_rcc.o(i.HAL_RCC_ClockConfig)
    HAL_RCC_GetHCLKFreq                      0x08001939   Thumb Code     6  stm32f4xx_hal_rcc.o(i.HAL_RCC_GetHCLKFreq)
    HAL_RCC_GetPCLK1Freq                     0x08001945   Thumb Code    22  stm32f4xx_hal_rcc.o(i.HAL_RCC_GetPCLK1Freq)
    HAL_RCC_GetPCLK2Freq                     0x08001965   Thumb Code    22  stm32f4xx_hal_rcc.o(i.HAL_RCC_GetPCLK2Freq)
    HAL_RCC_GetSysClockFreq                  0x08001985   Thumb Code   162  stm32f4xx_hal_rcc.o(i.HAL_RCC_GetSysClockFreq)
    HAL_RCC_OscConfig                        0x08001a35   Thumb Code  1086  stm32f4xx_hal_rcc.o(i.HAL_RCC_OscConfig)
    HAL_SYSTICK_CLKSourceConfig              0x08001e7d   Thumb Code    40  stm32f4xx_hal_cortex.o(i.HAL_SYSTICK_CLKSourceConfig)
    HAL_SYSTICK_Config                       0x08001ea5   Thumb Code    52  stm32f4xx_hal_cortex.o(i.HAL_SYSTICK_Config)
    HAL_TIMEx_BreakCallback                  0x08001ed9   Thumb Code     2  stm32f4xx_hal_tim_ex.o(i.HAL_TIMEx_BreakCallback)
    HAL_TIMEx_CommutCallback                 0x08001edb   Thumb Code     2  stm32f4xx_hal_tim_ex.o(i.HAL_TIMEx_CommutCallback)
    HAL_TIM_IC_CaptureCallback               0x08001edd   Thumb Code     2  stm32f4xx_hal_tim.o(i.HAL_TIM_IC_CaptureCallback)
    HAL_TIM_IRQHandler                       0x08001edf   Thumb Code   406  stm32f4xx_hal_tim.o(i.HAL_TIM_IRQHandler)
    HAL_TIM_OC_DelayElapsedCallback          0x08002075   Thumb Code     2  stm32f4xx_hal_tim.o(i.HAL_TIM_OC_DelayElapsedCallback)
    HAL_TIM_PWM_PulseFinishedCallback        0x08002077   Thumb Code     2  stm32f4xx_hal_tim.o(i.HAL_TIM_PWM_PulseFinishedCallback)
    HAL_TIM_PeriodElapsedCallback            0x08002079   Thumb Code   190  timer.o(i.HAL_TIM_PeriodElapsedCallback)
    HAL_TIM_TriggerCallback                  0x0800216d   Thumb Code     2  stm32f4xx_hal_tim.o(i.HAL_TIM_TriggerCallback)
    HAL_UART_Init                            0x0800216f   Thumb Code   114  stm32f4xx_hal_uart.o(i.HAL_UART_Init)
    HAL_UART_MspInit                         0x080021e1   Thumb Code   144  usart.o(i.HAL_UART_MspInit)
    HAL_UART_Receive_IT                      0x0800227d   Thumb Code   112  stm32f4xx_hal_uart.o(i.HAL_UART_Receive_IT)
    HardFault_Handler                        0x080022ed   Thumb Code     4  stm32f4xx_it.o(i.HardFault_Handler)
    Latch_C1X2_StateA                        0x080027b9   Thumb Code    82  bsp_c1x2g.o(i.Latch_C1X2_StateA)
    Latch_C1X2_StateB                        0x08002841   Thumb Code    82  bsp_c1x2g.o(i.Latch_C1X2_StateB)
    Logic_CmdFun                             0x080028c9   Thumb Code   156  uart_cmd.o(i.Logic_CmdFun)
    M1X1_GPIO_Init                           0x08002981   Thumb Code    76  bsp_mxn.o(i.M1X1_GPIO_Init)
    M1X4_GPIO_Init                           0x080029d5   Thumb Code   170  bsp_m1x4.o(i.M1X4_GPIO_Init)
    MemManage_Handler                        0x08002a89   Thumb Code     4  stm32f4xx_it.o(i.MemManage_Handler)
    NMI_Handler                              0x08002a8d   Thumb Code     2  stm32f4xx_it.o(i.NMI_Handler)
    PendSV_Handler                           0x08002ac9   Thumb Code     2  stm32f4xx_it.o(i.PendSV_Handler)
    READ_TwoPin                              0x08002acb   Thumb Code    48  bsp_nxp9698.o(i.READ_TwoPin)
    ReadByteForReg                           0x08002afd   Thumb Code    32  bsp_nxp9698.o(i.ReadByteForReg)
    S1X4_GPIO_Init                           0x08002b21   Thumb Code   258  bsp_s1x4.o(i.S1X4_GPIO_Init)
    SVC_Handler                              0x08002c31   Thumb Code     2  stm32f4xx_it.o(i.SVC_Handler)
    Stm32_Clock_Init                         0x08002c35   Thumb Code   210  sys.o(i.Stm32_Clock_Init)
    SysTick_Handler                          0x08002d11   Thumb Code     8  stm32f4xx_it.o(i.SysTick_Handler)
    SystemInit                               0x08002d19   Thumb Code    82  system_stm32f4xx.o(i.SystemInit)
    TIM4_IRQHandler                          0x08002d7d   Thumb Code    10  timer.o(i.TIM4_IRQHandler)
    USART1_IRQHandler                        0x080030f5   Thumb Code   138  usart.o(i.USART1_IRQHandler)
    UsageFault_Handler                       0x080031a1   Thumb Code     4  stm32f4xx_it.o(i.UsageFault_Handler)
    WireMoreByteToReg                        0x080031a5   Thumb Code    40  bsp_nxp9698.o(i.WireMoreByteToReg)
    __0printf$3                              0x080031d1   Thumb Code    22  printf3.o(i.__0printf$3)
    __1printf$3                              0x080031d1   Thumb Code     0  printf3.o(i.__0printf$3)
    __2printf                                0x080031d1   Thumb Code     0  printf3.o(i.__0printf$3)
    __aeabi_errno_addr                       0x080031f1   Thumb Code     4  errno.o(i.__aeabi_errno_addr)
    __rt_errno_addr                          0x080031f1   Thumb Code     0  errno.o(i.__aeabi_errno_addr)
    __scatterload_copy                       0x080031f9   Thumb Code    14  handlers.o(i.__scatterload_copy)
    __scatterload_null                       0x08003207   Thumb Code     2  handlers.o(i.__scatterload_null)
    __scatterload_zeroinit                   0x08003209   Thumb Code    14  handlers.o(i.__scatterload_zeroinit)
    ad5175_Init                              0x080033d1   Thumb Code    86  ad517x_lib.o(i.ad5175_Init)
    bsp_Init                                 0x08003431   Thumb Code    40  main.o(i.bsp_Init)
    delay_init                               0x08003459   Thumb Code    16  delay.o(i.delay_init)
    delay_ms                                 0x0800346d   Thumb Code    24  delay.o(i.delay_ms)
    delay_us                                 0x08003485   Thumb Code    68  delay.o(i.delay_us)
    fputc                                    0x080034cd   Thumb Code    22  usart.o(i.fputc)
    main                                     0x08003509   Thumb Code   138  main.o(i.main)
    nxp_Init                                 0x080035cd   Thumb Code   132  bsp_nxp9698.o(i.nxp_Init)
    uart_init                                0x08003659   Thumb Code    44  usart.o(i.uart_init)
    AHBPrescTable                            0x080036c8   Data          16  system_stm32f4xx.o(.constdata)
    APBPrescTable                            0x080036d8   Data           8  system_stm32f4xx.o(.constdata)
    __ctype_table                            0x080036e0   Data         129  ctype_o.o(.constdata)
    Region$$Table$$Base                      0x08003768   Number         0  anon$$obj.o(Region$$Table)
    Region$$Table$$Limit                     0x08003788   Number         0  anon$$obj.o(Region$$Table)
    SystemCoreClock                          0x20000000   Data           4  system_stm32f4xx.o(.data)
    __stdout                                 0x20000008   Data           4  usart.o(.data)
    USART_RX_STA                             0x2000000c   Data           2  usart.o(.data)
    aRxBuffer                                0x2000000e   Data           1  usart.o(.data)
    Cmd_flag                                 0x2000000f   Data           1  usart.o(.data)
    Cnt_Buff                                 0x20000010   Data           1  usart.o(.data)
    Cmd_Index                                0x20000011   Data           1  usart.o(.data)
    Syn_Cnt                                  0x20000012   Data           1  usart.o(.data)
    uwTick                                   0x20000014   Data           4  stm32f4xx_hal.o(.data)
    uwTickPrio                               0x20000018   Data           4  stm32f4xx_hal.o(.data)
    uwTickFreq                               0x2000001c   Data           1  stm32f4xx_hal.o(.data)
    M2                                       0x2000001e   Data           1  timer.o(.data)
    M5                                       0x2000001f   Data           1  timer.o(.data)
    M10                                      0x20000020   Data           1  timer.o(.data)
    M100                                     0x20000021   Data           1  timer.o(.data)
    M200                                     0x20000022   Data           1  timer.o(.data)
    M400                                     0x20000023   Data           1  timer.o(.data)
    Cmd_Table                                0x20000030   Data        1408  uart_cmd.o(.data)
    Switch                                   0x200005b0   Data           1  bsp_mxn.o(.data)
    USART_RX_BUF                             0x200005bc   Data         200  usart.o(.bss)
    UART1_Handler                            0x20000684   Data          64  usart.o(.bss)
    UART2_Handler                            0x200006c4   Data          64  usart.o(.bss)
    UartBuff                                 0x20000704   Data         256  usart.o(.bss)
    CmdBuffer                                0x20000804   Data         256  usart.o(.bss)
    ADC1_Handler                             0x20000904   Data          72  adc.o(.bss)
    TIM4_Handler                             0x2000094c   Data          64  timer.o(.bss)
    hi2c                                     0x2000098c   Data          84  i2c_device.o(.bss)
    __initial_sp                             0x20000e10   Data           0  startup_stm32f411xe.o(STACK)



==============================================================================

Memory Map of the image

  Image Entry point : 0x08000199

  Load Region LR_IROM1 (Base: 0x08000000, Size: 0x00003d44, Max: 0x00040000, ABSOLUTE, COMPRESSED[0x000037a4])

    Execution Region ER_IROM1 (Exec base: 0x08000000, Load base: 0x08000000, Size: 0x00003788, Max: 0x00040000, ABSOLUTE)

    Exec Addr    Load Addr    Size         Type   Attr      Idx    E Section Name        Object

    0x08000000   0x08000000   0x00000198   Data   RO          986    RESET               startup_stm32f411xe.o
    0x08000198   0x08000198   0x00000000   Code   RO         6154  * .ARM.Collect$$$$00000000  mc_w.l(entry.o)
    0x08000198   0x08000198   0x00000004   Code   RO         6472    .ARM.Collect$$$$00000001  mc_w.l(entry2.o)
    0x0800019c   0x0800019c   0x00000004   Code   RO         6475    .ARM.Collect$$$$00000004  mc_w.l(entry5.o)
    0x080001a0   0x080001a0   0x00000000   Code   RO         6477    .ARM.Collect$$$$00000008  mc_w.l(entry7b.o)
    0x080001a0   0x080001a0   0x00000000   Code   RO         6479    .ARM.Collect$$$$0000000A  mc_w.l(entry8b.o)
    0x080001a0   0x080001a0   0x00000008   Code   RO         6480    .ARM.Collect$$$$0000000B  mc_w.l(entry9a.o)
    0x080001a8   0x080001a8   0x00000004   Code   RO         6487    .ARM.Collect$$$$0000000E  mc_w.l(entry12b.o)
    0x080001ac   0x080001ac   0x00000000   Code   RO         6482    .ARM.Collect$$$$0000000F  mc_w.l(entry10a.o)
    0x080001ac   0x080001ac   0x00000000   Code   RO         6484    .ARM.Collect$$$$00000011  mc_w.l(entry11a.o)
    0x080001ac   0x080001ac   0x00000004   Code   RO         6473    .ARM.Collect$$$$00002712  mc_w.l(entry2.o)
    0x080001b0   0x080001b0   0x00000024   Code   RO          987    .text               startup_stm32f411xe.o
    0x080001d4   0x080001d4   0x00000062   Code   RO         6157    .text               mc_w.l(uldiv.o)
    0x08000236   0x08000236   0x00000024   Code   RO         6159    .text               mc_w.l(memcpya.o)
    0x0800025a   0x0800025a   0x00000024   Code   RO         6161    .text               mc_w.l(memseta.o)
    0x0800027e   0x0800027e   0x00000018   Code   RO         6163    .text               mc_w.l(strncpy.o)
    0x08000296   0x08000296   0x00000014   Code   RO         6165    .text               mc_w.l(strchr.o)
    0x080002aa   0x080002aa   0x0000000e   Code   RO         6167    .text               mc_w.l(strlen.o)
    0x080002b8   0x080002b8   0x0000001c   Code   RO         6169    .text               mc_w.l(strcmp.o)
    0x080002d4   0x080002d4   0x00000012   Code   RO         6171    .text               mc_w.l(strcpy.o)
    0x080002e6   0x080002e6   0x00000002   PAD
    0x080002e8   0x080002e8   0x00000044   Code   RO         6173    .text               mc_w.l(strtok.o)
    0x0800032c   0x0800032c   0x0000001a   Code   RO         6470    .text               mc_w.l(atoi.o)
    0x08000346   0x08000346   0x0000002c   Code   RO         6488    .text               mc_w.l(uidiv.o)
    0x08000372   0x08000372   0x0000001e   Code   RO         6490    .text               mc_w.l(llshl.o)
    0x08000390   0x08000390   0x00000020   Code   RO         6492    .text               mc_w.l(llushr.o)
    0x080003b0   0x080003b0   0x00000070   Code   RO         6503    .text               mc_w.l(strtol.o)
    0x08000420   0x08000420   0x00000024   Code   RO         6516    .text               mc_w.l(init.o)
    0x08000444   0x08000444   0x00000008   Code   RO         6520    .text               mc_w.l(ctype_o.o)
    0x0800044c   0x0800044c   0x0000009e   Code   RO         6548    .text               mc_w.l(_strtoul.o)
    0x080004ea   0x080004ea   0x0000001c   Code   RO         6552    .text               mc_w.l(_chval.o)
    0x08000506   0x08000506   0x0000003a   Code   RO         6562    .text               mc_w.l(__dczerorl.o)
    0x08000540   0x08000540   0x00000160   Code   RO         1180    i.ADC_Init          stm32f4xx_hal_adc.o
    0x080006a0   0x080006a0   0x00000048   Code   RO         5184    i.Adc_Init          adc.o
    0x080006e8   0x080006e8   0x0000009c   Code   RO         5626    i.Bsp_I2c_Init      i2c_device.o
    0x08000784   0x08000784   0x00000004   Code   RO          365    i.BusFault_Handler  stm32f4xx_it.o
    0x08000788   0x08000788   0x00000050   Code   RO         5773    i.C1X2G_CHENCK      bsp_c1x2g.o
    0x080007d8   0x080007d8   0x0000001c   Code   RO            4    i.C1X2G_Chenck_Fun  main.o
    0x080007f4   0x080007f4   0x000000cc   Code   RO         5774    i.C1X2G_GPIO_Init   bsp_c1x2g.o
    0x080008c0   0x080008c0   0x00000040   Code   RO            5    i.C1X2G_StateSwitch  main.o
    0x08000900   0x08000900   0x00000154   Code   RO         5662    i.CmdTable_Traversal  uart_cmd.o
    0x08000a54   0x08000a54   0x00000040   Code   RO         5663    i.Cmd_PreproccessCallBack  uart_cmd.o
    0x08000a94   0x08000a94   0x0000008c   Code   RO         5828    i.D2X2B_GPIO_Init   bsp_d2x2b.o
    0x08000b20   0x08000b20   0x00000002   Code   RO          366    i.DebugMon_Handler  stm32f4xx_it.o
    0x08000b22   0x08000b22   0x00000002   PAD
    0x08000b24   0x08000b24   0x00000068   Code   RO         1191    i.HAL_ADC_Init      stm32f4xx_hal_adc.o
    0x08000b8c   0x08000b8c   0x0000006c   Code   RO         5187    i.HAL_ADC_MspInit   adc.o
    0x08000bf8   0x08000bf8   0x000001d4   Code   RO         1709    i.HAL_GPIO_Init     stm32f4xx_hal_gpio.o
    0x08000dcc   0x08000dcc   0x00000010   Code   RO         1711    i.HAL_GPIO_ReadPin  stm32f4xx_hal_gpio.o
    0x08000ddc   0x08000ddc   0x0000000c   Code   RO         1713    i.HAL_GPIO_WritePin  stm32f4xx_hal_gpio.o
    0x08000de8   0x08000de8   0x0000000c   Code   RO         1007    i.HAL_GetTick       stm32f4xx_hal.o
    0x08000df4   0x08000df4   0x000001b8   Code   RO         4703    i.HAL_I2C_Init      stm32f4xx_hal_i2c.o
    0x08000fac   0x08000fac   0x000001a4   Code   RO         4704    i.HAL_I2C_IsDeviceReady  stm32f4xx_hal_i2c.o
    0x08001150   0x08001150   0x000002f4   Code   RO         4721    i.HAL_I2C_Mem_Read  stm32f4xx_hal_i2c.o
    0x08001444   0x08001444   0x00000164   Code   RO         4724    i.HAL_I2C_Mem_Write  stm32f4xx_hal_i2c.o
    0x080015a8   0x080015a8   0x000000b0   Code   RO         5627    i.HAL_I2C_MspInit   i2c_device.o
    0x08001658   0x08001658   0x00000018   Code   RO         1013    i.HAL_IncTick       stm32f4xx_hal.o
    0x08001670   0x08001670   0x0000003c   Code   RO         1014    i.HAL_Init          stm32f4xx_hal.o
    0x080016ac   0x080016ac   0x0000004c   Code   RO         1015    i.HAL_InitTick      stm32f4xx_hal.o
    0x080016f8   0x080016f8   0x00000002   Code   RO          324    i.HAL_MspInit       stm32f4xx_hal_msp.o
    0x080016fa   0x080016fa   0x0000001a   Code   RO         1475    i.HAL_NVIC_EnableIRQ  stm32f4xx_hal_cortex.o
    0x08001714   0x08001714   0x0000007c   Code   RO         1481    i.HAL_NVIC_SetPriority  stm32f4xx_hal_cortex.o
    0x08001790   0x08001790   0x00000028   Code   RO         1482    i.HAL_NVIC_SetPriorityGrouping  stm32f4xx_hal_cortex.o
    0x080017b8   0x080017b8   0x00000180   Code   RO         4008    i.HAL_RCC_ClockConfig  stm32f4xx_hal_rcc.o
    0x08001938   0x08001938   0x0000000c   Code   RO         4013    i.HAL_RCC_GetHCLKFreq  stm32f4xx_hal_rcc.o
    0x08001944   0x08001944   0x00000020   Code   RO         4015    i.HAL_RCC_GetPCLK1Freq  stm32f4xx_hal_rcc.o
    0x08001964   0x08001964   0x00000020   Code   RO         4016    i.HAL_RCC_GetPCLK2Freq  stm32f4xx_hal_rcc.o
    0x08001984   0x08001984   0x000000b0   Code   RO         4017    i.HAL_RCC_GetSysClockFreq  stm32f4xx_hal_rcc.o
    0x08001a34   0x08001a34   0x00000448   Code   RO         4020    i.HAL_RCC_OscConfig  stm32f4xx_hal_rcc.o
    0x08001e7c   0x08001e7c   0x00000028   Code   RO         1484    i.HAL_SYSTICK_CLKSourceConfig  stm32f4xx_hal_cortex.o
    0x08001ea4   0x08001ea4   0x00000034   Code   RO         1486    i.HAL_SYSTICK_Config  stm32f4xx_hal_cortex.o
    0x08001ed8   0x08001ed8   0x00000002   Code   RO         2369    i.HAL_TIMEx_BreakCallback  stm32f4xx_hal_tim_ex.o
    0x08001eda   0x08001eda   0x00000002   Code   RO         2370    i.HAL_TIMEx_CommutCallback  stm32f4xx_hal_tim_ex.o
    0x08001edc   0x08001edc   0x00000002   Code   RO         2651    i.HAL_TIM_IC_CaptureCallback  stm32f4xx_hal_tim.o
    0x08001ede   0x08001ede   0x00000196   Code   RO         2665    i.HAL_TIM_IRQHandler  stm32f4xx_hal_tim.o
    0x08002074   0x08002074   0x00000002   Code   RO         2668    i.HAL_TIM_OC_DelayElapsedCallback  stm32f4xx_hal_tim.o
    0x08002076   0x08002076   0x00000002   Code   RO         2695    i.HAL_TIM_PWM_PulseFinishedCallback  stm32f4xx_hal_tim.o
    0x08002078   0x08002078   0x000000f4   Code   RO         5230    i.HAL_TIM_PeriodElapsedCallback  timer.o
    0x0800216c   0x0800216c   0x00000002   Code   RO         2708    i.HAL_TIM_TriggerCallback  stm32f4xx_hal_tim.o
    0x0800216e   0x0800216e   0x00000072   Code   RO         2063    i.HAL_UART_Init     stm32f4xx_hal_uart.o
    0x080021e0   0x080021e0   0x0000009c   Code   RO          913    i.HAL_UART_MspInit  usart.o
    0x0800227c   0x0800227c   0x00000070   Code   RO         2068    i.HAL_UART_Receive_IT  stm32f4xx_hal_uart.o
    0x080022ec   0x080022ec   0x00000004   Code   RO          367    i.HardFault_Handler  stm32f4xx_it.o
    0x080022f0   0x080022f0   0x0000003e   Code   RO         4746    i.I2C_IsAcknowledgeFailed  stm32f4xx_hal_i2c.o
    0x0800232e   0x0800232e   0x00000002   PAD
    0x08002330   0x08002330   0x00000138   Code   RO         4756    i.I2C_RequestMemoryRead  stm32f4xx_hal_i2c.o
    0x08002468   0x08002468   0x000000cc   Code   RO         4757    i.I2C_RequestMemoryWrite  stm32f4xx_hal_i2c.o
    0x08002534   0x08002534   0x0000005c   Code   RO         4765    i.I2C_WaitOnBTFFlagUntilTimeout  stm32f4xx_hal_i2c.o
    0x08002590   0x08002590   0x00000086   Code   RO         4766    i.I2C_WaitOnFlagUntilTimeout  stm32f4xx_hal_i2c.o
    0x08002616   0x08002616   0x000000c4   Code   RO         4767    i.I2C_WaitOnMasterAddressFlagUntilTimeout  stm32f4xx_hal_i2c.o
    0x080026da   0x080026da   0x00000080   Code   RO         4768    i.I2C_WaitOnRXNEFlagUntilTimeout  stm32f4xx_hal_i2c.o
    0x0800275a   0x0800275a   0x0000005c   Code   RO         4770    i.I2C_WaitOnTXEFlagUntilTimeout  stm32f4xx_hal_i2c.o
    0x080027b6   0x080027b6   0x00000002   PAD
    0x080027b8   0x080027b8   0x00000088   Code   RO         5775    i.Latch_C1X2_StateA  bsp_c1x2g.o
    0x08002840   0x08002840   0x00000088   Code   RO         5776    i.Latch_C1X2_StateB  bsp_c1x2g.o
    0x080028c8   0x080028c8   0x000000b8   Code   RO         5664    i.Logic_CmdFun      uart_cmd.o
    0x08002980   0x08002980   0x00000054   Code   RO         5726    i.M1X1_GPIO_Init    bsp_mxn.o
    0x080029d4   0x080029d4   0x000000b4   Code   RO         5870    i.M1X4_GPIO_Init    bsp_m1x4.o
    0x08002a88   0x08002a88   0x00000004   Code   RO          368    i.MemManage_Handler  stm32f4xx_it.o
    0x08002a8c   0x08002a8c   0x00000002   Code   RO          369    i.NMI_Handler       stm32f4xx_it.o
    0x08002a8e   0x08002a8e   0x00000002   PAD
    0x08002a90   0x08002a90   0x00000010   Code   RO         1488    i.NVIC_GetPriorityGrouping  stm32f4xx_hal_cortex.o
    0x08002aa0   0x08002aa0   0x00000028   Code   RO         1489    i.NVIC_SetPriority  stm32f4xx_hal_cortex.o
    0x08002ac8   0x08002ac8   0x00000002   Code   RO          370    i.PendSV_Handler    stm32f4xx_it.o
    0x08002aca   0x08002aca   0x00000030   Code   RO         5526    i.READ_TwoPin       bsp_nxp9698.o
    0x08002afa   0x08002afa   0x00000002   PAD
    0x08002afc   0x08002afc   0x00000024   Code   RO         5527    i.ReadByteForReg    bsp_nxp9698.o
    0x08002b20   0x08002b20   0x00000110   Code   RO         5957    i.S1X4_GPIO_Init    bsp_s1x4.o
    0x08002c30   0x08002c30   0x00000002   Code   RO          371    i.SVC_Handler       stm32f4xx_it.o
    0x08002c32   0x08002c32   0x00000002   PAD
    0x08002c34   0x08002c34   0x000000dc   Code   RO          886    i.Stm32_Clock_Init  sys.o
    0x08002d10   0x08002d10   0x00000008   Code   RO          372    i.SysTick_Handler   stm32f4xx_it.o
    0x08002d18   0x08002d18   0x00000064   Code   RO          444    i.SystemInit        system_stm32f4xx.o
    0x08002d7c   0x08002d7c   0x00000010   Code   RO         5231    i.TIM4_IRQHandler   timer.o
    0x08002d8c   0x08002d8c   0x00000368   Code   RO         2090    i.UART_SetConfig    stm32f4xx_hal_uart.o
    0x080030f4   0x080030f4   0x000000ac   Code   RO          914    i.USART1_IRQHandler  usart.o
    0x080031a0   0x080031a0   0x00000004   Code   RO          373    i.UsageFault_Handler  stm32f4xx_it.o
    0x080031a4   0x080031a4   0x0000002c   Code   RO         5531    i.WireMoreByteToReg  bsp_nxp9698.o
    0x080031d0   0x080031d0   0x00000020   Code   RO         6270    i.__0printf$3       mc_w.l(printf3.o)
    0x080031f0   0x080031f0   0x00000008   Code   RO         6496    i.__aeabi_errno_addr  mc_w.l(errno.o)
    0x080031f8   0x080031f8   0x0000000e   Code   RO         6556    i.__scatterload_copy  mc_w.l(handlers.o)
    0x08003206   0x08003206   0x00000002   Code   RO         6557    i.__scatterload_null  mc_w.l(handlers.o)
    0x08003208   0x08003208   0x0000000e   Code   RO         6558    i.__scatterload_zeroinit  mc_w.l(handlers.o)
    0x08003216   0x08003216   0x00000002   PAD
    0x08003218   0x08003218   0x000001b8   Code   RO         6277    i._printf_core      mc_w.l(printf3.o)
    0x080033d0   0x080033d0   0x00000060   Code   RO         5414    i.ad5175_Init       ad517x_lib.o
    0x08003430   0x08003430   0x00000028   Code   RO            6    i.bsp_Init          main.o
    0x08003458   0x08003458   0x00000014   Code   RO          847    i.delay_init        delay.o
    0x0800346c   0x0800346c   0x00000018   Code   RO          848    i.delay_ms          delay.o
    0x08003484   0x08003484   0x00000048   Code   RO          849    i.delay_us          delay.o
    0x080034cc   0x080034cc   0x0000001c   Code   RO          917    i.fputc             usart.o
    0x080034e8   0x080034e8   0x00000020   Code   RO         5665    i.isNumeric         uart_cmd.o
    0x08003508   0x08003508   0x000000c4   Code   RO            7    i.main              main.o
    0x080035cc   0x080035cc   0x0000008c   Code   RO         5532    i.nxp_Init          bsp_nxp9698.o
    0x08003658   0x08003658   0x00000038   Code   RO          919    i.uart_init         usart.o
    0x08003690   0x08003690   0x00000038   Data   RO            9    .constdata          main.o
    0x080036c8   0x080036c8   0x00000018   Data   RO          445    .constdata          system_stm32f4xx.o
    0x080036e0   0x080036e0   0x00000081   Data   RO         6521    .constdata          mc_w.l(ctype_o.o)
    0x08003761   0x08003761   0x00000003   PAD
    0x08003764   0x08003764   0x00000004   Data   RO         6522    .constdata          mc_w.l(ctype_o.o)
    0x08003768   0x08003768   0x00000020   Data   RO         6554    Region$$Table       anon$$obj.o


    Execution Region RW_IRAM1 (Exec base: 0x20000000, Load base: 0x08003788, Size: 0x00000e10, Max: 0x00020000, ABSOLUTE, COMPRESSED[0x0000001c])

    Exec Addr    Load Addr    Size         Type   Attr      Idx    E Section Name        Object

    0x20000000   COMPRESSED   0x00000004   Data   RW          446    .data               system_stm32f4xx.o
    0x20000004   COMPRESSED   0x00000004   Data   RW          850    .data               delay.o
    0x20000008   COMPRESSED   0x0000000b   Data   RW          921    .data               usart.o
    0x20000013   COMPRESSED   0x00000001   PAD
    0x20000014   COMPRESSED   0x00000009   Data   RW         1021    .data               stm32f4xx_hal.o
    0x2000001d   COMPRESSED   0x00000001   PAD
    0x2000001e   COMPRESSED   0x00000012   Data   RW         5234    .data               timer.o
    0x20000030   COMPRESSED   0x00000580   Data   RW         5668    .data               uart_cmd.o
    0x200005b0   COMPRESSED   0x00000001   Data   RW         5729    .data               bsp_mxn.o
    0x200005b1   COMPRESSED   0x00000003   PAD
    0x200005b4   COMPRESSED   0x00000004   Data   RW         6174    .data               mc_w.l(strtok.o)
    0x200005b8   COMPRESSED   0x00000004   Data   RW         6499    .data               mc_w.l(errno.o)
    0x200005bc        -       0x00000348   Zero   RW          920    .bss                usart.o
    0x20000904        -       0x00000048   Zero   RW         5188    .bss                adc.o
    0x2000094c        -       0x00000040   Zero   RW         5233    .bss                timer.o
    0x2000098c        -       0x00000054   Zero   RW         5628    .bss                i2c_device.o
    0x200009e0        -       0x00000030   Zero   RW         5667    .bss                uart_cmd.o
    0x20000a10        -       0x00000400   Zero   RW          984    STACK               startup_stm32f411xe.o


==============================================================================

Image component sizes


      Code (inc. data)   RO Data    RW Data    ZI Data      Debug   Object Name

        96         10          0          0          0       1250   ad517x_lib.o
       180         24          0          0         72       1700   adc.o
       556        142          0          0          0       2845   bsp_c1x2g.o
       140          8          0          0          0        958   bsp_d2x2b.o
       180         10          0          0          0        929   bsp_m1x4.o
        84          8          0          1          0       1942   bsp_mxn.o
       268         16          0          0          0       3122   bsp_nxp9698.o
       272         14          0          0          0       1009   bsp_s1x4.o
       116          8          0          4          0       1919   delay.o
       332         46          0          0         84       1840   i2c_device.o
       328         84         56          0          0     441780   main.o
        36          8        408          0       1024        824   startup_stm32f411xe.o
       172         32          0          9          0       3641   stm32f4xx_hal.o
       456         12          0          0          0       1663   stm32f4xx_hal_adc.o
       338         22          0          0          0      31113   stm32f4xx_hal_cortex.o
       496         32          0          0          0       2747   stm32f4xx_hal_gpio.o
      3192         56          0          0          0      12230   stm32f4xx_hal_i2c.o
         2          0          0          0          0        438   stm32f4xx_hal_msp.o
      1732         84          0          0          0       5196   stm32f4xx_hal_rcc.o
       414          0          0          0          0       3354   stm32f4xx_hal_tim.o
         4          0          0          0          0       1405   stm32f4xx_hal_tim_ex.o
      1098          8          0          0          0       2386   stm32f4xx_hal_uart.o
        32          0          0          0          0       3982   stm32f4xx_it.o
       220         10          0          0          0       1211   sys.o
       100         18         24          4          0       1071   system_stm32f4xx.o
       260         60          0         18         64       1914   timer.o
       620         40          0       1408         48       3666   uart_cmd.o
       412         64          0         11        840       4728   usart.o

    ----------------------------------------------------------------------
     12148        816        520       1460       2132     540863   Object Totals
         0          0         32          0          0          0   (incl. Generated)
        12          0          0          5          0          0   (incl. Padding)

    ----------------------------------------------------------------------

      Code (inc. data)   RO Data    RW Data    ZI Data      Debug   Library Member Name

        58          0          0          0          0          0   __dczerorl.o
        28          0          0          0          0         68   _chval.o
       158          0          0          0          0         92   _strtoul.o
        26          0          0          0          0         80   atoi.o
         8          4        133          0          0         68   ctype_o.o
         0          0          0          0          0          0   entry.o
         0          0          0          0          0          0   entry10a.o
         0          0          0          0          0          0   entry11a.o
         4          0          0          0          0          0   entry12b.o
         8          4          0          0          0          0   entry2.o
         4          0          0          0          0          0   entry5.o
         0          0          0          0          0          0   entry7b.o
         0          0          0          0          0          0   entry8b.o
         8          4          0          0          0          0   entry9a.o
         8          4          0          4          0         68   errno.o
        30          0          0          0          0          0   handlers.o
        36          8          0          0          0         68   init.o
        30          0          0          0          0         68   llshl.o
        32          0          0          0          0         68   llushr.o
        36          0          0          0          0         68   memcpya.o
        36          0          0          0          0        108   memseta.o
       472         14          0          0          0        184   printf3.o
        20          0          0          0          0         68   strchr.o
        28          0          0          0          0         76   strcmp.o
        18          0          0          0          0         68   strcpy.o
        14          0          0          0          0         68   strlen.o
        24          0          0          0          0         76   strncpy.o
        68          6          0          4          0         80   strtok.o
       112          0          0          0          0         88   strtol.o
        44          0          0          0          0         80   uidiv.o
        98          0          0          0          0         92   uldiv.o

    ----------------------------------------------------------------------
      1412         44        136          8          0       1636   Library Totals
         4          0          3          0          0          0   (incl. Padding)

    ----------------------------------------------------------------------

      Code (inc. data)   RO Data    RW Data    ZI Data      Debug   Library Name

      1408         44        133          8          0       1636   mc_w.l

    ----------------------------------------------------------------------
      1412         44        136          8          0       1636   Library Totals

    ----------------------------------------------------------------------

==============================================================================


      Code (inc. data)   RO Data    RW Data    ZI Data      Debug   

     13560        860        656       1468       2132     533551   Grand Totals
     13560        860        656         28       2132     533551   ELF Image Totals (compressed)
     13560        860        656         28          0          0   ROM Totals

==============================================================================

    Total RO  Size (Code + RO Data)                14216 (  13.88kB)
    Total RW  Size (RW Data + ZI Data)              3600 (   3.52kB)
    Total ROM Size (Code + RO Data + RW Data)      14244 (  13.91kB)

==============================================================================

