Component: ARM Compiler 5.06 update 7 (build 960) Tool: armlink [4d3601]

==============================================================================

Section Cross References

    main.o(i.C1X2G_Chenck_Fun) refers to bsp_c1x2g.o(i.C1X2G_CHENCK) for C1X2G_CHENCK
    main.o(i.C1X2G_Chenck_Fun) refers to main.o(i.C1X2G_StateSwitch) for C1X2G_StateSwitch
    main.o(i.C1X2G_Chenck_Fun) refers to bsp_mxn.o(.data) for Switch
    main.o(i.C1X2G_StateSwitch) refers to bsp_c1x2g.o(i.Latch_C1X2_StateA) for Latch_C1X2_StateA
    main.o(i.C1X2G_StateSwitch) refers to bsp_c1x2g.o(i.Latch_C1X2_StateB) for Latch_C1X2_StateB
    main.o(i.C1X2G_StateSwitch) refers to printfa.o(i.__0printf) for __2printf
    main.o(i.D2X2B_Chenck_Fun) refers to bsp_d2x2b.o(i.D2X2B_CHENCK) for D2X2B_CHENCK
    main.o(i.D2X2B_Chenck_Fun) refers to main.o(i.D2X2B_StateSwitch) for D2X2B_StateSwitch
    main.o(i.D2X2B_Chenck_Fun) refers to bsp_mxn.o(.data) for Switch
    main.o(i.D2X2B_StateSwitch) refers to bsp_d2x2b.o(i.D2X2B_State_Cross) for D2X2B_State_Cross
    main.o(i.D2X2B_StateSwitch) refers to bsp_d2x2b.o(i.D2X2B_State_Bar) for D2X2B_State_Bar
    main.o(i.D2X2B_StateSwitch) refers to printfa.o(i.__0printf) for __2printf
    main.o(i.GetADDATA) refers to strcmp.o(.text) for strcmp
    main.o(i.GetADDATA) refers to adc.o(i.Get_Adc_Average) for Get_Adc_Average
    main.o(i.GetADDATA) refers to f2d.o(.text) for __aeabi_f2d
    main.o(i.GetADDATA) refers to printfa.o(i.__0printf) for __2printf
    main.o(i.Get_TextTimer) refers to printfa.o(i.__0printf) for __2printf
    main.o(i.M1X1_Chenck_Fun) refers to bsp_mxn.o(i.M1X1_CHENCK) for M1X1_CHENCK
    main.o(i.M1X1_Chenck_Fun) refers to main.o(i.M1X1_StateSwitch) for M1X1_StateSwitch
    main.o(i.M1X1_Chenck_Fun) refers to bsp_mxn.o(.data) for Switch
    main.o(i.M1X1_StateSwitch) refers to bsp_mxn.o(i.M1X1_StateA) for M1X1_StateA
    main.o(i.M1X1_StateSwitch) refers to bsp_mxn.o(i.M1X1_StateB) for M1X1_StateB
    main.o(i.M1X1_StateSwitch) refers to printfa.o(i.__0printf) for __2printf
    main.o(i.M1X4_Chenck_Fun) refers to bsp_m1x4.o(i.M1X4_CHENCK) for M1X4_CHENCK
    main.o(i.M1X4_Chenck_Fun) refers to main.o(i.M1X4_StateSwitch) for M1X4_StateSwitch
    main.o(i.M1X4_Chenck_Fun) refers to bsp_mxn.o(.data) for Switch
    main.o(i.M1X4_StateSwitch) refers to bsp_m1x4.o(i.M1X4_State_A) for M1X4_State_A
    main.o(i.M1X4_StateSwitch) refers to bsp_m1x4.o(i.M1X4_State_B) for M1X4_State_B
    main.o(i.M1X4_StateSwitch) refers to bsp_m1x4.o(i.M1X4_State_C) for M1X4_State_C
    main.o(i.M1X4_StateSwitch) refers to bsp_m1x4.o(i.M1X4_State_D) for M1X4_State_D
    main.o(i.M1X4_StateSwitch) refers to printfa.o(i.__0printf) for __2printf
    main.o(i.M1X4_StateSwitch) refers to bsp_m1x4.o(i.NonLatching_M1X4State_A) for NonLatching_M1X4State_A
    main.o(i.M1X4_StateSwitch) refers to bsp_m1x4.o(i.NonLatching_M1X4State_B) for NonLatching_M1X4State_B
    main.o(i.M1X4_StateSwitch) refers to bsp_m1x4.o(i.NonLatching_M1X4State_C) for NonLatching_M1X4State_C
    main.o(i.M1X4_StateSwitch) refers to bsp_m1x4.o(i.NonLatching_M1X4State_D) for NonLatching_M1X4State_D
    main.o(i.S1X4_Chenck_Fun) refers to bsp_s1x4.o(i.S1X4_CHENCK) for S1X4_CHENCK
    main.o(i.S1X4_Chenck_Fun) refers to main.o(i.S1X4_StateSwitch) for S1X4_StateSwitch
    main.o(i.S1X4_Chenck_Fun) refers to bsp_mxn.o(.data) for Switch
    main.o(i.S1X4_StateSwitch) refers to bsp_s1x4.o(i.Latch_S1X4_COMP1) for Latch_S1X4_COMP1
    main.o(i.S1X4_StateSwitch) refers to bsp_s1x4.o(i.Latch_S1X4_COMP2) for Latch_S1X4_COMP2
    main.o(i.S1X4_StateSwitch) refers to bsp_s1x4.o(i.Latch_S1X4_COMP3) for Latch_S1X4_COMP3
    main.o(i.S1X4_StateSwitch) refers to bsp_s1x4.o(i.Latch_S1X4_COMP4) for Latch_S1X4_COMP4
    main.o(i.S1X4_StateSwitch) refers to printfa.o(i.__0printf) for __2printf
    main.o(i.S1X4_StateSwitch) refers to bsp_s1x4.o(i.NonLatch_S1X4_COMP1) for NonLatch_S1X4_COMP1
    main.o(i.S1X4_StateSwitch) refers to bsp_s1x4.o(i.NonLatch_S1X4_COMP2) for NonLatch_S1X4_COMP2
    main.o(i.S1X4_StateSwitch) refers to bsp_s1x4.o(i.NonLatch_S1X4_COMP3) for NonLatch_S1X4_COMP3
    main.o(i.S1X4_StateSwitch) refers to bsp_s1x4.o(i.NonLatch_S1X4_COMP4) for NonLatch_S1X4_COMP4
    main.o(i.S1X8_Chenck_Fun) refers to bsp_s1x8.o(i.Latch_S1X8_CHENCH) for Latch_S1X8_CHENCH
    main.o(i.S1X8_Chenck_Fun) refers to main.o(i.S1X8_StateSwitch) for S1X8_StateSwitch
    main.o(i.S1X8_Chenck_Fun) refers to bsp_mxn.o(.data) for Switch
    main.o(i.S1X8_StateSwitch) refers to bsp_s1x8.o(i.Latch_S1X8_COM_P1) for Latch_S1X8_COM_P1
    main.o(i.S1X8_StateSwitch) refers to bsp_s1x8.o(i.Latch_S1X8_COM_P2) for Latch_S1X8_COM_P2
    main.o(i.S1X8_StateSwitch) refers to bsp_s1x8.o(i.Latch_S1X8_COM_P3) for Latch_S1X8_COM_P3
    main.o(i.S1X8_StateSwitch) refers to bsp_s1x8.o(i.Latch_S1X8_COM_P4) for Latch_S1X8_COM_P4
    main.o(i.S1X8_StateSwitch) refers to bsp_s1x8.o(i.Latch_S1X8_COM_P5) for Latch_S1X8_COM_P5
[...]
    i.HAL_ADC_Start                          0x08001a10   Section        0  stm32f4xx_hal_adc.o(i.HAL_ADC_Start)
    i.HAL_GPIO_EXTI_Callback                 0x08001b14   Section        0  bsp_key.o(i.HAL_GPIO_EXTI_Callback)
    i.HAL_GPIO_EXTI_IRQHandler               0x08001b4c   Section        0  stm32f4xx_hal_gpio.o(i.HAL_GPIO_EXTI_IRQHandler)
    i.HAL_GPIO_Init                          0x08001b68   Section        0  stm32f4xx_hal_gpio.o(i.HAL_GPIO_Init)
    i.HAL_GPIO_ReadPin                       0x08001d3c   Section        0  stm32f4xx_hal_gpio.o(i.HAL_GPIO_ReadPin)
    i.HAL_GPIO_WritePin                      0x08001d4c   Section        0  stm32f4xx_hal_gpio.o(i.HAL_GPIO_WritePin)
    i.HAL_GetTick                            0x08001d58   Section        0  stm32f4xx_hal.o(i.HAL_GetTick)
    i.HAL_I2C_Init                           0x08001d64   Section        0  stm32f4xx_hal_i2c.o(i.HAL_I2C_Init)
    i.HAL_I2C_IsDeviceReady                  0x08001f1c   Section        0  stm32f4xx_hal_i2c.o(i.HAL_I2C_IsDeviceReady)
    i.HAL_I2C_Mem_Read                       0x080020c0   Section        0  stm32f4xx_hal_i2c.o(i.HAL_I2C_Mem_Read)
    i.HAL_I2C_Mem_Write                      0x080023b4   Section        0  stm32f4xx_hal_i2c.o(i.HAL_I2C_Mem_Write)
    i.HAL_I2C_MspInit                        0x08002518   Section        0  i2c_device.o(i.HAL_I2C_MspInit)
    i.HAL_IncTick                            0x080025c8   Section        0  stm32f4xx_hal.o(i.HAL_IncTick)
    i.HAL_Init                               0x080025e0   Section        0  stm32f4xx_hal.o(i.HAL_Init)
    i.HAL_InitTick                           0x0800261c   Section        0  stm32f4xx_hal.o(i.HAL_InitTick)
    i.HAL_MspInit                            0x08002668   Section        0  stm32f4xx_hal_msp.o(i.HAL_MspInit)
    i.HAL_NVIC_EnableIRQ                     0x0800266a   Section        0  stm32f4xx_hal_cortex.o(i.HAL_NVIC_EnableIRQ)
    i.HAL_NVIC_SetPriority                   0x08002684   Section        0  stm32f4xx_hal_cortex.o(i.HAL_NVIC_SetPriority)
    i.HAL_NVIC_SetPriorityGrouping           0x08002700   Section        0  stm32f4xx_hal_cortex.o(i.HAL_NVIC_SetPriorityGrouping)
    i.HAL_RCC_ClockConfig                    0x08002728   Section        0  stm32f4xx_hal_rcc.o(i.HAL_RCC_ClockConfig)
    i.HAL_RCC_GetHCLKFreq                    0x080028a8   Section        0  stm32f4xx_hal_rcc.o(i.HAL_RCC_GetHCLKFreq)
    i.HAL_RCC_GetPCLK1Freq                   0x080028b4   Section        0  stm32f4xx_hal_rcc.o(i.HAL_RCC_GetPCLK1Freq)
    i.HAL_RCC_GetPCLK2Freq                   0x080028d4   Section        0  stm32f4xx_hal_rcc.o(i.HAL_RCC_GetPCLK2Freq)
    i.HAL_RCC_GetSysClockFreq                0x080028f4   Section        0  stm32f4xx_hal_rcc.o(i.HAL_RCC_GetSysClockFreq)
    i.HAL_RCC_OscConfig                      0x080029a4   Section        0  stm32f4xx_hal_rcc.o(i.HAL_RCC_OscConfig)
    i.HAL_SYSTICK_CLKSourceConfig            0x08002dec   Section        0  stm32f4xx_hal_cortex.o(i.HAL_SYSTICK_CLKSourceConfig)
    i.HAL_SYSTICK_Config                     0x08002e14   Section        0  stm32f4xx_hal_cortex.o(i.HAL_SYSTICK_Config)
    i.HAL_TIMEx_BreakCallback                0x08002e48   Section        0  stm32f4xx_hal_tim_ex.o(i.HAL_TIMEx_BreakCallback)
    i.HAL_TIMEx_CommutCallback               0x08002e4a   Section        0  stm32f4xx_hal_tim_ex.o(i.HAL_TIMEx_CommutCallback)
    i.HAL_TIM_IC_CaptureCallback             0x08002e4c   Section        0  stm32f4xx_hal_tim.o(i.HAL_TIM_IC_CaptureCallback)
    i.HAL_TIM_IRQHandler                     0x08002e4e   Section        0  stm32f4xx_hal_tim.o(i.HAL_TIM_IRQHandler)
    i.HAL_TIM_OC_DelayElapsedCallback        0x08002fe4   Section        0  stm32f4xx_hal_tim.o(i.HAL_TIM_OC_DelayElapsedCallback)
    i.HAL_TIM_PWM_PulseFinishedCallback      0x08002fe6   Section        0  stm32f4xx_hal_tim.o(i.HAL_TIM_PWM_PulseFinishedCallback)
    i.HAL_TIM_PeriodElapsedCallback          0x08002fe8   Section        0  timer.o(i.HAL_TIM_PeriodElapsedCallback)
    i.HAL_TIM_TriggerCallback                0x080030dc   Section        0  stm32f4xx_hal_tim.o(i.HAL_TIM_TriggerCallback)
    i.HAL_UART_Init                          0x080030de   Section        0  stm32f4xx_hal_uart.o(i.HAL_UART_Init)
    i.HAL_UART_MspInit                       0x08003150   Section        0  usart.o(i.HAL_UART_MspInit)
    i.HAL_UART_Receive_IT                    0x080031ec   Section        0  stm32f4xx_hal_uart.o(i.HAL_UART_Receive_IT)
    i.HardFault_Handler                      0x0800325c   Section        0  stm32f4xx_it.o(i.HardFault_Handler)
    i.I2C_IsAcknowledgeFailed                0x08003260   Section        0  stm32f4xx_hal_i2c.o(i.I2C_IsAcknowledgeFailed)
    I2C_IsAcknowledgeFailed                  0x08003261   Thumb Code    62  stm32f4xx_hal_i2c.o(i.I2C_IsAcknowledgeFailed)
    i.I2C_RequestMemoryRead                  0x080032a0   Section        0  stm32f4xx_hal_i2c.o(i.I2C_RequestMemoryRead)
    I2C_RequestMemoryRead                    0x080032a1   Thumb Code   308  stm32f4xx_hal_i2c.o(i.I2C_RequestMemoryRead)
    i.I2C_RequestMemoryWrite                 0x080033d8   Section        0  stm32f4xx_hal_i2c.o(i.I2C_RequestMemoryWrite)
    I2C_RequestMemoryWrite                   0x080033d9   Thumb Code   200  stm32f4xx_hal_i2c.o(i.I2C_RequestMemoryWrite)
    i.I2C_WaitOnBTFFlagUntilTimeout          0x080034a4   Section        0  stm32f4xx_hal_i2c.o(i.I2C_WaitOnBTFFlagUntilTimeout)
    I2C_WaitOnBTFFlagUntilTimeout            0x080034a5   Thumb Code    92  stm32f4xx_hal_i2c.o(i.I2C_WaitOnBTFFlagUntilTimeout)
    i.I2C_WaitOnFlagUntilTimeout             0x08003500   Section        0  stm32f4xx_hal_i2c.o(i.I2C_WaitOnFlagUntilTimeout)
    I2C_WaitOnFlagUntilTimeout               0x08003501   Thumb Code   134  stm32f4xx_hal_i2c.o(i.I2C_WaitOnFlagUntilTimeout)
    i.I2C_WaitOnMasterAddressFlagUntilTimeout 0x08003586   Section        0  stm32f4xx_hal_i2c.o(i.I2C_WaitOnMasterAddressFlagUntilTimeout)
    I2C_WaitOnMasterAddressFlagUntilTimeout  0x08003587   Thumb Code   196  stm32f4xx_hal_i2c.o(i.I2C_WaitOnMasterAddressFlagUntilTimeout)
    i.I2C_WaitOnRXNEFlagUntilTimeout         0x0800364a   Section        0  stm32f4xx_hal_i2c.o(i.I2C_WaitOnRXNEFlagUntilTimeout)
    I2C_WaitOnRXNEFlagUntilTimeout           0x0800364b   Thumb Code   128  stm32f4xx_hal_i2c.o(i.I2C_WaitOnRXNEFlagUntilTimeout)
    i.I2C_WaitOnTXEFlagUntilTimeout          0x080036ca   Section        0  stm32f4xx_hal_i2c.o(i.I2C_WaitOnTXEFlagUntilTimeout)
    I2C_WaitOnTXEFlagUntilTimeout            0x080036cb   Thumb Code    92  stm32f4xx_hal_i2c.o(i.I2C_WaitOnTXEFlagUntilTimeout)
    i.KEY_GPIO_Init                          0x08003728   Section        0  bsp_key.o(i.KEY_GPIO_Init)
    i.Latch_C1X2_StateA                      0x080037a0   Section        0  bsp_c1x2g.o(i.Latch_C1X2_StateA)
    i.Latch_C1X2_StateB                      0x0800382c   Section        0  bsp_c1x2g.o(i.Latch_C1X2_StateB)
    i.Latch_S1X4_COMP1                       0x080038b8   Section        0  bsp_s1x4.o(i.Latch_S1X4_COMP1)
    i.Latch_S1X4_COMP2                       0x08003920   Section        0  bsp_s1x4.o(i.Latch_S1X4_COMP2)
    i.Latch_S1X4_COMP3                       0x08003988   Section        0  bsp_s1x4.o(i.Latch_S1X4_COMP3)
    i.Latch_S1X4_COMP4                       0x080039f0   Section        0  bsp_s1x4.o(i.Latch_S1X4_COMP4)
    i.Latch_S1X8_CHENCH                      0x08003a58   Section        0  bsp_s1x8.o(i.Latch_S1X8_CHENCH)
    i.Latch_S1X8_COM_P1                      0x08003c24   Section        0  bsp_s1x8.o(i.Latch_S1X8_COM_P1)
    i.Latch_S1X8_COM_P2                      0x08003cc0   Section        0  bsp_s1x8.o(i.Latch_S1X8_COM_P2)
    i.Latch_S1X8_COM_P3                      0x08003d5c   Section        0  bsp_s1x8.o(i.Latch_S1X8_COM_P3)
    i.Latch_S1X8_COM_P4                      0x08003df8   Section        0  bsp_s1x8.o(i.Latch_S1X8_COM_P4)
    i.Latch_S1X8_COM_P5                      0x08003e94   Section        0  bsp_s1x8.o(i.Latch_S1X8_COM_P5)
    i.Latch_S1X8_COM_P6                      0x08003f30   Section        0  bsp_s1x8.o(i.Latch_S1X8_COM_P6)
    i.Latch_S1X8_COM_P7                      0x08003fcc   Section        0  bsp_s1x8.o(i.Latch_S1X8_COM_P7)
    i.Latch_S1X8_COM_P8                      0x08004068   Section        0  bsp_s1x8.o(i.Latch_S1X8_COM_P8)
    i.Logic_CmdFun                           0x08004104   Section        0  uart_cmd.o(i.Logic_CmdFun)
    i.M1X1_CHENCK                            0x080041bc   Section        0  bsp_mxn.o(i.M1X1_CHENCK)
    i.M1X1_Chenck_Fun                        0x0800429c   Section        0  main.o(i.M1X1_Chenck_Fun)
    i.M1X1_GPIO_Init                         0x080042cc   Section        0  bsp_mxn.o(i.M1X1_GPIO_Init)
    i.M1X1_StateA                            0x08004320   Section        0  bsp_mxn.o(i.M1X1_StateA)
    i.M1X1_StateB                            0x08004384   Section        0  bsp_mxn.o(i.M1X1_StateB)
    i.M1X1_StateSwitch                       0x080043e8   Section        0  main.o(i.M1X1_StateSwitch)
    i.M1X4_CHENCK                            0x08004428   Section        0  bsp_m1x4.o(i.M1X4_CHENCK)
    i.M1X4_Chenck_Fun                        0x08004594   Section        0  main.o(i.M1X4_Chenck_Fun)
    i.M1X4_GPIO_Init                         0x080045c8   Section        0  bsp_m1x4.o(i.M1X4_GPIO_Init)
    i.M1X4_StateSwitch                       0x0800467c   Section        0  main.o(i.M1X4_StateSwitch)
    i.M1X4_State_A                           0x08004734   Section        0  bsp_m1x4.o(i.M1X4_State_A)
    i.M1X4_State_B                           0x080047d8   Section        0  bsp_m1x4.o(i.M1X4_State_B)
    i.M1X4_State_C                           0x0800487c   Section        0  bsp_m1x4.o(i.M1X4_State_C)
    i.M1X4_State_D                           0x08004920   Section        0  bsp_m1x4.o(i.M1X4_State_D)
    i.MemManage_Handler                      0x080049c4   Section        0  stm32f4xx_it.o(i.MemManage_Handler)
    i.NMI_Handler                            0x080049c8   Section        0  stm32f4xx_it.o(i.NMI_Handler)
    i.NVIC_GetPriorityGrouping               0x080049cc   Section        0  stm32f4xx_hal_cortex.o(i.NVIC_GetPriorityGrouping)
    NVIC_GetPriorityGrouping                 0x080049cd   Thumb Code    10  stm32f4xx_hal_cortex.o(i.NVIC_GetPriorityGrouping)
    i.NVIC_SetPriority                       0x080049dc   Section        0  stm32f4xx_hal_cortex.o(i.NVIC_SetPriority)
    NVIC_SetPriority                         0x080049dd   Thumb Code    32  stm32f4xx_hal_cortex.o(i.NVIC_SetPriority)
    i.NonLatch_C1X2_StateA                   0x08004a04   Section        0  bsp_c1x2g.o(i.NonLatch_C1X2_StateA)
    i.NonLatch_S1X4_COMP1                    0x08004a78   Section        0  bsp_s1x4.o(i.NonLatch_S1X4_COMP1)
    i.NonLatch_S1X4_COMP2                    0x08004b10   Section        0  bsp_s1x4.o(i.NonLatch_S1X4_COMP2)
    i.NonLatch_S1X4_COMP3                    0x08004ba8   Section        0  bsp_s1x4.o(i.NonLatch_S1X4_COMP3)
    i.NonLatch_S1X4_COMP4                    0x08004c40   Section        0  bsp_s1x4.o(i.NonLatch_S1X4_COMP4)
    i.NonLatch_S1X8_COM_P1                   0x08004cdc   Section        0  bsp_s1x8.o(i.NonLatch_S1X8_COM_P1)
    i.NonLatch_S1X8_COM_P2                   0x08004da0   Section        0  bsp_s1x8.o(i.NonLatch_S1X8_COM_P2)
    i.NonLatch_S1X8_COM_P3                   0x08004e64   Section        0  bsp_s1x8.o(i.NonLatch_S1X8_COM_P3)
    i.NonLatch_S1X8_COM_P4                   0x08004f28   Section        0  bsp_s1x8.o(i.NonLatch_S1X8_COM_P4)
    i.NonLatch_S1X8_COM_P5                   0x08004fec   Section        0  bsp_s1x8.o(i.NonLatch_S1X8_COM_P5)
    i.NonLatch_S1X8_COM_P6                   0x080050b0   Section        0  bsp_s1x8.o(i.NonLatch_S1X8_COM_P6)
    i.NonLatch_S1X8_COM_P7                   0x08005174   Section        0  bsp_s1x8.o(i.NonLatch_S1X8_COM_P7)
    i.NonLatch_S1X8_COM_P8                   0x08005238   Section        0  bsp_s1x8.o(i.NonLatch_S1X8_COM_P8)
    i.NonLatching_M1X4State_A                0x080052fc   Section        0  bsp_m1x4.o(i.NonLatching_M1X4State_A)
    i.NonLatching_M1X4State_B                0x080053bc   Section        0  bsp_m1x4.o(i.NonLatching_M1X4State_B)
    i.NonLatching_M1X4State_C                0x08005478   Section        0  bsp_m1x4.o(i.NonLatching_M1X4State_C)
    i.NonLatching_M1X4State_D                0x08005534   Section        0  bsp_m1x4.o(i.NonLatching_M1X4State_D)
    i.PCA_GPIO_ReadPin                       0x080055f0   Section        0  bsp_nxp9698.o(i.PCA_GPIO_ReadPin)
    i.PendSV_Handler                         0x08005612   Section        0  stm32f4xx_it.o(i.PendSV_Handler)
    i.ProcessGPIOKeyTimer                    0x08005614   Section        0  bsp_key.o(i.ProcessGPIOKeyTimer)
    i.READ_TwoPin                            0x08005678   Section        0  bsp_nxp9698.o(i.READ_TwoPin)
    i.ReadByteForReg                         0x080056a8   Section        0  bsp_nxp9698.o(i.ReadByteForReg)
    i.S1X4_CHENCK                            0x080056cc   Section        0  bsp_s1x4.o(i.S1X4_CHENCK)
    i.S1X4_Chenck_Fun                        0x0800582c   Section        0  main.o(i.S1X4_Chenck_Fun)
    i.S1X4_GPIO_Init                         0x08005860   Section        0  bsp_s1x4.o(i.S1X4_GPIO_Init)
    i.S1X4_StateSwitch                       0x08005990   Section        0  main.o(i.S1X4_StateSwitch)
    i.S1X8_A_GROUP_P1                        0x08005a48   Section        0  bsp_s1x8.o(i.S1X8_A_GROUP_P1)
    i.S1X8_A_GROUP_P2                        0x08005a80   Section        0  bsp_s1x8.o(i.S1X8_A_GROUP_P2)
    i.S1X8_B_GROUP_P1                        0x08005ab8   Section        0  bsp_s1x8.o(i.S1X8_B_GROUP_P1)
    i.S1X8_B_GROUP_P2                        0x08005af0   Section        0  bsp_s1x8.o(i.S1X8_B_GROUP_P2)
    i.S1X8_C_GROUP_P1                        0x08005b28   Section        0  bsp_s1x8.o(i.S1X8_C_GROUP_P1)
    i.S1X8_C_GROUP_P2                        0x08005b60   Section        0  bsp_s1x8.o(i.S1X8_C_GROUP_P2)
    i.S1X8_Chenck_Fun                        0x08005b98   Section        0  main.o(i.S1X8_Chenck_Fun)
    i.S1X8_GPIO_Init                         0x08005bcc   Section        0  bsp_s1x8.o(i.S1X8_GPIO_Init)
    i.S1X8_StateSwitch                       0x08005d3c   Section        0  main.o(i.S1X8_StateSwitch)
    i.SVC_Handler                            0x08005e34   Section        0  stm32f4xx_it.o(i.SVC_Handler)
    i.SetGPIOKeyTimer                        0x08005e38   Section        0  bsp_key.o(i.SetGPIOKeyTimer)
    i.Set_Timer                              0x08005e44   Section        0  main.o(i.Set_Timer)
    i.Stm32_Clock_Init                       0x08005eb8   Section        0  sys.o(i.Stm32_Clock_Init)
    i.Switch_select                          0x08005f94   Section        0  main.o(i.Switch_select)
    i.SysTick_Handler                        0x08005fe8   Section        0  stm32f4xx_it.o(i.SysTick_Handler)
    i.SystemInit                             0x08005ff4   Section        0  system_stm32f4xx.o(i.SystemInit)
    i.TIM4_IRQHandler                        0x08006058   Section        0  timer.o(i.TIM4_IRQHandler)
    i.UART_SetConfig                         0x08006068   Section        0  stm32f4xx_hal_uart.o(i.UART_SetConfig)
    UART_SetConfig                           0x08006069   Thumb Code   864  stm32f4xx_hal_uart.o(i.UART_SetConfig)
    i.USART1_IRQHandler                      0x080063d0   Section        0  usart.o(i.USART1_IRQHandler)
    i.UsageFault_Handler                     0x08006470   Section        0  stm32f4xx_it.o(i.UsageFault_Handler)
    i.WireMoreByteToReg                      0x08006474   Section        0  bsp_nxp9698.o(i.WireMoreByteToReg)
    i.__0printf                              0x080064a0   Section        0  printfa.o(i.__0printf)
    i.__aeabi_errno_addr                     0x080064c0   Section        0  errno.o(i.__aeabi_errno_addr)
    i.__scatterload_copy                     0x080064c8   Section       14  handlers.o(i.__scatterload_copy)
    i.__scatterload_null                     0x080064d6   Section        2  handlers.o(i.__scatterload_null)
    i.__scatterload_zeroinit                 0x080064d8   Section       14  handlers.o(i.__scatterload_zeroinit)
    i._fp_digits                             0x080064e8   Section        0  printfa.o(i._fp_digits)
    _fp_digits                               0x080064e9   Thumb Code   366  printfa.o(i._fp_digits)
    i._printf_core                           0x0800666c   Section        0  printfa.o(i._printf_core)
    _printf_core                             0x0800666d   Thumb Code  1704  printfa.o(i._printf_core)
    i._printf_post_padding                   0x08006d20   Section        0  printfa.o(i._printf_post_padding)
    _printf_post_padding                     0x08006d21   Thumb Code    36  printfa.o(i._printf_post_padding)
    i._printf_pre_padding                    0x08006d44   Section        0  printfa.o(i._printf_pre_padding)
    _printf_pre_padding                      0x08006d45   Thumb Code    46  printfa.o(i._printf_pre_padding)
    i.ad5175_Init                            0x08006d74   Section        0  ad517x_lib.o(i.ad5175_Init)
    i.bsp_Init                               0x08006dd4   Section        0  main.o(i.bsp_Init)
    i.delay_init                             0x08006e04   Section        0  delay.o(i.delay_init)
    i.delay_ms                               0x08006e18   Section        0  delay.o(i.delay_ms)
    i.delay_us                               0x08006e30   Section        0  delay.o(i.delay_us)
    i.extractCommand                         0x08006e78   Section        0  uart_cmd.o(i.extractCommand)
    extractCommand                           0x08006e79   Thumb Code    84  uart_cmd.o(i.extractCommand)
    i.fputc                                  0x08006ecc   Section        0  usart.o(i.fputc)
    i.isAllLetters                           0x08006ee8   Section        0  uart_cmd.o(i.isAllLetters)
    isAllLetters                             0x08006ee9   Thumb Code    38  uart_cmd.o(i.isAllLetters)
    i.main                                   0x08006f10   Section        0  main.o(i.main)
    i.nxp_Init                               0x0800709c   Section        0  bsp_nxp9698.o(i.nxp_Init)
    i.uart_init                              0x08007128   Section        0  usart.o(i.uart_init)
    .constdata                               0x08007160   Section      280  main.o(.constdata)
    .constdata                               0x08007278   Section       24  system_stm32f4xx.o(.constdata)
    .constdata                               0x08007290   Section      129  ctype_o.o(.constdata)
    .constdata                               0x08007314   Section        4  ctype_o.o(.constdata)
    table                                    0x08007314   Data           4  ctype_o.o(.constdata)
    .conststring                             0x08007318   Section       46  uart_cmd.o(.conststring)
    .data                                    0x20000000   Section        1  main.o(.data)
    .data                                    0x20000004   Section        4  system_stm32f4xx.o(.data)
    .data                                    0x20000008   Section        4  delay.o(.data)
    fac_us                                   0x20000008   Data           4  delay.o(.data)
    .data                                    0x2000000c   Section       11  usart.o(.data)
    .data                                    0x20000018   Section        9  stm32f4xx_hal.o(.data)
    .data                                    0x20000022   Section       18  timer.o(.data)
    ms2                                      0x20000028   Data           2  timer.o(.data)
    ms5                                      0x2000002a   Data           2  timer.o(.data)
    ms10                                     0x2000002c   Data           2  timer.o(.data)
    ms100                                    0x2000002e   Data           2  timer.o(.data)
    ms200                                    0x20000030   Data           2  timer.o(.data)
    ms400                                    0x20000032   Data           2  timer.o(.data)
    .data                                    0x20000034   Section     1484  uart_cmd.o(.data)
    .data                                    0x20000600   Section        1  bsp_mxn.o(.data)
    .data                                    0x20000604   Section       10  bsp_key.o(.data)
    timers                                   0x20000604   Data           8  bsp_key.o(.data)
    key_up                                   0x2000060d   Data           1  bsp_key.o(.data)
    .data                                    0x20000610   Section        4  strtok.o(.data)
    state                                    0x20000610   Data           4  strtok.o(.data)
    .data                                    0x20000614   Section        4  errno.o(.data)
    _errno                                   0x20000614   Data           4  errno.o(.data)
    .bss                                     0x20000618   Section      840  usart.o(.bss)
    .bss                                     0x20000960   Section       72  adc.o(.bss)
    .bss                                     0x200009a8   Section       64  timer.o(.bss)
    .bss                                     0x200009e8   Section       84  i2c_device.o(.bss)
    STACK                                    0x20000a40   Section     1024  startup_stm32f411xe.o(STACK)

    Global Symbols

    Symbol Name                              Value     Ov Type        Size  Object(Section)

    BuildAttributes$$THM_ISAv4$E$P$D$K$B$S$7EM$VFPi3$EXTD16$VFPS$VFMA$PE$A:L22UL41UL21$X:L11$S22US41US21$IEEE1$IW$USESV6$~STKCKD$USESV7$~SHL$OSPACE$ROPI$EBA8$MICROLIB$REQ8$PRES8$EABIv2 0x00000000   Number         0  anon$$obj.o ABSOLUTE
    __ARM_use_no_argv                        0x00000000   Number         0  main.o ABSOLUTE
    __use_no_errno                           0x00000000   Number         0  useno.o ABSOLUTE
    __use_no_exception_handling              0x00000000   Number         0  useno.o ABSOLUTE
    __use_no_fp                              0x00000000   Number         0  useno.o ABSOLUTE
    __use_no_heap                            0x00000000   Number         0  useno.o ABSOLUTE
    __use_no_heap_region                     0x00000000   Number         0  useno.o ABSOLUTE
    __use_no_semihosting                     0x00000000   Number         0  useno.o ABSOLUTE
    __use_no_semihosting_swi                 0x00000000   Number         0  useno.o ABSOLUTE
    __use_no_signal_handling                 0x00000000   Number         0  useno.o ABSOLUTE
    _printf_a                                0x00000000   Number         0  stubs.o ABSOLUTE
    _printf_c                                0x00000000   Number         0  stubs.o ABSOLUTE
    _printf_charcount                        0x00000000   Number         0  stubs.o ABSOLUTE
    _printf_d                                0x00000000   Number         0  stubs.o ABSOLUTE
    _printf_e                                0x00000000   Number         0  stubs.o ABSOLUTE
    _printf_f                                0x00000000   Number         0  stubs.o ABSOLUTE
    _printf_flags                            0x00000000   Number         0  stubs.o ABSOLUTE
    _printf_fp_dec                           0x00000000   Number         0  stubs.o ABSOLUTE
    _printf_fp_hex                           0x00000000   Number         0  stubs.o ABSOLUTE
    _printf_g                                0x00000000   Number         0  stubs.o ABSOLUTE
    _printf_i                                0x00000000   Number         0  stubs.o ABSOLUTE
    _printf_int_dec                          0x00000000   Number         0  stubs.o ABSOLUTE
    _printf_l                                0x00000000   Number         0  stubs.o ABSOLUTE
    _printf_lc                               0x00000000   Number         0  stubs.o ABSOLUTE
    _printf_ll                               0x00000000   Number         0  stubs.o ABSOLUTE
    _printf_lld                              0x00000000   Number         0  stubs.o ABSOLUTE
    _printf_lli                              0x00000000   Number         0  stubs.o ABSOLUTE
    _printf_llo                              0x00000000   Number         0  stubs.o ABSOLUTE
    _printf_llu                              0x00000000   Number         0  stubs.o ABSOLUTE
    _printf_llx                              0x00000000   Number         0  stubs.o ABSOLUTE
    _printf_longlong_dec                     0x00000000   Number         0  stubs.o ABSOLUTE
    _printf_longlong_hex                     0x00000000   Number         0  stubs.o ABSOLUTE
    _printf_longlong_oct                     0x00000000   Number         0  stubs.o ABSOLUTE
    _printf_ls                               0x00000000   Number         0  stubs.o ABSOLUTE
    _printf_mbtowc                           0x00000000   Number         0  stubs.o ABSOLUTE
    _printf_n                                0x00000000   Number         0  stubs.o ABSOLUTE
    _printf_o                                0x00000000   Number         0  stubs.o ABSOLUTE
    _printf_p                                0x00000000   Number         0  stubs.o ABSOLUTE
    _printf_percent                          0x00000000   Number         0  stubs.o ABSOLUTE
    _printf_pre_padding                      0x00000000   Number         0  stubs.o ABSOLUTE
    _printf_return_value                     0x00000000   Number         0  stubs.o ABSOLUTE
    _printf_s                                0x00000000   Number         0  stubs.o ABSOLUTE
    _printf_sizespec                         0x00000000   Number         0  stubs.o ABSOLUTE
    _printf_str                              0x00000000   Number         0  stubs.o ABSOLUTE
    _printf_truncate_signed                  0x00000000   Number         0  stubs.o ABSOLUTE
    _printf_truncate_unsigned                0x00000000   Number         0  stubs.o ABSOLUTE
    _printf_u                                0x00000000   Number         0  stubs.o ABSOLUTE
    _printf_wc                               0x00000000   Number         0  stubs.o ABSOLUTE
    _printf_wctomb                           0x00000000   Number         0  stubs.o ABSOLUTE
    _printf_widthprec                        0x00000000   Number         0  stubs.o ABSOLUTE
    _printf_x                                0x00000000   Number         0  stubs.o ABSOLUTE
    __arm_fini_                               - Undefined Weak Reference
    __cpp_initialize__aeabi_                  - Undefined Weak Reference
    __cxa_finalize                            - Undefined Weak Reference
    _clock_init                               - Undefined Weak Reference
    _microlib_exit                            - Undefined Weak Reference
    __Vectors_Size                           0x00000198   Number         0  startup_stm32f411xe.o ABSOLUTE
    __Vectors                                0x08000000   Data           4  startup_stm32f411xe.o(RESET)
    __Vectors_End                            0x08000198   Data           0  startup_stm32f411xe.o(RESET)
    __main                                   0x08000199   Thumb Code     0  entry.o(.ARM.Collect$$$$00000000)
    _main_stk                                0x08000199   Thumb Code     0  entry2.o(.ARM.Collect$$$$00000001)
    _main_scatterload                        0x0800019d   Thumb Code     0  entry5.o(.ARM.Collect$$$$00000004)
    __main_after_scatterload                 0x080001a1   Thumb Code     0  entry5.o(.ARM.Collect$$$$00000004)
    _main_clock                              0x080001a1   Thumb Code     0  entry7b.o(.ARM.Collect$$$$00000008)
    _main_cpp_init                           0x080001a1   Thumb Code     0  entry8b.o(.ARM.Collect$$$$0000000A)
    _main_init                               0x080001a1   Thumb Code     0  entry9a.o(.ARM.Collect$$$$0000000B)
    __rt_lib_shutdown_fini                   0x080001a9   Thumb Code     0  entry12b.o(.ARM.Collect$$$$0000000E)
    __rt_final_cpp                           0x080001ad   Thumb Code     0  entry10a.o(.ARM.Collect$$$$0000000F)
    __rt_final_exit                          0x080001ad   Thumb Code     0  entry11a.o(.ARM.Collect$$$$00000011)
    Reset_Handler                            0x080001b1   Thumb Code     8  startup_stm32f411xe.o(.text)
    ADC_IRQHandler                           0x080001cb   Thumb Code     0  startup_stm32f411xe.o(.text)
    DMA1_Stream0_IRQHandler                  0x080001cb   Thumb Code     0  startup_stm32f411xe.o(.text)
    DMA1_Stream1_IRQHandler                  0x080001cb   Thumb Code     0  startup_stm32f411xe.o(.text)
    DMA1_Stream2_IRQHandler                  0x080001cb   Thumb Code     0  startup_stm32f411xe.o(.text)
    DMA1_Stream3_IRQHandler                  0x080001cb   Thumb Code     0  startup_stm32f411xe.o(.text)
    DMA1_Stream4_IRQHandler                  0x080001cb   Thumb Code     0  startup_stm32f411xe.o(.text)
    DMA1_Stream5_IRQHandler                  0x080001cb   Thumb Code     0  startup_stm32f411xe.o(.text)
    DMA1_Stream6_IRQHandler                  0x080001cb   Thumb Code     0  startup_stm32f411xe.o(.text)
    DMA1_Stream7_IRQHandler                  0x080001cb   Thumb Code     0  startup_stm32f411xe.o(.text)
    DMA2_Stream0_IRQHandler                  0x080001cb   Thumb Code     0  startup_stm32f411xe.o(.text)
    DMA2_Stream1_IRQHandler                  0x080001cb   Thumb Code     0  startup_stm32f411xe.o(.text)
    DMA2_Stream2_IRQHandler                  0x080001cb   Thumb Code     0  startup_stm32f411xe.o(.text)
    DMA2_Stream3_IRQHandler                  0x080001cb   Thumb Code     0  startup_stm32f411xe.o(.text)
    DMA2_Stream4_IRQHandler                  0x080001cb   Thumb Code     0  startup_stm32f411xe.o(.text)
    DMA2_Stream5_IRQHandler                  0x080001cb   Thumb Code     0  startup_stm32f411xe.o(.text)
    DMA2_Stream6_IRQHandler                  0x080001cb   Thumb Code     0  startup_stm32f411xe.o(.text)
    DMA2_Stream7_IRQHandler                  0x080001cb   Thumb Code     0  startup_stm32f411xe.o(.text)
    EXTI0_IRQHandler                         0x080001cb   Thumb Code     0  startup_stm32f411xe.o(.text)
    EXTI15_10_IRQHandler                     0x080001cb   Thumb Code     0  startup_stm32f411xe.o(.text)
    EXTI1_IRQHandler                         0x080001cb   Thumb Code     0  startup_stm32f411xe.o(.text)
    EXTI4_IRQHandler                         0x080001cb   Thumb Code     0  startup_stm32f411xe.o(.text)
    EXTI9_5_IRQHandler                       0x080001cb   Thumb Code     0  startup_stm32f411xe.o(.text)
    FLASH_IRQHandler                         0x080001cb   Thumb Code     0  startup_stm32f411xe.o(.text)
    FPU_IRQHandler                           0x080001cb   Thumb Code     0  startup_stm32f411xe.o(.text)
    I2C1_ER_IRQHandler                       0x080001cb   Thumb Code     0  startup_stm32f411xe.o(.text)
    I2C1_EV_IRQHandler                       0x080001cb   Thumb Code     0  startup_stm32f411xe.o(.text)
    I2C2_ER_IRQHandler                       0x080001cb   Thumb Code     0  startup_stm32f411xe.o(.text)
    I2C2_EV_IRQHandler                       0x080001cb   Thumb Code     0  startup_stm32f411xe.o(.text)
    I2C3_ER_IRQHandler                       0x080001cb   Thumb Code     0  startup_stm32f411xe.o(.text)
    I2C3_EV_IRQHandler                       0x080001cb   Thumb Code     0  startup_stm32f411xe.o(.text)
    OTG_FS_IRQHandler                        0x080001cb   Thumb Code     0  startup_stm32f411xe.o(.text)
    OTG_FS_WKUP_IRQHandler                   0x080001cb   Thumb Code     0  startup_stm32f411xe.o(.text)
    PVD_IRQHandler                           0x080001cb   Thumb Code     0  startup_stm32f411xe.o(.text)
    RCC_IRQHandler                           0x080001cb   Thumb Code     0  startup_stm32f411xe.o(.text)
    RTC_Alarm_IRQHandler                     0x080001cb   Thumb Code     0  startup_stm32f411xe.o(.text)
    RTC_WKUP_IRQHandler                      0x080001cb   Thumb Code     0  startup_stm32f411xe.o(.text)
    SDIO_IRQHandler                          0x080001cb   Thumb Code     0  startup_stm32f411xe.o(.text)
    SPI1_IRQHandler                          0x080001cb   Thumb Code     0  startup_stm32f411xe.o(.text)
    SPI2_IRQHandler                          0x080001cb   Thumb Code     0  startup_stm32f411xe.o(.text)
    SPI3_IRQHandler                          0x080001cb   Thumb Code     0  startup_stm32f411xe.o(.text)
    SPI4_IRQHandler                          0x080001cb   Thumb Code     0  startup_stm32f411xe.o(.text)
    SPI5_IRQHandler                          0x080001cb   Thumb Code     0  startup_stm32f411xe.o(.text)
    TAMP_STAMP_IRQHandler                    0x080001cb   Thumb Code     0  startup_stm32f411xe.o(.text)
    TIM1_BRK_TIM9_IRQHandler                 0x080001cb   Thumb Code     0  startup_stm32f411xe.o(.text)
    TIM1_CC_IRQHandler                       0x080001cb   Thumb Code     0  startup_stm32f411xe.o(.text)
    TIM1_TRG_COM_TIM11_IRQHandler            0x080001cb   Thumb Code     0  startup_stm32f411xe.o(.text)
    TIM1_UP_TIM10_IRQHandler                 0x080001cb   Thumb Code     0  startup_stm32f411xe.o(.text)
    TIM2_IRQHandler                          0x080001cb   Thumb Code     0  startup_stm32f411xe.o(.text)
    TIM3_IRQHandler                          0x080001cb   Thumb Code     0  startup_stm32f411xe.o(.text)
    TIM5_IRQHandler                          0x080001cb   Thumb Code     0  startup_stm32f411xe.o(.text)
    USART2_IRQHandler                        0x080001cb   Thumb Code     0  startup_stm32f411xe.o(.text)
    USART6_IRQHandler                        0x080001cb   Thumb Code     0  startup_stm32f411xe.o(.text)
    WWDG_IRQHandler                          0x080001cb   Thumb Code     0  startup_stm32f411xe.o(.text)
    __aeabi_uldivmod                         0x080001d5   Thumb Code    98  uldiv.o(.text)
    __rt_ctype_table                         0x08000239   Thumb Code     4  ctype_o.o(.text)
    __aeabi_memcpy                           0x08000241   Thumb Code    36  memcpya.o(.text)
    __aeabi_memcpy4                          0x08000241   Thumb Code     0  memcpya.o(.text)
    __aeabi_memcpy8                          0x08000241   Thumb Code     0  memcpya.o(.text)
    __aeabi_memset                           0x08000265   Thumb Code    14  memseta.o(.text)
    __aeabi_memset4                          0x08000265   Thumb Code     0  memseta.o(.text)
    __aeabi_memset8                          0x08000265   Thumb Code     0  memseta.o(.text)
    __aeabi_memclr                           0x08000273   Thumb Code     4  memseta.o(.text)
    __aeabi_memclr4                          0x08000273   Thumb Code     0  memseta.o(.text)
    __aeabi_memclr8                          0x08000273   Thumb Code     0  memseta.o(.text)
    _memset$wrapper                          0x08000277   Thumb Code    18  memseta.o(.text)
    strncpy                                  0x08000289   Thumb Code    24  strncpy.o(.text)
    strchr                                   0x080002a1   Thumb Code    20  strchr.o(.text)
    strlen                                   0x080002b5   Thumb Code    14  strlen.o(.text)
    strcmp                                   0x080002c3   Thumb Code    28  strcmp.o(.text)
    strcpy                                   0x080002df   Thumb Code    18  strcpy.o(.text)
    strtok                                   0x080002f1   Thumb Code    62  strtok.o(.text)
    atoi                                     0x08000335   Thumb Code    26  atoi.o(.text)
    __aeabi_f2d                              0x0800034f   Thumb Code    38  f2d.o(.text)
    __aeabi_uidiv                            0x08000375   Thumb Code     0  uidiv.o(.text)
    __aeabi_uidivmod                         0x08000375   Thumb Code    44  uidiv.o(.text)
    __aeabi_llsl                             0x080003a1   Thumb Code    30  llshl.o(.text)
    _ll_shift_l                              0x080003a1   Thumb Code     0  llshl.o(.text)
    __aeabi_llsr                             0x080003bf   Thumb Code    32  llushr.o(.text)
    _ll_ushift_r                             0x080003bf   Thumb Code     0  llushr.o(.text)
    strtol                                   0x080003df   Thumb Code   112  strtol.o(.text)
    __I$use$fp                               0x0800044f   Thumb Code     0  iusefp.o(.text)
    __aeabi_dadd                             0x0800044f   Thumb Code   322  dadd.o(.text)
    __aeabi_dsub                             0x08000591   Thumb Code     6  dadd.o(.text)
    __aeabi_drsub                            0x08000597   Thumb Code     6  dadd.o(.text)
    __aeabi_dmul                             0x0800059d   Thumb Code   228  dmul.o(.text)
    __aeabi_ddiv                             0x08000681   Thumb Code   222  ddiv.o(.text)
    __aeabi_d2ulz                            0x0800075f   Thumb Code    48  dfixul.o(.text)
    __aeabi_cdrcmple                         0x08000791   Thumb Code    48  cdrcmple.o(.text)
    __scatterload                            0x080007c1   Thumb Code    28  init.o(.text)
    __scatterload_rt2                        0x080007c1   Thumb Code     0  init.o(.text)
    __aeabi_lasr                             0x080007e5   Thumb Code    36  llsshr.o(.text)
    _ll_sshift_r                             0x080007e5   Thumb Code     0  llsshr.o(.text)
    _strtoul                                 0x08000809   Thumb Code   158  _strtoul.o(.text)
    _double_round                            0x080008a7   Thumb Code    30  depilogue.o(.text)
    _double_epilogue                         0x080008c5   Thumb Code   156  depilogue.o(.text)
    _chval                                   0x08000961   Thumb Code    28  _chval.o(.text)
    __decompress                             0x0800097d   Thumb Code     0  __dczerorl2.o(.text)
    __decompress1                            0x0800097d   Thumb Code    86  __dczerorl2.o(.text)
    A_GROUP_P1                               0x08000b35   Thumb Code    46  bsp_s1x4.o(i.A_GROUP_P1)
    A_GROUP_P2                               0x08000b69   Thumb Code    46  bsp_s1x4.o(i.A_GROUP_P2)
    Adc_Init                                 0x08000b9d   Thumb Code    58  adc.o(i.Adc_Init)
    B_GROUP_P1                               0x08000be5   Thumb Code    48  bsp_s1x4.o(i.B_GROUP_P1)
    B_GROUP_P2                               0x08000c1d   Thumb Code    48  bsp_s1x4.o(i.B_GROUP_P2)
    Bsp_I2c_Init                             0x08000c55   Thumb Code   122  i2c_device.o(i.Bsp_I2c_Init)
    BusFault_Handler                         0x08000cf1   Thumb Code     4  stm32f4xx_it.o(i.BusFault_Handler)
    C1X2G_CHENCK                             0x08000cf5   Thumb Code   146  bsp_c1x2g.o(i.C1X2G_CHENCK)
    C1X2G_Chenck_Fun                         0x08000dd9   Thumb Code    46  main.o(i.C1X2G_Chenck_Fun)
    C1X2G_GPIO_Init                          0x08000e0d   Thumb Code   196  bsp_c1x2g.o(i.C1X2G_GPIO_Init)
    C1X2G_StateSwitch                        0x08000ed9   Thumb Code    42  main.o(i.C1X2G_StateSwitch)
    CmdTable_Traversal                       0x08000f19   Thumb Code   676  uart_cmd.o(i.CmdTable_Traversal)
    Cmd_PreproccessCallBack                  0x0800124d   Thumb Code    64  uart_cmd.o(i.Cmd_PreproccessCallBack)
    D2X2B_CHENCK                             0x0800128d   Thumb Code   130  bsp_d2x2b.o(i.D2X2B_CHENCK)
    D2X2B_Chenck_Fun                         0x08001375   Thumb Code    44  main.o(i.D2X2B_Chenck_Fun)
    D2X2B_GPIO_Init                          0x080013a5   Thumb Code   132  bsp_d2x2b.o(i.D2X2B_GPIO_Init)
    D2X2B_StateSwitch                        0x08001431   Thumb Code    42  main.o(i.D2X2B_StateSwitch)
    D2X2B_State_Bar                          0x08001471   Thumb Code    78  bsp_d2x2b.o(i.D2X2B_State_Bar)
    D2X2B_State_Cross                        0x080014ed   Thumb Code    70  bsp_d2x2b.o(i.D2X2B_State_Cross)
    DebugMon_Handler                         0x08001561   Thumb Code     2  stm32f4xx_it.o(i.DebugMon_Handler)
    EXTI2_IRQHandler                         0x08001563   Thumb Code    10  bsp_key.o(i.EXTI2_IRQHandler)
    EXTI3_IRQHandler                         0x0800156d   Thumb Code    10  bsp_key.o(i.EXTI3_IRQHandler)
    GetADDATA                                0x08001579   Thumb Code   142  main.o(i.GetADDATA)
    Get_Adc                                  0x08001651   Thumb Code    52  adc.o(i.Get_Adc)
    Get_Adc_Average                          0x08001689   Thumb Code    40  adc.o(i.Get_Adc_Average)
    Get_TextTimer                            0x080016b1   Thumb Code    14  main.o(i.Get_TextTimer)
    HAL_ADC_ConfigChannel                    0x080016cd   Thumb Code   400  stm32f4xx_hal_adc.o(i.HAL_ADC_ConfigChannel)
    HAL_ADC_GetValue                         0x08001871   Thumb Code     8  stm32f4xx_hal_adc.o(i.HAL_ADC_GetValue)
    HAL_ADC_Init                             0x08001879   Thumb Code   100  stm32f4xx_hal_adc.o(i.HAL_ADC_Init)
    HAL_ADC_MspInit                          0x080018e1   Thumb Code    98  adc.o(i.HAL_ADC_MspInit)
    HAL_ADC_PollForConversion                0x0800194d   Thumb Code   194  stm32f4xx_hal_adc.o(i.HAL_ADC_PollForConversion)
    HAL_ADC_Start                            0x08001a11   Thumb Code   242  stm32f4xx_hal_adc.o(i.HAL_ADC_Start)
    HAL_GPIO_EXTI_Callback                   0x08001b15   Thumb Code    54  bsp_key.o(i.HAL_GPIO_EXTI_Callback)
    HAL_GPIO_EXTI_IRQHandler                 0x08001b4d   Thumb Code    24  stm32f4xx_hal_gpio.o(i.HAL_GPIO_EXTI_IRQHandler)
    HAL_GPIO_Init                            0x08001b69   Thumb Code   436  stm32f4xx_hal_gpio.o(i.HAL_GPIO_Init)
    HAL_GPIO_ReadPin                         0x08001d3d   Thumb Code    16  stm32f4xx_hal_gpio.o(i.HAL_GPIO_ReadPin)
    HAL_GPIO_WritePin                        0x08001d4d   Thumb Code    12  stm32f4xx_hal_gpio.o(i.HAL_GPIO_WritePin)
    HAL_GetTick                              0x08001d59   Thumb Code     6  stm32f4xx_hal.o(i.HAL_GetTick)
    HAL_I2C_Init                             0x08001d65   Thumb Code   422  stm32f4xx_hal_i2c.o(i.HAL_I2C_Init)
    HAL_I2C_IsDeviceReady                    0x08001f1d   Thumb Code   410  stm32f4xx_hal_i2c.o(i.HAL_I2C_IsDeviceReady)
    HAL_I2C_Mem_Read                         0x080020c1   Thumb Code   744  stm32f4xx_hal_i2c.o(i.HAL_I2C_Mem_Read)
    HAL_I2C_Mem_Write                        0x080023b5   Thumb Code   348  stm32f4xx_hal_i2c.o(i.HAL_I2C_Mem_Write)
    HAL_I2C_MspInit                          0x08002519   Thumb Code   164  i2c_device.o(i.HAL_I2C_MspInit)
    HAL_IncTick                              0x080025c9   Thumb Code    16  stm32f4xx_hal.o(i.HAL_IncTick)
    HAL_Init                                 0x080025e1   Thumb Code    54  stm32f4xx_hal.o(i.HAL_Init)
    HAL_InitTick                             0x0800261d   Thumb Code    64  stm32f4xx_hal.o(i.HAL_InitTick)
    HAL_MspInit                              0x08002669   Thumb Code     2  stm32f4xx_hal_msp.o(i.HAL_MspInit)
    HAL_NVIC_EnableIRQ                       0x0800266b   Thumb Code    26  stm32f4xx_hal_cortex.o(i.HAL_NVIC_EnableIRQ)
    HAL_NVIC_SetPriority                     0x08002685   Thumb Code   124  stm32f4xx_hal_cortex.o(i.HAL_NVIC_SetPriority)
    HAL_NVIC_SetPriorityGrouping             0x08002701   Thumb Code    32  stm32f4xx_hal_cortex.o(i.HAL_NVIC_SetPriorityGrouping)
    HAL_RCC_ClockConfig                      0x08002729   Thumb Code   366  stm32f4xx_hal_rcc.o(i.HAL_RCC_ClockConfig)
    HAL_RCC_GetHCLKFreq                      0x080028a9   Thumb Code     6  stm32f4xx_hal_rcc.o(i.HAL_RCC_GetHCLKFreq)
    HAL_RCC_GetPCLK1Freq                     0x080028b5   Thumb Code    22  stm32f4xx_hal_rcc.o(i.HAL_RCC_GetPCLK1Freq)
    HAL_RCC_GetPCLK2Freq                     0x080028d5   Thumb Code    22  stm32f4xx_hal_rcc.o(i.HAL_RCC_GetPCLK2Freq)
    HAL_RCC_GetSysClockFreq                  0x080028f5   Thumb Code   162  stm32f4xx_hal_rcc.o(i.HAL_RCC_GetSysClockFreq)
    HAL_RCC_OscConfig                        0x080029a5   Thumb Code  1086  stm32f4xx_hal_rcc.o(i.HAL_RCC_OscConfig)
    HAL_SYSTICK_CLKSourceConfig              0x08002ded   Thumb Code    40  stm32f4xx_hal_cortex.o(i.HAL_SYSTICK_CLKSourceConfig)
    HAL_SYSTICK_Config                       0x08002e15   Thumb Code    52  stm32f4xx_hal_cortex.o(i.HAL_SYSTICK_Config)
    HAL_TIMEx_BreakCallback                  0x08002e49   Thumb Code     2  stm32f4xx_hal_tim_ex.o(i.HAL_TIMEx_BreakCallback)
    HAL_TIMEx_CommutCallback                 0x08002e4b   Thumb Code     2  stm32f4xx_hal_tim_ex.o(i.HAL_TIMEx_CommutCallback)
    HAL_TIM_IC_CaptureCallback               0x08002e4d   Thumb Code     2  stm32f4xx_hal_tim.o(i.HAL_TIM_IC_CaptureCallback)
    HAL_TIM_IRQHandler                       0x08002e4f   Thumb Code   406  stm32f4xx_hal_tim.o(i.HAL_TIM_IRQHandler)
    HAL_TIM_OC_DelayElapsedCallback          0x08002fe5   Thumb Code     2  stm32f4xx_hal_tim.o(i.HAL_TIM_OC_DelayElapsedCallback)
    HAL_TIM_PWM_PulseFinishedCallback        0x08002fe7   Thumb Code     2  stm32f4xx_hal_tim.o(i.HAL_TIM_PWM_PulseFinishedCallback)
    HAL_TIM_PeriodElapsedCallback            0x08002fe9   Thumb Code   190  timer.o(i.HAL_TIM_PeriodElapsedCallback)
    HAL_TIM_TriggerCallback                  0x080030dd   Thumb Code     2  stm32f4xx_hal_tim.o(i.HAL_TIM_TriggerCallback)
    HAL_UART_Init                            0x080030df   Thumb Code   114  stm32f4xx_hal_uart.o(i.HAL_UART_Init)
    HAL_UART_MspInit                         0x08003151   Thumb Code   144  usart.o(i.HAL_UART_MspInit)
    HAL_UART_Receive_IT                      0x080031ed   Thumb Code   112  stm32f4xx_hal_uart.o(i.HAL_UART_Receive_IT)
    HardFault_Handler                        0x0800325d   Thumb Code     4  stm32f4xx_it.o(i.HardFault_Handler)
    KEY_GPIO_Init                            0x08003729   Thumb Code   108  bsp_key.o(i.KEY_GPIO_Init)
    Latch_C1X2_StateA                        0x080037a1   Thumb Code    86  bsp_c1x2g.o(i.Latch_C1X2_StateA)
    Latch_C1X2_StateB                        0x0800382d   Thumb Code    86  bsp_c1x2g.o(i.Latch_C1X2_StateB)
    Latch_S1X4_COMP1                         0x080038b9   Thumb Code    62  bsp_s1x4.o(i.Latch_S1X4_COMP1)
    Latch_S1X4_COMP2                         0x08003921   Thumb Code    62  bsp_s1x4.o(i.Latch_S1X4_COMP2)
    Latch_S1X4_COMP3                         0x08003989   Thumb Code    62  bsp_s1x4.o(i.Latch_S1X4_COMP3)
    Latch_S1X4_COMP4                         0x080039f1   Thumb Code    62  bsp_s1x4.o(i.Latch_S1X4_COMP4)
    Latch_S1X8_CHENCH                        0x08003a59   Thumb Code   340  bsp_s1x8.o(i.Latch_S1X8_CHENCH)
    Latch_S1X8_COM_P1                        0x08003c25   Thumb Code    94  bsp_s1x8.o(i.Latch_S1X8_COM_P1)
    Latch_S1X8_COM_P2                        0x08003cc1   Thumb Code    94  bsp_s1x8.o(i.Latch_S1X8_COM_P2)
    Latch_S1X8_COM_P3                        0x08003d5d   Thumb Code    94  bsp_s1x8.o(i.Latch_S1X8_COM_P3)
    Latch_S1X8_COM_P4                        0x08003df9   Thumb Code    94  bsp_s1x8.o(i.Latch_S1X8_COM_P4)
    Latch_S1X8_COM_P5                        0x08003e95   Thumb Code    94  bsp_s1x8.o(i.Latch_S1X8_COM_P5)
    Latch_S1X8_COM_P6                        0x08003f31   Thumb Code    94  bsp_s1x8.o(i.Latch_S1X8_COM_P6)
    Latch_S1X8_COM_P7                        0x08003fcd   Thumb Code    94  bsp_s1x8.o(i.Latch_S1X8_COM_P7)
    Latch_S1X8_COM_P8                        0x08004069   Thumb Code    94  bsp_s1x8.o(i.Latch_S1X8_COM_P8)
    Logic_CmdFun                             0x08004105   Thumb Code   156  uart_cmd.o(i.Logic_CmdFun)
    M1X1_CHENCK                              0x080041bd   Thumb Code   130  bsp_mxn.o(i.M1X1_CHENCK)
    M1X1_Chenck_Fun                          0x0800429d   Thumb Code    44  main.o(i.M1X1_Chenck_Fun)
    M1X1_GPIO_Init                           0x080042cd   Thumb Code    76  bsp_mxn.o(i.M1X1_GPIO_Init)
    M1X1_StateA                              0x08004321   Thumb Code    56  bsp_mxn.o(i.M1X1_StateA)
    M1X1_StateB                              0x08004385   Thumb Code    56  bsp_mxn.o(i.M1X1_StateB)
    M1X1_StateSwitch                         0x080043e9   Thumb Code    42  main.o(i.M1X1_StateSwitch)
    M1X4_CHENCK                              0x08004429   Thumb Code   242  bsp_m1x4.o(i.M1X4_CHENCK)
    M1X4_Chenck_Fun                          0x08004595   Thumb Code    46  main.o(i.M1X4_Chenck_Fun)
    M1X4_GPIO_Init                           0x080045c9   Thumb Code   170  bsp_m1x4.o(i.M1X4_GPIO_Init)
    M1X4_StateSwitch                         0x0800467d   Thumb Code   142  main.o(i.M1X4_StateSwitch)
    M1X4_State_A                             0x08004735   Thumb Code   114  bsp_m1x4.o(i.M1X4_State_A)
    M1X4_State_B                             0x080047d9   Thumb Code   114  bsp_m1x4.o(i.M1X4_State_B)
    M1X4_State_C                             0x0800487d   Thumb Code   114  bsp_m1x4.o(i.M1X4_State_C)
    M1X4_State_D                             0x08004921   Thumb Code   114  bsp_m1x4.o(i.M1X4_State_D)
    MemManage_Handler                        0x080049c5   Thumb Code     4  stm32f4xx_it.o(i.MemManage_Handler)
    NMI_Handler                              0x080049c9   Thumb Code     2  stm32f4xx_it.o(i.NMI_Handler)
    NonLatch_C1X2_StateA                     0x08004a05   Thumb Code    56  bsp_c1x2g.o(i.NonLatch_C1X2_StateA)
    NonLatch_S1X4_COMP1                      0x08004a79   Thumb Code    82  bsp_s1x4.o(i.NonLatch_S1X4_COMP1)
    NonLatch_S1X4_COMP2                      0x08004b11   Thumb Code    84  bsp_s1x4.o(i.NonLatch_S1X4_COMP2)
    NonLatch_S1X4_COMP3                      0x08004ba9   Thumb Code    84  bsp_s1x4.o(i.NonLatch_S1X4_COMP3)
    NonLatch_S1X4_COMP4                      0x08004c41   Thumb Code    86  bsp_s1x4.o(i.NonLatch_S1X4_COMP4)
    NonLatch_S1X8_COM_P1                     0x08004cdd   Thumb Code   124  bsp_s1x8.o(i.NonLatch_S1X8_COM_P1)
    NonLatch_S1X8_COM_P2                     0x08004da1   Thumb Code   124  bsp_s1x8.o(i.NonLatch_S1X8_COM_P2)
    NonLatch_S1X8_COM_P3                     0x08004e65   Thumb Code   124  bsp_s1x8.o(i.NonLatch_S1X8_COM_P3)
    NonLatch_S1X8_COM_P4                     0x08004f29   Thumb Code   124  bsp_s1x8.o(i.NonLatch_S1X8_COM_P4)
    NonLatch_S1X8_COM_P5                     0x08004fed   Thumb Code   124  bsp_s1x8.o(i.NonLatch_S1X8_COM_P5)
    NonLatch_S1X8_COM_P6                     0x080050b1   Thumb Code   124  bsp_s1x8.o(i.NonLatch_S1X8_COM_P6)
    NonLatch_S1X8_COM_P7                     0x08005175   Thumb Code   124  bsp_s1x8.o(i.NonLatch_S1X8_COM_P7)
    NonLatch_S1X8_COM_P8                     0x08005239   Thumb Code   124  bsp_s1x8.o(i.NonLatch_S1X8_COM_P8)
    NonLatching_M1X4State_A                  0x080052fd   Thumb Code   118  bsp_m1x4.o(i.NonLatching_M1X4State_A)
    NonLatching_M1X4State_B                  0x080053bd   Thumb Code   116  bsp_m1x4.o(i.NonLatching_M1X4State_B)
    NonLatching_M1X4State_C                  0x08005479   Thumb Code   116  bsp_m1x4.o(i.NonLatching_M1X4State_C)
    NonLatching_M1X4State_D                  0x08005535   Thumb Code   114  bsp_m1x4.o(i.NonLatching_M1X4State_D)
    PCA_GPIO_ReadPin                         0x080055f1   Thumb Code    34  bsp_nxp9698.o(i.PCA_GPIO_ReadPin)
    PendSV_Handler                           0x08005613   Thumb Code     2  stm32f4xx_it.o(i.PendSV_Handler)
    ProcessGPIOKeyTimer                      0x08005615   Thumb Code    86  bsp_key.o(i.ProcessGPIOKeyTimer)
    READ_TwoPin                              0x08005679   Thumb Code    48  bsp_nxp9698.o(i.READ_TwoPin)
    ReadByteForReg                           0x080056a9   Thumb Code    32  bsp_nxp9698.o(i.ReadByteForReg)
    S1X4_CHENCK                              0x080056cd   Thumb Code   234  bsp_s1x4.o(i.S1X4_CHENCK)
    S1X4_Chenck_Fun                          0x0800582d   Thumb Code    46  main.o(i.S1X4_Chenck_Fun)
    S1X4_GPIO_Init                           0x08005861   Thumb Code   292  bsp_s1x4.o(i.S1X4_GPIO_Init)
    S1X4_StateSwitch                         0x08005991   Thumb Code   142  main.o(i.S1X4_StateSwitch)
    S1X8_A_GROUP_P1                          0x08005a49   Thumb Code    48  bsp_s1x8.o(i.S1X8_A_GROUP_P1)
    S1X8_A_GROUP_P2                          0x08005a81   Thumb Code    48  bsp_s1x8.o(i.S1X8_A_GROUP_P2)
    S1X8_B_GROUP_P1                          0x08005ab9   Thumb Code    48  bsp_s1x8.o(i.S1X8_B_GROUP_P1)
    S1X8_B_GROUP_P2                          0x08005af1   Thumb Code    46  bsp_s1x8.o(i.S1X8_B_GROUP_P2)
    S1X8_C_GROUP_P1                          0x08005b29   Thumb Code    46  bsp_s1x8.o(i.S1X8_C_GROUP_P1)
    S1X8_C_GROUP_P2                          0x08005b61   Thumb Code    46  bsp_s1x8.o(i.S1X8_C_GROUP_P2)
    S1X8_Chenck_Fun                          0x08005b99   Thumb Code    46  main.o(i.S1X8_Chenck_Fun)
    S1X8_GPIO_Init                           0x08005bcd   Thumb Code   350  bsp_s1x8.o(i.S1X8_GPIO_Init)
    S1X8_StateSwitch                         0x08005d3d   Thumb Code   208  main.o(i.S1X8_StateSwitch)
    SVC_Handler                              0x08005e35   Thumb Code     2  stm32f4xx_it.o(i.SVC_Handler)
    SetGPIOKeyTimer                          0x08005e39   Thumb Code     8  bsp_key.o(i.SetGPIOKeyTimer)
    Set_Timer                                0x08005e45   Thumb Code    62  main.o(i.Set_Timer)
    Stm32_Clock_Init                         0x08005eb9   Thumb Code   210  sys.o(i.Stm32_Clock_Init)
    Switch_select                            0x08005f95   Thumb Code    56  main.o(i.Switch_select)
    SysTick_Handler                          0x08005fe9   Thumb Code    12  stm32f4xx_it.o(i.SysTick_Handler)
    SystemInit                               0x08005ff5   Thumb Code    82  system_stm32f4xx.o(i.SystemInit)
    TIM4_IRQHandler                          0x08006059   Thumb Code    10  timer.o(i.TIM4_IRQHandler)
    USART1_IRQHandler                        0x080063d1   Thumb Code   132  usart.o(i.USART1_IRQHandler)
    UsageFault_Handler                       0x08006471   Thumb Code     4  stm32f4xx_it.o(i.UsageFault_Handler)
    WireMoreByteToReg                        0x08006475   Thumb Code    40  bsp_nxp9698.o(i.WireMoreByteToReg)
    __0printf                                0x080064a1   Thumb Code    22  printfa.o(i.__0printf)
    __1printf                                0x080064a1   Thumb Code     0  printfa.o(i.__0printf)
    __2printf                                0x080064a1   Thumb Code     0  printfa.o(i.__0printf)
    __c89printf                              0x080064a1   Thumb Code     0  printfa.o(i.__0printf)
    printf                                   0x080064a1   Thumb Code     0  printfa.o(i.__0printf)
    __aeabi_errno_addr                       0x080064c1   Thumb Code     4  errno.o(i.__aeabi_errno_addr)
    __rt_errno_addr                          0x080064c1   Thumb Code     0  errno.o(i.__aeabi_errno_addr)
    __scatterload_copy                       0x080064c9   Thumb Code    14  handlers.o(i.__scatterload_copy)
    __scatterload_null                       0x080064d7   Thumb Code     2  handlers.o(i.__scatterload_null)
    __scatterload_zeroinit                   0x080064d9   Thumb Code    14  handlers.o(i.__scatterload_zeroinit)
    ad5175_Init                              0x08006d75   Thumb Code    86  ad517x_lib.o(i.ad5175_Init)
    bsp_Init                                 0x08006dd5   Thumb Code    48  main.o(i.bsp_Init)
    delay_init                               0x08006e05   Thumb Code    16  delay.o(i.delay_init)
    delay_ms                                 0x08006e19   Thumb Code    24  delay.o(i.delay_ms)
    delay_us                                 0x08006e31   Thumb Code    68  delay.o(i.delay_us)
    fputc                                    0x08006ecd   Thumb Code    22  usart.o(i.fputc)
    main                                     0x08006f11   Thumb Code   300  main.o(i.main)
    nxp_Init                                 0x0800709d   Thumb Code   130  bsp_nxp9698.o(i.nxp_Init)
    uart_init                                0x08007129   Thumb Code    44  usart.o(i.uart_init)
    AHBPrescTable                            0x08007278   Data          16  system_stm32f4xx.o(.constdata)
    APBPrescTable                            0x08007288   Data           8  system_stm32f4xx.o(.constdata)
    __ctype_table                            0x08007290   Data         129  ctype_o.o(.constdata)
    Region$$Table$$Base                      0x08007348   Number         0  anon$$obj.o(Region$$Table)
    Region$$Table$$Limit                     0x08007368   Number         0  anon$$obj.o(Region$$Table)
    TYPEFEF_SELECT                           0x20000000   Data           1  main.o(.data)
    SystemCoreClock                          0x20000004   Data           4  system_stm32f4xx.o(.data)
    __stdout                                 0x2000000c   Data           4  usart.o(.data)
    USART_RX_STA                             0x20000010   Data           2  usart.o(.data)
    aRxBuffer                                0x20000012   Data           1  usart.o(.data)
    Cmd_flag                                 0x20000013   Data           1  usart.o(.data)
    Cnt_Buff                                 0x20000014   Data           1  usart.o(.data)
    Cmd_Index                                0x20000015   Data           1  usart.o(.data)
    Syn_Cnt                                  0x20000016   Data           1  usart.o(.data)
    uwTick                                   0x20000018   Data           4  stm32f4xx_hal.o(.data)
    uwTickPrio                               0x2000001c   Data           4  stm32f4xx_hal.o(.data)
    uwTickFreq                               0x20000020   Data           1  stm32f4xx_hal.o(.data)
    M2                                       0x20000022   Data           1  timer.o(.data)
    M5                                       0x20000023   Data           1  timer.o(.data)
    M10                                      0x20000024   Data           1  timer.o(.data)
    M100                                     0x20000025   Data           1  timer.o(.data)
    M200                                     0x20000026   Data           1  timer.o(.data)
    M400                                     0x20000027   Data           1  timer.o(.data)
    switch_types                             0x20000034   Data          48  uart_cmd.o(.data)
    Cmd_Table                                0x20000064   Data        1408  uart_cmd.o(.data)
    Cmd_Parame                               0x200005e4   Data          28  uart_cmd.o(.data)
    Switch                                   0x20000600   Data           1  bsp_mxn.o(.data)
    sel_falg                                 0x2000060c   Data           1  bsp_key.o(.data)
    USART_RX_BUF                             0x20000618   Data         200  usart.o(.bss)
    UART1_Handler                            0x200006e0   Data          64  usart.o(.bss)
    UART2_Handler                            0x20000720   Data          64  usart.o(.bss)
    UartBuff                                 0x20000760   Data         256  usart.o(.bss)
    CmdBuffer                                0x20000860   Data         256  usart.o(.bss)
    ADC1_Handler                             0x20000960   Data          72  adc.o(.bss)
    TIM4_Handler                             0x200009a8   Data          64  timer.o(.bss)
    hi2c                                     0x200009e8   Data          84  i2c_device.o(.bss)
    __initial_sp                             0x20000e40   Data           0  startup_stm32f411xe.o(STACK)



==============================================================================

Memory Map of the image

  Image Entry point : 0x08000199

  Load Region LR_IROM1 (Base: 0x08000000, Size: 0x00007980, Max: 0x00040000, ABSOLUTE, COMPRESSED[0x000073ac])

    Execution Region ER_IROM1 (Exec base: 0x08000000, Load base: 0x08000000, Size: 0x00007368, Max: 0x00040000, ABSOLUTE)

    Exec Addr    Load Addr    Size         Type   Attr      Idx    E Section Name        Object

    0x08000000   0x08000000   0x00000198   Data   RO         1315    RESET               startup_stm32f411xe.o
    0x08000198   0x08000198   0x00000000   Code   RO         6607  * .ARM.Collect$$$$00000000  mc_w.l(entry.o)
    0x08000198   0x08000198   0x00000004   Code   RO         6955    .ARM.Collect$$$$00000001  mc_w.l(entry2.o)
    0x0800019c   0x0800019c   0x00000004   Code   RO         6958    .ARM.Collect$$$$00000004  mc_w.l(entry5.o)
    0x080001a0   0x080001a0   0x00000000   Code   RO         6960    .ARM.Collect$$$$00000008  mc_w.l(entry7b.o)
    0x080001a0   0x080001a0   0x00000000   Code   RO         6962    .ARM.Collect$$$$0000000A  mc_w.l(entry8b.o)
    0x080001a0   0x080001a0   0x00000008   Code   RO         6963    .ARM.Collect$$$$0000000B  mc_w.l(entry9a.o)
    0x080001a8   0x080001a8   0x00000004   Code   RO         6970    .ARM.Collect$$$$0000000E  mc_w.l(entry12b.o)
    0x080001ac   0x080001ac   0x00000000   Code   RO         6965    .ARM.Collect$$$$0000000F  mc_w.l(entry10a.o)
    0x080001ac   0x080001ac   0x00000000   Code   RO         6967    .ARM.Collect$$$$00000011  mc_w.l(entry11a.o)
    0x080001ac   0x080001ac   0x00000004   Code   RO         6956    .ARM.Collect$$$$00002712  mc_w.l(entry2.o)
    0x080001b0   0x080001b0   0x00000024   Code   RO         1316    .text               startup_stm32f411xe.o
    0x080001d4   0x080001d4   0x00000062   Code   RO         6610    .text               mc_w.l(uldiv.o)
    0x08000236   0x08000236   0x00000002   PAD
    0x08000238   0x08000238   0x00000008   Code   RO         6612    .text               mc_w.l(ctype_o.o)
    0x08000240   0x08000240   0x00000024   Code   RO         6640    .text               mc_w.l(memcpya.o)
    0x08000264   0x08000264   0x00000024   Code   RO         6642    .text               mc_w.l(memseta.o)
    0x08000288   0x08000288   0x00000018   Code   RO         6644    .text               mc_w.l(strncpy.o)
    0x080002a0   0x080002a0   0x00000014   Code   RO         6646    .text               mc_w.l(strchr.o)
    0x080002b4   0x080002b4   0x0000000e   Code   RO         6648    .text               mc_w.l(strlen.o)
    0x080002c2   0x080002c2   0x0000001c   Code   RO         6650    .text               mc_w.l(strcmp.o)
    0x080002de   0x080002de   0x00000012   Code   RO         6652    .text               mc_w.l(strcpy.o)
    0x080002f0   0x080002f0   0x00000044   Code   RO         6654    .text               mc_w.l(strtok.o)
    0x08000334   0x08000334   0x0000001a   Code   RO         6951    .text               mc_w.l(atoi.o)
    0x0800034e   0x0800034e   0x00000026   Code   RO         6953    .text               mf_w.l(f2d.o)
    0x08000374   0x08000374   0x0000002c   Code   RO         6971    .text               mc_w.l(uidiv.o)
    0x080003a0   0x080003a0   0x0000001e   Code   RO         6973    .text               mc_w.l(llshl.o)
    0x080003be   0x080003be   0x00000020   Code   RO         6975    .text               mc_w.l(llushr.o)
    0x080003de   0x080003de   0x00000070   Code   RO         6986    .text               mc_w.l(strtol.o)
    0x0800044e   0x0800044e   0x00000000   Code   RO         6988    .text               mc_w.l(iusefp.o)
    0x0800044e   0x0800044e   0x0000014e   Code   RO         6989    .text               mf_w.l(dadd.o)
    0x0800059c   0x0800059c   0x000000e4   Code   RO         6991    .text               mf_w.l(dmul.o)
    0x08000680   0x08000680   0x000000de   Code   RO         6993    .text               mf_w.l(ddiv.o)
    0x0800075e   0x0800075e   0x00000030   Code   RO         6995    .text               mf_w.l(dfixul.o)
    0x0800078e   0x0800078e   0x00000002   PAD
    0x08000790   0x08000790   0x00000030   Code   RO         6997    .text               mf_w.l(cdrcmple.o)
    0x080007c0   0x080007c0   0x00000024   Code   RO         6999    .text               mc_w.l(init.o)
    0x080007e4   0x080007e4   0x00000024   Code   RO         7001    .text               mc_w.l(llsshr.o)
    0x08000808   0x08000808   0x0000009e   Code   RO         7003    .text               mc_w.l(_strtoul.o)
    0x080008a6   0x080008a6   0x000000ba   Code   RO         7005    .text               mf_w.l(depilogue.o)
    0x08000960   0x08000960   0x0000001c   Code   RO         7007    .text               mc_w.l(_chval.o)
    0x0800097c   0x0800097c   0x00000056   Code   RO         7017    .text               mc_w.l(__dczerorl2.o)
    0x080009d2   0x080009d2   0x00000002   PAD
    0x080009d4   0x080009d4   0x00000160   Code   RO         1509    i.ADC_Init          stm32f4xx_hal_adc.o
    0x08000b34   0x08000b34   0x00000034   Code   RO         6274    i.A_GROUP_P1        bsp_s1x4.o
    0x08000b68   0x08000b68   0x00000034   Code   RO         6275    i.A_GROUP_P2        bsp_s1x4.o
    0x08000b9c   0x08000b9c   0x00000048   Code   RO         5513    i.Adc_Init          adc.o
    0x08000be4   0x08000be4   0x00000038   Code   RO         6276    i.B_GROUP_P1        bsp_s1x4.o
    0x08000c1c   0x08000c1c   0x00000038   Code   RO         6277    i.B_GROUP_P2        bsp_s1x4.o
    0x08000c54   0x08000c54   0x0000009c   Code   RO         5924    i.Bsp_I2c_Init      i2c_device.o
    0x08000cf0   0x08000cf0   0x00000004   Code   RO          648    i.BusFault_Handler  stm32f4xx_it.o
    0x08000cf4   0x08000cf4   0x000000e4   Code   RO         6090    i.C1X2G_CHENCK      bsp_c1x2g.o
    0x08000dd8   0x08000dd8   0x00000034   Code   RO            4    i.C1X2G_Chenck_Fun  main.o
    0x08000e0c   0x08000e0c   0x000000cc   Code   RO         6091    i.C1X2G_GPIO_Init   bsp_c1x2g.o
    0x08000ed8   0x08000ed8   0x00000040   Code   RO            5    i.C1X2G_StateSwitch  main.o
    0x08000f18   0x08000f18   0x00000334   Code   RO         5960    i.CmdTable_Traversal  uart_cmd.o
    0x0800124c   0x0800124c   0x00000040   Code   RO         5961    i.Cmd_PreproccessCallBack  uart_cmd.o
    0x0800128c   0x0800128c   0x000000e8   Code   RO         6147    i.D2X2B_CHENCK      bsp_d2x2b.o
    0x08001374   0x08001374   0x00000030   Code   RO            6    i.D2X2B_Chenck_Fun  main.o
    0x080013a4   0x080013a4   0x0000008c   Code   RO         6148    i.D2X2B_GPIO_Init   bsp_d2x2b.o
    0x08001430   0x08001430   0x00000040   Code   RO            7    i.D2X2B_StateSwitch  main.o
    0x08001470   0x08001470   0x0000007c   Code   RO         6149    i.D2X2B_State_Bar   bsp_d2x2b.o
    0x080014ec   0x080014ec   0x00000074   Code   RO         6150    i.D2X2B_State_Cross  bsp_d2x2b.o
    0x08001560   0x08001560   0x00000002   Code   RO          649    i.DebugMon_Handler  stm32f4xx_it.o
    0x08001562   0x08001562   0x0000000a   Code   RO         6544    i.EXTI2_IRQHandler  bsp_key.o
    0x0800156c   0x0800156c   0x0000000a   Code   RO         6545    i.EXTI3_IRQHandler  bsp_key.o
    0x08001576   0x08001576   0x00000002   PAD
    0x08001578   0x08001578   0x000000d8   Code   RO            8    i.GetADDATA         main.o
    0x08001650   0x08001650   0x00000038   Code   RO         5514    i.Get_Adc           adc.o
    0x08001688   0x08001688   0x00000028   Code   RO         5515    i.Get_Adc_Average   adc.o
    0x080016b0   0x080016b0   0x0000001c   Code   RO            9    i.Get_TextTimer     main.o
    0x080016cc   0x080016cc   0x000001a4   Code   RO         1511    i.HAL_ADC_ConfigChannel  stm32f4xx_hal_adc.o
    0x08001870   0x08001870   0x00000008   Code   RO         1518    i.HAL_ADC_GetValue  stm32f4xx_hal_adc.o
    0x08001878   0x08001878   0x00000068   Code   RO         1520    i.HAL_ADC_Init      stm32f4xx_hal_adc.o
    0x080018e0   0x080018e0   0x0000006c   Code   RO         5516    i.HAL_ADC_MspInit   adc.o
    0x0800194c   0x0800194c   0x000000c2   Code   RO         1524    i.HAL_ADC_PollForConversion  stm32f4xx_hal_adc.o
    0x08001a0e   0x08001a0e   0x00000002   PAD
    0x08001a10   0x08001a10   0x00000104   Code   RO         1526    i.HAL_ADC_Start     stm32f4xx_hal_adc.o
    0x08001b14   0x08001b14   0x00000036   Code   RO         6546    i.HAL_GPIO_EXTI_Callback  bsp_key.o
    0x08001b4a   0x08001b4a   0x00000002   PAD
    0x08001b4c   0x08001b4c   0x0000001c   Code   RO         2037    i.HAL_GPIO_EXTI_IRQHandler  stm32f4xx_hal_gpio.o
    0x08001b68   0x08001b68   0x000001d4   Code   RO         2038    i.HAL_GPIO_Init     stm32f4xx_hal_gpio.o
    0x08001d3c   0x08001d3c   0x00000010   Code   RO         2040    i.HAL_GPIO_ReadPin  stm32f4xx_hal_gpio.o
    0x08001d4c   0x08001d4c   0x0000000c   Code   RO         2042    i.HAL_GPIO_WritePin  stm32f4xx_hal_gpio.o
    0x08001d58   0x08001d58   0x0000000c   Code   RO         1336    i.HAL_GetTick       stm32f4xx_hal.o
    0x08001d64   0x08001d64   0x000001b8   Code   RO         5032    i.HAL_I2C_Init      stm32f4xx_hal_i2c.o
    0x08001f1c   0x08001f1c   0x000001a4   Code   RO         5033    i.HAL_I2C_IsDeviceReady  stm32f4xx_hal_i2c.o
    0x080020c0   0x080020c0   0x000002f4   Code   RO         5050    i.HAL_I2C_Mem_Read  stm32f4xx_hal_i2c.o
    0x080023b4   0x080023b4   0x00000164   Code   RO         5053    i.HAL_I2C_Mem_Write  stm32f4xx_hal_i2c.o
    0x08002518   0x08002518   0x000000b0   Code   RO         5925    i.HAL_I2C_MspInit   i2c_device.o
    0x080025c8   0x080025c8   0x00000018   Code   RO         1342    i.HAL_IncTick       stm32f4xx_hal.o
    0x080025e0   0x080025e0   0x0000003c   Code   RO         1343    i.HAL_Init          stm32f4xx_hal.o
    0x0800261c   0x0800261c   0x0000004c   Code   RO         1344    i.HAL_InitTick      stm32f4xx_hal.o
    0x08002668   0x08002668   0x00000002   Code   RO          413    i.HAL_MspInit       stm32f4xx_hal_msp.o
    0x0800266a   0x0800266a   0x0000001a   Code   RO         1804    i.HAL_NVIC_EnableIRQ  stm32f4xx_hal_cortex.o
    0x08002684   0x08002684   0x0000007c   Code   RO         1810    i.HAL_NVIC_SetPriority  stm32f4xx_hal_cortex.o
    0x08002700   0x08002700   0x00000028   Code   RO         1811    i.HAL_NVIC_SetPriorityGrouping  stm32f4xx_hal_cortex.o
    0x08002728   0x08002728   0x00000180   Code   RO         4337    i.HAL_RCC_ClockConfig  stm32f4xx_hal_rcc.o
    0x080028a8   0x080028a8   0x0000000c   Code   RO         4342    i.HAL_RCC_GetHCLKFreq  stm32f4xx_hal_rcc.o
    0x080028b4   0x080028b4   0x00000020   Code   RO         4344    i.HAL_RCC_GetPCLK1Freq  stm32f4xx_hal_rcc.o
    0x080028d4   0x080028d4   0x00000020   Code   RO         4345    i.HAL_RCC_GetPCLK2Freq  stm32f4xx_hal_rcc.o
    0x080028f4   0x080028f4   0x000000b0   Code   RO         4346    i.HAL_RCC_GetSysClockFreq  stm32f4xx_hal_rcc.o
    0x080029a4   0x080029a4   0x00000448   Code   RO         4349    i.HAL_RCC_OscConfig  stm32f4xx_hal_rcc.o
    0x08002dec   0x08002dec   0x00000028   Code   RO         1813    i.HAL_SYSTICK_CLKSourceConfig  stm32f4xx_hal_cortex.o
    0x08002e14   0x08002e14   0x00000034   Code   RO         1815    i.HAL_SYSTICK_Config  stm32f4xx_hal_cortex.o
    0x08002e48   0x08002e48   0x00000002   Code   RO         2698    i.HAL_TIMEx_BreakCallback  stm32f4xx_hal_tim_ex.o
    0x08002e4a   0x08002e4a   0x00000002   Code   RO         2699    i.HAL_TIMEx_CommutCallback  stm32f4xx_hal_tim_ex.o
    0x08002e4c   0x08002e4c   0x00000002   Code   RO         2980    i.HAL_TIM_IC_CaptureCallback  stm32f4xx_hal_tim.o
    0x08002e4e   0x08002e4e   0x00000196   Code   RO         2994    i.HAL_TIM_IRQHandler  stm32f4xx_hal_tim.o
    0x08002fe4   0x08002fe4   0x00000002   Code   RO         2997    i.HAL_TIM_OC_DelayElapsedCallback  stm32f4xx_hal_tim.o
    0x08002fe6   0x08002fe6   0x00000002   Code   RO         3024    i.HAL_TIM_PWM_PulseFinishedCallback  stm32f4xx_hal_tim.o
    0x08002fe8   0x08002fe8   0x000000f4   Code   RO         5559    i.HAL_TIM_PeriodElapsedCallback  timer.o
    0x080030dc   0x080030dc   0x00000002   Code   RO         3037    i.HAL_TIM_TriggerCallback  stm32f4xx_hal_tim.o
    0x080030de   0x080030de   0x00000072   Code   RO         2392    i.HAL_UART_Init     stm32f4xx_hal_uart.o
    0x08003150   0x08003150   0x0000009c   Code   RO         1236    i.HAL_UART_MspInit  usart.o
    0x080031ec   0x080031ec   0x00000070   Code   RO         2397    i.HAL_UART_Receive_IT  stm32f4xx_hal_uart.o
    0x0800325c   0x0800325c   0x00000004   Code   RO          650    i.HardFault_Handler  stm32f4xx_it.o
    0x08003260   0x08003260   0x0000003e   Code   RO         5075    i.I2C_IsAcknowledgeFailed  stm32f4xx_hal_i2c.o
    0x0800329e   0x0800329e   0x00000002   PAD
    0x080032a0   0x080032a0   0x00000138   Code   RO         5085    i.I2C_RequestMemoryRead  stm32f4xx_hal_i2c.o
    0x080033d8   0x080033d8   0x000000cc   Code   RO         5086    i.I2C_RequestMemoryWrite  stm32f4xx_hal_i2c.o
    0x080034a4   0x080034a4   0x0000005c   Code   RO         5094    i.I2C_WaitOnBTFFlagUntilTimeout  stm32f4xx_hal_i2c.o
    0x08003500   0x08003500   0x00000086   Code   RO         5095    i.I2C_WaitOnFlagUntilTimeout  stm32f4xx_hal_i2c.o
    0x08003586   0x08003586   0x000000c4   Code   RO         5096    i.I2C_WaitOnMasterAddressFlagUntilTimeout  stm32f4xx_hal_i2c.o
    0x0800364a   0x0800364a   0x00000080   Code   RO         5097    i.I2C_WaitOnRXNEFlagUntilTimeout  stm32f4xx_hal_i2c.o
    0x080036ca   0x080036ca   0x0000005c   Code   RO         5099    i.I2C_WaitOnTXEFlagUntilTimeout  stm32f4xx_hal_i2c.o
    0x08003726   0x08003726   0x00000002   PAD
    0x08003728   0x08003728   0x00000078   Code   RO         6547    i.KEY_GPIO_Init     bsp_key.o
    0x080037a0   0x080037a0   0x0000008c   Code   RO         6092    i.Latch_C1X2_StateA  bsp_c1x2g.o
    0x0800382c   0x0800382c   0x0000008c   Code   RO         6093    i.Latch_C1X2_StateB  bsp_c1x2g.o
    0x080038b8   0x080038b8   0x00000068   Code   RO         6278    i.Latch_S1X4_COMP1  bsp_s1x4.o
    0x08003920   0x08003920   0x00000068   Code   RO         6279    i.Latch_S1X4_COMP2  bsp_s1x4.o
    0x08003988   0x08003988   0x00000068   Code   RO         6280    i.Latch_S1X4_COMP3  bsp_s1x4.o
    0x080039f0   0x080039f0   0x00000068   Code   RO         6281    i.Latch_S1X4_COMP4  bsp_s1x4.o
    0x08003a58   0x08003a58   0x000001cc   Code   RO         6379    i.Latch_S1X8_CHENCH  bsp_s1x8.o
    0x08003c24   0x08003c24   0x0000009c   Code   RO         6380    i.Latch_S1X8_COM_P1  bsp_s1x8.o
    0x08003cc0   0x08003cc0   0x0000009c   Code   RO         6381    i.Latch_S1X8_COM_P2  bsp_s1x8.o
    0x08003d5c   0x08003d5c   0x0000009c   Code   RO         6382    i.Latch_S1X8_COM_P3  bsp_s1x8.o
    0x08003df8   0x08003df8   0x0000009c   Code   RO         6383    i.Latch_S1X8_COM_P4  bsp_s1x8.o
    0x08003e94   0x08003e94   0x0000009c   Code   RO         6384    i.Latch_S1X8_COM_P5  bsp_s1x8.o
    0x08003f30   0x08003f30   0x0000009c   Code   RO         6385    i.Latch_S1X8_COM_P6  bsp_s1x8.o
    0x08003fcc   0x08003fcc   0x0000009c   Code   RO         6386    i.Latch_S1X8_COM_P7  bsp_s1x8.o
    0x08004068   0x08004068   0x0000009c   Code   RO         6387    i.Latch_S1X8_COM_P8  bsp_s1x8.o
    0x08004104   0x08004104   0x000000b8   Code   RO         5962    i.Logic_CmdFun      uart_cmd.o
    0x080041bc   0x080041bc   0x000000e0   Code   RO         6041    i.M1X1_CHENCK       bsp_mxn.o
    0x0800429c   0x0800429c   0x00000030   Code   RO           10    i.M1X1_Chenck_Fun   main.o
    0x080042cc   0x080042cc   0x00000054   Code   RO         6042    i.M1X1_GPIO_Init    bsp_mxn.o
    0x08004320   0x08004320   0x00000064   Code   RO         6043    i.M1X1_StateA       bsp_mxn.o
    0x08004384   0x08004384   0x00000064   Code   RO         6044    i.M1X1_StateB       bsp_mxn.o
    0x080043e8   0x080043e8   0x00000040   Code   RO           11    i.M1X1_StateSwitch  main.o
    0x08004428   0x08004428   0x0000016c   Code   RO         6192    i.M1X4_CHENCK       bsp_m1x4.o
    0x08004594   0x08004594   0x00000034   Code   RO           12    i.M1X4_Chenck_Fun   main.o
    0x080045c8   0x080045c8   0x000000b4   Code   RO         6193    i.M1X4_GPIO_Init    bsp_m1x4.o
    0x0800467c   0x0800467c   0x000000b8   Code   RO           13    i.M1X4_StateSwitch  main.o
    0x08004734   0x08004734   0x000000a4   Code   RO         6194    i.M1X4_State_A      bsp_m1x4.o
    0x080047d8   0x080047d8   0x000000a4   Code   RO         6195    i.M1X4_State_B      bsp_m1x4.o
    0x0800487c   0x0800487c   0x000000a4   Code   RO         6196    i.M1X4_State_C      bsp_m1x4.o
    0x08004920   0x08004920   0x000000a4   Code   RO         6197    i.M1X4_State_D      bsp_m1x4.o
    0x080049c4   0x080049c4   0x00000004   Code   RO          651    i.MemManage_Handler  stm32f4xx_it.o
    0x080049c8   0x080049c8   0x00000002   Code   RO          652    i.NMI_Handler       stm32f4xx_it.o
    0x080049ca   0x080049ca   0x00000002   PAD
    0x080049cc   0x080049cc   0x00000010   Code   RO         1817    i.NVIC_GetPriorityGrouping  stm32f4xx_hal_cortex.o
    0x080049dc   0x080049dc   0x00000028   Code   RO         1818    i.NVIC_SetPriority  stm32f4xx_hal_cortex.o
    0x08004a04   0x08004a04   0x00000074   Code   RO         6094    i.NonLatch_C1X2_StateA  bsp_c1x2g.o
    0x08004a78   0x08004a78   0x00000098   Code   RO         6282    i.NonLatch_S1X4_COMP1  bsp_s1x4.o
    0x08004b10   0x08004b10   0x00000098   Code   RO         6283    i.NonLatch_S1X4_COMP2  bsp_s1x4.o
    0x08004ba8   0x08004ba8   0x00000098   Code   RO         6284    i.NonLatch_S1X4_COMP3  bsp_s1x4.o
    0x08004c40   0x08004c40   0x0000009c   Code   RO         6285    i.NonLatch_S1X4_COMP4  bsp_s1x4.o
    0x08004cdc   0x08004cdc   0x000000c4   Code   RO         6388    i.NonLatch_S1X8_COM_P1  bsp_s1x8.o
    0x08004da0   0x08004da0   0x000000c4   Code   RO         6389    i.NonLatch_S1X8_COM_P2  bsp_s1x8.o
    0x08004e64   0x08004e64   0x000000c4   Code   RO         6390    i.NonLatch_S1X8_COM_P3  bsp_s1x8.o
    0x08004f28   0x08004f28   0x000000c4   Code   RO         6391    i.NonLatch_S1X8_COM_P4  bsp_s1x8.o
    0x08004fec   0x08004fec   0x000000c4   Code   RO         6392    i.NonLatch_S1X8_COM_P5  bsp_s1x8.o
    0x080050b0   0x080050b0   0x000000c4   Code   RO         6393    i.NonLatch_S1X8_COM_P6  bsp_s1x8.o
    0x08005174   0x08005174   0x000000c4   Code   RO         6394    i.NonLatch_S1X8_COM_P7  bsp_s1x8.o
    0x08005238   0x08005238   0x000000c4   Code   RO         6395    i.NonLatch_S1X8_COM_P8  bsp_s1x8.o
    0x080052fc   0x080052fc   0x000000c0   Code   RO         6198    i.NonLatching_M1X4State_A  bsp_m1x4.o
    0x080053bc   0x080053bc   0x000000bc   Code   RO         6199    i.NonLatching_M1X4State_B  bsp_m1x4.o
    0x08005478   0x08005478   0x000000bc   Code   RO         6200    i.NonLatching_M1X4State_C  bsp_m1x4.o
    0x08005534   0x08005534   0x000000bc   Code   RO         6201    i.NonLatching_M1X4State_D  bsp_m1x4.o
    0x080055f0   0x080055f0   0x00000022   Code   RO         5821    i.PCA_GPIO_ReadPin  bsp_nxp9698.o
    0x08005612   0x08005612   0x00000002   Code   RO          653    i.PendSV_Handler    stm32f4xx_it.o
    0x08005614   0x08005614   0x00000064   Code   RO         6549    i.ProcessGPIOKeyTimer  bsp_key.o
    0x08005678   0x08005678   0x00000030   Code   RO         5824    i.READ_TwoPin       bsp_nxp9698.o
    0x080056a8   0x080056a8   0x00000024   Code   RO         5825    i.ReadByteForReg    bsp_nxp9698.o
    0x080056cc   0x080056cc   0x00000160   Code   RO         6286    i.S1X4_CHENCK       bsp_s1x4.o
    0x0800582c   0x0800582c   0x00000034   Code   RO           14    i.S1X4_Chenck_Fun   main.o
    0x08005860   0x08005860   0x00000130   Code   RO         6287    i.S1X4_GPIO_Init    bsp_s1x4.o
    0x08005990   0x08005990   0x000000b8   Code   RO           15    i.S1X4_StateSwitch  main.o
    0x08005a48   0x08005a48   0x00000038   Code   RO         6396    i.S1X8_A_GROUP_P1   bsp_s1x8.o
    0x08005a80   0x08005a80   0x00000038   Code   RO         6397    i.S1X8_A_GROUP_P2   bsp_s1x8.o
    0x08005ab8   0x08005ab8   0x00000038   Code   RO         6398    i.S1X8_B_GROUP_P1   bsp_s1x8.o
    0x08005af0   0x08005af0   0x00000038   Code   RO         6399    i.S1X8_B_GROUP_P2   bsp_s1x8.o
    0x08005b28   0x08005b28   0x00000038   Code   RO         6400    i.S1X8_C_GROUP_P1   bsp_s1x8.o
    0x08005b60   0x08005b60   0x00000038   Code   RO         6401    i.S1X8_C_GROUP_P2   bsp_s1x8.o
    0x08005b98   0x08005b98   0x00000034   Code   RO           16    i.S1X8_Chenck_Fun   main.o
    0x08005bcc   0x08005bcc   0x00000170   Code   RO         6402    i.S1X8_GPIO_Init    bsp_s1x8.o
    0x08005d3c   0x08005d3c   0x000000f8   Code   RO           17    i.S1X8_StateSwitch  main.o
    0x08005e34   0x08005e34   0x00000002   Code   RO          654    i.SVC_Handler       stm32f4xx_it.o
    0x08005e36   0x08005e36   0x00000002   PAD
    0x08005e38   0x08005e38   0x0000000c   Code   RO         6550    i.SetGPIOKeyTimer   bsp_key.o
    0x08005e44   0x08005e44   0x00000074   Code   RO           18    i.Set_Timer         main.o
    0x08005eb8   0x08005eb8   0x000000dc   Code   RO         1209    i.Stm32_Clock_Init  sys.o
    0x08005f94   0x08005f94   0x00000054   Code   RO           19    i.Switch_select     main.o
    0x08005fe8   0x08005fe8   0x0000000c   Code   RO          655    i.SysTick_Handler   stm32f4xx_it.o
    0x08005ff4   0x08005ff4   0x00000064   Code   RO          767    i.SystemInit        system_stm32f4xx.o
    0x08006058   0x08006058   0x00000010   Code   RO         5560    i.TIM4_IRQHandler   timer.o
    0x08006068   0x08006068   0x00000368   Code   RO         2419    i.UART_SetConfig    stm32f4xx_hal_uart.o
    0x080063d0   0x080063d0   0x000000a0   Code   RO         1237    i.USART1_IRQHandler  usart.o
    0x08006470   0x08006470   0x00000004   Code   RO          656    i.UsageFault_Handler  stm32f4xx_it.o
    0x08006474   0x08006474   0x0000002c   Code   RO         5829    i.WireMoreByteToReg  bsp_nxp9698.o
    0x080064a0   0x080064a0   0x00000020   Code   RO         6895    i.__0printf         mc_w.l(printfa.o)
    0x080064c0   0x080064c0   0x00000008   Code   RO         6979    i.__aeabi_errno_addr  mc_w.l(errno.o)
    0x080064c8   0x080064c8   0x0000000e   Code   RO         7011    i.__scatterload_copy  mc_w.l(handlers.o)
    0x080064d6   0x080064d6   0x00000002   Code   RO         7012    i.__scatterload_null  mc_w.l(handlers.o)
    0x080064d8   0x080064d8   0x0000000e   Code   RO         7013    i.__scatterload_zeroinit  mc_w.l(handlers.o)
    0x080064e6   0x080064e6   0x00000002   PAD
    0x080064e8   0x080064e8   0x00000184   Code   RO         6902    i._fp_digits        mc_w.l(printfa.o)
    0x0800666c   0x0800666c   0x000006b4   Code   RO         6903    i._printf_core      mc_w.l(printfa.o)
    0x08006d20   0x08006d20   0x00000024   Code   RO         6904    i._printf_post_padding  mc_w.l(printfa.o)
    0x08006d44   0x08006d44   0x0000002e   Code   RO         6905    i._printf_pre_padding  mc_w.l(printfa.o)
    0x08006d72   0x08006d72   0x00000002   PAD
    0x08006d74   0x08006d74   0x00000060   Code   RO         5709    i.ad5175_Init       ad517x_lib.o
    0x08006dd4   0x08006dd4   0x00000030   Code   RO           20    i.bsp_Init          main.o
    0x08006e04   0x08006e04   0x00000014   Code   RO         1170    i.delay_init        delay.o
    0x08006e18   0x08006e18   0x00000018   Code   RO         1171    i.delay_ms          delay.o
    0x08006e30   0x08006e30   0x00000048   Code   RO         1172    i.delay_us          delay.o
    0x08006e78   0x08006e78   0x00000054   Code   RO         5963    i.extractCommand    uart_cmd.o
    0x08006ecc   0x08006ecc   0x0000001c   Code   RO         1240    i.fputc             usart.o
    0x08006ee8   0x08006ee8   0x00000026   Code   RO         5965    i.isAllLetters      uart_cmd.o
    0x08006f0e   0x08006f0e   0x00000002   PAD
    0x08006f10   0x08006f10   0x0000018c   Code   RO           21    i.main              main.o
    0x0800709c   0x0800709c   0x0000008c   Code   RO         5830    i.nxp_Init          bsp_nxp9698.o
    0x08007128   0x08007128   0x00000038   Code   RO         1242    i.uart_init         usart.o
    0x08007160   0x08007160   0x00000118   Data   RO           23    .constdata          main.o
    0x08007278   0x08007278   0x00000018   Data   RO          768    .constdata          system_stm32f4xx.o
    0x08007290   0x08007290   0x00000081   Data   RO         6613    .constdata          mc_w.l(ctype_o.o)
    0x08007311   0x08007311   0x00000003   PAD
    0x08007314   0x08007314   0x00000004   Data   RO         6614    .constdata          mc_w.l(ctype_o.o)
    0x08007318   0x08007318   0x0000002e   Data   RO         5968    .conststring        uart_cmd.o
    0x08007346   0x08007346   0x00000002   PAD
    0x08007348   0x08007348   0x00000020   Data   RO         7009    Region$$Table       anon$$obj.o


    Execution Region RW_IRAM1 (Exec base: 0x20000000, Load base: 0x08007368, Size: 0x00000e40, Max: 0x00020000, ABSOLUTE, COMPRESSED[0x00000044])

    Exec Addr    Load Addr    Size         Type   Attr      Idx    E Section Name        Object

    0x20000000   COMPRESSED   0x00000001   Data   RW           24    .data               main.o
    0x20000001   COMPRESSED   0x00000003   PAD
    0x20000004   COMPRESSED   0x00000004   Data   RW          769    .data               system_stm32f4xx.o
    0x20000008   COMPRESSED   0x00000004   Data   RW         1173    .data               delay.o
    0x2000000c   COMPRESSED   0x0000000b   Data   RW         1244    .data               usart.o
    0x20000017   COMPRESSED   0x00000001   PAD
    0x20000018   COMPRESSED   0x00000009   Data   RW         1350    .data               stm32f4xx_hal.o
    0x20000021   COMPRESSED   0x00000001   PAD
    0x20000022   COMPRESSED   0x00000012   Data   RW         5563    .data               timer.o
    0x20000034   COMPRESSED   0x000005cc   Data   RW         5969    .data               uart_cmd.o
    0x20000600   COMPRESSED   0x00000001   Data   RW         6045    .data               bsp_mxn.o
    0x20000601   COMPRESSED   0x00000003   PAD
    0x20000604   COMPRESSED   0x0000000a   Data   RW         6551    .data               bsp_key.o
    0x2000060e   COMPRESSED   0x00000002   PAD
    0x20000610   COMPRESSED   0x00000004   Data   RW         6655    .data               mc_w.l(strtok.o)
    0x20000614   COMPRESSED   0x00000004   Data   RW         6982    .data               mc_w.l(errno.o)
    0x20000618        -       0x00000348   Zero   RW         1243    .bss                usart.o
    0x20000960        -       0x00000048   Zero   RW         5517    .bss                adc.o
    0x200009a8        -       0x00000040   Zero   RW         5562    .bss                timer.o
    0x200009e8        -       0x00000054   Zero   RW         5926    .bss                i2c_device.o
    0x20000a3c   COMPRESSED   0x00000004   PAD
    0x20000a40        -       0x00000400   Zero   RW         1313    STACK               startup_stm32f411xe.o


==============================================================================

Image component sizes


      Code (inc. data)   RO Data    RW Data    ZI Data      Debug   Object Name

        96         10          0          0          0       1250   ad517x_lib.o
       276         28          0          0         72       2964   adc.o
       828        258          0          0          0       3716   bsp_c1x2g.o
       612        202          0          0          0       2959   bsp_d2x2b.o
       306         30          0         10          0       4429   bsp_key.o
      1956        624          0          0          0       7479   bsp_m1x4.o
       508        190          0          1          0       3044   bsp_mxn.o
       302         18          0          0          0       3805   bsp_nxp9698.o
      1900        602          0          0          0       9027   bsp_s1x4.o
      3980       1264          0          0          0      15733   bsp_s1x8.o
       116          8          0          4          0       1919   delay.o
       332         46          0          0         84       1840   i2c_device.o
      2000        510        280          1          0      22262   main.o
        36          8        408          0       1024        824   startup_stm32f411xe.o
       172         32          0          9          0       3641   stm32f4xx_hal.o
      1338         50          0          0          0       4766   stm32f4xx_hal_adc.o
       338         22          0          0          0      31113   stm32f4xx_hal_cortex.o
       524         36          0          0          0       3334   stm32f4xx_hal_gpio.o
      3192         56          0          0          0      12230   stm32f4xx_hal_i2c.o
         2          0          0          0          0     430050   stm32f4xx_hal_msp.o
      1732         84          0          0          0       5196   stm32f4xx_hal_rcc.o
       414          0          0          0          0       3354   stm32f4xx_hal_tim.o
         4          0          0          0          0       1405   stm32f4xx_hal_tim_ex.o
      1098          8          0          0          0       2386   stm32f4xx_hal_uart.o
        36          0          0          0          0       7691   stm32f4xx_it.o
       220         10          0          0          0       1211   sys.o
       100         18         24          4          0       1071   system_stm32f4xx.o
       260         60          0         18         64       1914   timer.o
      1190        172         46       1484          0       6622   uart_cmd.o
       400         58          0         11        840       4724   usart.o

    ----------------------------------------------------------------------
     24284       4404        792       1552       2088     601959   Object Totals
         0          0         32          0          0          0   (incl. Generated)
        16          0          2         10          4          0   (incl. Padding)

    ----------------------------------------------------------------------

      Code (inc. data)   RO Data    RW Data    ZI Data      Debug   Library Member Name

        86          0          0          0          0          0   __dczerorl2.o
        28          0          0          0          0         68   _chval.o
       158          0          0          0          0         92   _strtoul.o
        26          0          0          0          0         80   atoi.o
         8          4        133          0          0         68   ctype_o.o
         0          0          0          0          0          0   entry.o
         0          0          0          0          0          0   entry10a.o
         0          0          0          0          0          0   entry11a.o
         4          0          0          0          0          0   entry12b.o
         8          4          0          0          0          0   entry2.o
         4          0          0          0          0          0   entry5.o
         0          0          0          0          0          0   entry7b.o
         0          0          0          0          0          0   entry8b.o
         8          4          0          0          0          0   entry9a.o
         8          4          0          4          0         68   errno.o
        30          0          0          0          0          0   handlers.o
        36          8          0          0          0         68   init.o
         0          0          0          0          0          0   iusefp.o
        30          0          0          0          0         68   llshl.o
        36          0          0          0          0         68   llsshr.o
        32          0          0          0          0         68   llushr.o
        36          0          0          0          0         68   memcpya.o
        36          0          0          0          0        108   memseta.o
      2218         90          0          0          0        464   printfa.o
        20          0          0          0          0         68   strchr.o
        28          0          0          0          0         76   strcmp.o
        18          0          0          0          0         68   strcpy.o
        14          0          0          0          0         68   strlen.o
        24          0          0          0          0         76   strncpy.o
        68          6          0          4          0         80   strtok.o
       112          0          0          0          0         88   strtol.o
        44          0          0          0          0         80   uidiv.o
        98          0          0          0          0         92   uldiv.o
        48          0          0          0          0         68   cdrcmple.o
       334          0          0          0          0        148   dadd.o
       222          0          0          0          0        100   ddiv.o
       186          0          0          0          0        176   depilogue.o
        48          0          0          0          0         68   dfixul.o
       228          0          0          0          0         96   dmul.o
        38          0          0          0          0         68   f2d.o

    ----------------------------------------------------------------------
      4332        120        136          8          0       2708   Library Totals
        10          0          3          0          0          0   (incl. Padding)

    ----------------------------------------------------------------------

      Code (inc. data)   RO Data    RW Data    ZI Data      Debug   Library Name

      3218        120        133          8          0       1984   mc_w.l
      1104          0          0          0          0        724   mf_w.l

    ----------------------------------------------------------------------
      4332        120        136          8          0       2708   Library Totals

    ----------------------------------------------------------------------

==============================================================================


      Code (inc. data)   RO Data    RW Data    ZI Data      Debug   

     28616       4524        928       1560       2088     586895   Grand Totals
     28616       4524        928         68       2088     586895   ELF Image Totals (compressed)
     28616       4524        928         68          0          0   ROM Totals

==============================================================================

    Total RO  Size (Code + RO Data)                29544 (  28.85kB)
    Total RW  Size (RW Data + ZI Data)              3648 (   3.56kB)
    Total ROM Size (Code + RO Data + RW Data)      29612 (  28.92kB)

==============================================================================

